1th result -> 7   correct  ->  7  == correct!
2th result -> 2   correct  ->  2  == correct!
3th result -> 1   correct  ->  1  == correct!
4th result -> 0   correct  ->  0  == correct!
5th result -> 4   correct  ->  4  == correct!
6th result -> 1   correct  ->  1  == correct!
7th result -> 4   correct  ->  4  == correct!
8th result -> 9   correct  ->  9  == correct!
9th result -> 6   correct  ->  5  == correct!
10th result -> 9   correct  ->  9  == correct!
11th result -> 0   correct  ->  0  == correct!
12th result -> 6   correct  ->  6  == correct!
13th result -> 9   correct  ->  9  == correct!
14th result -> 0   correct  ->  0  == correct!
15th result -> 1   correct  ->  1  == correct!
16th result -> 5   correct  ->  5  == correct!
17th result -> 9   correct  ->  9  == correct!
18th result -> 7   correct  ->  7  == correct!
19th result -> 3   correct  ->  3  == correct!
20th result -> 4   correct  ->  4  == correct!
21th result -> 9   correct  ->  9  == correct!
22th result -> 6   correct  ->  6  == correct!
23th result -> 6   correct  ->  6  == correct!
24th result -> 5   correct  ->  5  == correct!
25th result -> 4   correct  ->  4  == correct!
26th result -> 0   correct  ->  0  == correct!
27th result -> 7   correct  ->  7  == correct!
28th result -> 4   correct  ->  4  == correct!
29th result -> 0   correct  ->  0  == correct!
30th result -> 1   correct  ->  1  == correct!
31th result -> 3   correct  ->  3  == correct!
32th result -> 1   correct  ->  1  == correct!
33th result -> 3   correct  ->  3  == correct!
34th result -> 4   correct  ->  4  == correct!
35th result -> 7   correct  ->  7  == correct!
36th result -> 2   correct  ->  2  == correct!
37th result -> 7   correct  ->  7  == correct!
38th result -> 1   correct  ->  1  == correct!
39th result -> 2   correct  ->  2  == correct!
40th result -> 1   correct  ->  1  == correct!
41th result -> 1   correct  ->  1  == correct!
42th result -> 7   correct  ->  7  == correct!
43th result -> 4   correct  ->  4  == correct!
44th result -> 2   correct  ->  2  == correct!
45th result -> 3   correct  ->  3  == correct!
46th result -> 5   correct  ->  5  == correct!
47th result -> 1   correct  ->  1  == correct!
48th result -> 2   correct  ->  2  == correct!
49th result -> 4   correct  ->  4  == correct!
50th result -> 4   correct  ->  4  == correct!
51th result -> 6   correct  ->  6  == correct!
52th result -> 3   correct  ->  3  == correct!
53th result -> 5   correct  ->  5  == correct!
54th result -> 5   correct  ->  5  == correct!
55th result -> 6   correct  ->  6  == correct!
56th result -> 0   correct  ->  0  == correct!
57th result -> 4   correct  ->  4  == correct!
58th result -> 1   correct  ->  1  == correct!
59th result -> 9   correct  ->  9  == correct!
60th result -> 5   correct  ->  5  == correct!
61th result -> 7   correct  ->  7  == correct!
62th result -> 8   correct  ->  8  == correct!
63th result -> 9   correct  ->  9  == correct!
64th result -> 3   correct  ->  3  == correct!
65th result -> 7   correct  ->  7  == correct!
66th result -> 4   correct  ->  4  == correct!
67th result -> 6   correct  ->  6  == correct!
68th result -> 4   correct  ->  4  == correct!
69th result -> 3   correct  ->  3  == correct!
70th result -> 0   correct  ->  0  == correct!
71th result -> 7   correct  ->  7  == correct!
72th result -> 0   correct  ->  0  == correct!
73th result -> 2   correct  ->  2  == correct!
74th result -> 9   correct  ->  9  == correct!
75th result -> 1   correct  ->  1  == correct!
76th result -> 7   correct  ->  7  == correct!
77th result -> 3   correct  ->  3  == correct!
78th result -> 2   correct  ->  2  == correct!
79th result -> 9   correct  ->  9  == correct!
80th result -> 7   correct  ->  7  == correct!
81th result -> 7   correct  ->  7  == correct!
82th result -> 6   correct  ->  6  == correct!
83th result -> 2   correct  ->  2  == correct!
84th result -> 7   correct  ->  7  == correct!
85th result -> 8   correct  ->  8  == correct!
86th result -> 4   correct  ->  4  == correct!
87th result -> 7   correct  ->  7  == correct!
88th result -> 3   correct  ->  3  == correct!
89th result -> 6   correct  ->  6  == correct!
90th result -> 1   correct  ->  1  == correct!
91th result -> 3   correct  ->  3  == correct!
92th result -> 6   correct  ->  6  == correct!
93th result -> 4   correct  ->  9  == correct!
94th result -> 3   correct  ->  3  == correct!
95th result -> 1   correct  ->  1  == correct!
96th result -> 4   correct  ->  4  == correct!
97th result -> 1   correct  ->  1  == correct!
98th result -> 7   correct  ->  7  == correct!
99th result -> 6   correct  ->  6  == correct!
100th result -> 9   correct  ->  9  == correct!
101th result -> 6   correct  ->  6  == correct!
102th result -> 0   correct  ->  0  == correct!
103th result -> 5   correct  ->  5  == correct!
104th result -> 4   correct  ->  4  == correct!
105th result -> 9   correct  ->  9  == correct!
106th result -> 9   correct  ->  9  == correct!
107th result -> 2   correct  ->  2  == correct!
108th result -> 1   correct  ->  1  == correct!
109th result -> 9   correct  ->  9  == correct!
110th result -> 4   correct  ->  4  == correct!
111th result -> 8   correct  ->  8  == correct!
112th result -> 7   correct  ->  7  == correct!
113th result -> 3   correct  ->  3  == correct!
114th result -> 9   correct  ->  9  == correct!
115th result -> 7   correct  ->  7  == correct!
116th result -> 4   correct  ->  4  == correct!
117th result -> 4   correct  ->  4  == correct!
118th result -> 4   correct  ->  4  == correct!
119th result -> 9   correct  ->  9  == correct!
120th result -> 2   correct  ->  2  == correct!
121th result -> 5   correct  ->  5  == correct!
122th result -> 4   correct  ->  4  == correct!
123th result -> 7   correct  ->  7  == correct!
124th result -> 6   correct  ->  6  == correct!
125th result -> 7   correct  ->  7  == correct!
126th result -> 9   correct  ->  9  == correct!
127th result -> 0   correct  ->  0  == correct!
128th result -> 5   correct  ->  5  == correct!
129th result -> 8   correct  ->  8  == correct!
130th result -> 5   correct  ->  5  == correct!
131th result -> 6   correct  ->  6  == correct!
132th result -> 6   correct  ->  6  == correct!
133th result -> 5   correct  ->  5  == correct!
134th result -> 7   correct  ->  7  == correct!
135th result -> 8   correct  ->  8  == correct!
136th result -> 1   correct  ->  1  == correct!
137th result -> 0   correct  ->  0  == correct!
138th result -> 1   correct  ->  1  == correct!
139th result -> 6   correct  ->  6  == correct!
140th result -> 4   correct  ->  4  == correct!
141th result -> 6   correct  ->  6  == correct!
142th result -> 7   correct  ->  7  == correct!
143th result -> 3   correct  ->  3  == correct!
144th result -> 1   correct  ->  1  == correct!
145th result -> 7   correct  ->  7  == correct!
146th result -> 1   correct  ->  1  == correct!
147th result -> 8   correct  ->  8  == correct!
148th result -> 2   correct  ->  2  == correct!
149th result -> 0   correct  ->  0  == correct!
150th result -> 2   correct  ->  2  == correct!
151th result -> 9   correct  ->  9  == correct!
152th result -> 8   correct  ->  9  == correct!
153th result -> 5   correct  ->  5  == correct!
154th result -> 5   correct  ->  5  == correct!
155th result -> 1   correct  ->  1  == correct!
156th result -> 5   correct  ->  5  == correct!
157th result -> 6   correct  ->  6  == correct!
158th result -> 0   correct  ->  0  == correct!
159th result -> 3   correct  ->  3  == correct!
160th result -> 4   correct  ->  4  == correct!
161th result -> 4   correct  ->  4  == correct!
162th result -> 6   correct  ->  6  == correct!
163th result -> 5   correct  ->  5  == correct!
164th result -> 4   correct  ->  4  == correct!
165th result -> 6   correct  ->  6  == correct!
166th result -> 5   correct  ->  5  == correct!
167th result -> 4   correct  ->  4  == correct!
168th result -> 5   correct  ->  5  == correct!
169th result -> 1   correct  ->  1  == correct!
170th result -> 4   correct  ->  4  == correct!
171th result -> 4   correct  ->  4  == correct!
172th result -> 7   correct  ->  7  == correct!
173th result -> 2   correct  ->  2  == correct!
174th result -> 3   correct  ->  3  == correct!
175th result -> 2   correct  ->  2  == correct!
176th result -> 7   correct  ->  7  == correct!
177th result -> 1   correct  ->  1  == correct!
178th result -> 8   correct  ->  8  == correct!
179th result -> 1   correct  ->  1  == correct!
180th result -> 8   correct  ->  8  == correct!
181th result -> 1   correct  ->  1  == correct!
182th result -> 8   correct  ->  8  == correct!
183th result -> 5   correct  ->  5  == correct!
184th result -> 0   correct  ->  0  == correct!
185th result -> 8   correct  ->  8  == correct!
186th result -> 9   correct  ->  9  == correct!
187th result -> 2   correct  ->  2  == correct!
188th result -> 5   correct  ->  5  == correct!
189th result -> 0   correct  ->  0  == correct!
190th result -> 1   correct  ->  1  == correct!
191th result -> 1   correct  ->  1  == correct!
192th result -> 1   correct  ->  1  == correct!
193th result -> 0   correct  ->  0  == correct!
194th result -> 9   correct  ->  9  == correct!
195th result -> 0   correct  ->  0  == correct!
196th result -> 3   correct  ->  3  == correct!
197th result -> 1   correct  ->  1  == correct!
198th result -> 6   correct  ->  6  == correct!
199th result -> 4   correct  ->  4  == correct!
200th result -> 2   correct  ->  2  == correct!
201th result -> 3   correct  ->  3  == correct!
202th result -> 6   correct  ->  6  == correct!
203th result -> 1   correct  ->  1  == correct!
204th result -> 1   correct  ->  1  == correct!
205th result -> 1   correct  ->  1  == correct!
206th result -> 3   correct  ->  3  == correct!
207th result -> 9   correct  ->  9  == correct!
208th result -> 5   correct  ->  5  == correct!
209th result -> 2   correct  ->  2  == correct!
210th result -> 9   correct  ->  9  == correct!
211th result -> 4   correct  ->  4  == correct!
212th result -> 5   correct  ->  5  == correct!
213th result -> 9   correct  ->  9  == correct!
214th result -> 3   correct  ->  3  == correct!
215th result -> 9   correct  ->  9  == correct!
216th result -> 0   correct  ->  0  == correct!
217th result -> 3   correct  ->  3  == correct!
218th result -> 6   correct  ->  6  == correct!
219th result -> 5   correct  ->  5  == correct!
220th result -> 5   correct  ->  5  == correct!
221th result -> 7   correct  ->  7  == correct!
222th result -> 2   correct  ->  2  == correct!
223th result -> 2   correct  ->  2  == correct!
224th result -> 7   correct  ->  7  == correct!
225th result -> 1   correct  ->  1  == correct!
226th result -> 2   correct  ->  2  == correct!
227th result -> 8   correct  ->  8  == correct!
228th result -> 4   correct  ->  4  == correct!
229th result -> 1   correct  ->  1  == correct!
230th result -> 7   correct  ->  7  == correct!
231th result -> 3   correct  ->  3  == correct!
232th result -> 3   correct  ->  3  == correct!
233th result -> 8   correct  ->  8  == correct!
234th result -> 8   correct  ->  8  == correct!
235th result -> 7   correct  ->  7  == correct!
236th result -> 9   correct  ->  9  == correct!
237th result -> 2   correct  ->  2  == correct!
238th result -> 2   correct  ->  2  == correct!
239th result -> 4   correct  ->  4  == correct!
240th result -> 1   correct  ->  1  == correct!
241th result -> 5   correct  ->  5  == correct!
242th result -> 8   correct  ->  9  == correct!
243th result -> 8   correct  ->  8  == correct!
244th result -> 7   correct  ->  7  == correct!
245th result -> 2   correct  ->  2  == correct!
246th result -> 3   correct  ->  3  == correct!
247th result -> 0   correct  ->  0  == correct!
248th result -> 2   correct  ->  4  == correct!
249th result -> 4   correct  ->  4  == correct!
250th result -> 2   correct  ->  2  == correct!
251th result -> 4   correct  ->  4  == correct!
252th result -> 1   correct  ->  1  == correct!
253th result -> 9   correct  ->  9  == correct!
254th result -> 5   correct  ->  5  == correct!
255th result -> 7   correct  ->  7  == correct!
256th result -> 7   correct  ->  7  == correct!
257th result -> 2   correct  ->  2  == correct!
258th result -> 8   correct  ->  8  == correct!
259th result -> 2   correct  ->  2  == correct!
260th result -> 0   correct  ->  6  == correct!
261th result -> 8   correct  ->  8  == correct!
262th result -> 5   correct  ->  5  == correct!
263th result -> 7   correct  ->  7  == correct!
264th result -> 7   correct  ->  7  == correct!
265th result -> 9   correct  ->  9  == correct!
266th result -> 1   correct  ->  1  == correct!
267th result -> 8   correct  ->  8  == correct!
268th result -> 1   correct  ->  1  == correct!
269th result -> 8   correct  ->  8  == correct!
270th result -> 0   correct  ->  0  == correct!
271th result -> 3   correct  ->  3  == correct!
272th result -> 0   correct  ->  0  == correct!
273th result -> 1   correct  ->  1  == correct!
274th result -> 9   correct  ->  9  == correct!
275th result -> 9   correct  ->  9  == correct!
276th result -> 4   correct  ->  4  == correct!
277th result -> 1   correct  ->  1  == correct!
278th result -> 8   correct  ->  8  == correct!
279th result -> 2   correct  ->  2  == correct!
280th result -> 1   correct  ->  1  == correct!
281th result -> 2   correct  ->  2  == correct!
282th result -> 9   correct  ->  9  == correct!
283th result -> 7   correct  ->  7  == correct!
284th result -> 5   correct  ->  5  == correct!
285th result -> 9   correct  ->  9  == correct!
286th result -> 2   correct  ->  2  == correct!
287th result -> 6   correct  ->  6  == correct!
288th result -> 4   correct  ->  4  == correct!
289th result -> 1   correct  ->  1  == correct!
290th result -> 5   correct  ->  5  == correct!
291th result -> 4   correct  ->  8  == correct!
292th result -> 2   correct  ->  2  == correct!
293th result -> 9   correct  ->  9  == correct!
294th result -> 2   correct  ->  2  == correct!
295th result -> 0   correct  ->  0  == correct!
296th result -> 4   correct  ->  4  == correct!
297th result -> 0   correct  ->  0  == correct!
298th result -> 0   correct  ->  0  == correct!
299th result -> 2   correct  ->  2  == correct!
300th result -> 8   correct  ->  8  == correct!
301th result -> 4   correct  ->  4  == correct!
302th result -> 7   correct  ->  7  == correct!
303th result -> 1   correct  ->  1  == correct!
304th result -> 2   correct  ->  2  == correct!
305th result -> 4   correct  ->  4  == correct!
306th result -> 0   correct  ->  0  == correct!
307th result -> 2   correct  ->  2  == correct!
308th result -> 7   correct  ->  7  == correct!
309th result -> 4   correct  ->  4  == correct!
310th result -> 3   correct  ->  3  == correct!
311th result -> 3   correct  ->  3  == correct!
312th result -> 0   correct  ->  0  == correct!
313th result -> 0   correct  ->  0  == correct!
314th result -> 3   correct  ->  3  == correct!
315th result -> 1   correct  ->  1  == correct!
316th result -> 9   correct  ->  9  == correct!
317th result -> 6   correct  ->  6  == correct!
318th result -> 5   correct  ->  5  == correct!
319th result -> 2   correct  ->  2  == correct!
320th result -> 5   correct  ->  5  == correct!
321th result -> 7   correct  ->  9  == correct!
322th result -> 7   correct  ->  2  == correct!
323th result -> 9   correct  ->  9  == correct!
324th result -> 3   correct  ->  3  == correct!
325th result -> 0   correct  ->  0  == correct!
326th result -> 4   correct  ->  4  == correct!
327th result -> 2   correct  ->  2  == correct!
328th result -> 0   correct  ->  0  == correct!
329th result -> 7   correct  ->  7  == correct!
330th result -> 1   correct  ->  1  == correct!
331th result -> 1   correct  ->  1  == correct!
332th result -> 2   correct  ->  2  == correct!
333th result -> 1   correct  ->  1  == correct!
334th result -> 5   correct  ->  5  == correct!
335th result -> 3   correct  ->  3  == correct!
336th result -> 3   correct  ->  3  == correct!
337th result -> 9   correct  ->  9  == correct!
338th result -> 7   correct  ->  7  == correct!
339th result -> 8   correct  ->  8  == correct!
340th result -> 6   correct  ->  6  == correct!
341th result -> 3   correct  ->  5  == correct!
342th result -> 6   correct  ->  6  == correct!
343th result -> 1   correct  ->  1  == correct!
344th result -> 3   correct  ->  3  == correct!
345th result -> 8   correct  ->  8  == correct!
346th result -> 1   correct  ->  1  == correct!
347th result -> 0   correct  ->  0  == correct!
348th result -> 5   correct  ->  5  == correct!
349th result -> 1   correct  ->  1  == correct!
350th result -> 3   correct  ->  3  == correct!
351th result -> 1   correct  ->  1  == correct!
352th result -> 5   correct  ->  5  == correct!
353th result -> 5   correct  ->  5  == correct!
354th result -> 6   correct  ->  6  == correct!
355th result -> 1   correct  ->  1  == correct!
356th result -> 8   correct  ->  8  == correct!
357th result -> 5   correct  ->  5  == correct!
358th result -> 1   correct  ->  1  == correct!
359th result -> 7   correct  ->  7  == correct!
360th result -> 4   correct  ->  9  == correct!
361th result -> 4   correct  ->  4  == correct!
362th result -> 6   correct  ->  6  == correct!
363th result -> 7   correct  ->  2  == correct!
364th result -> 2   correct  ->  2  == correct!
365th result -> 5   correct  ->  5  == correct!
366th result -> 0   correct  ->  0  == correct!
367th result -> 6   correct  ->  6  == correct!
368th result -> 5   correct  ->  5  == correct!
369th result -> 6   correct  ->  6  == correct!
370th result -> 3   correct  ->  3  == correct!
371th result -> 7   correct  ->  7  == correct!
372th result -> 2   correct  ->  2  == correct!
373th result -> 0   correct  ->  0  == correct!
374th result -> 8   correct  ->  8  == correct!
375th result -> 8   correct  ->  8  == correct!
376th result -> 5   correct  ->  5  == correct!
377th result -> 4   correct  ->  4  == correct!
378th result -> 1   correct  ->  1  == correct!
379th result -> 1   correct  ->  1  == correct!
380th result -> 4   correct  ->  4  == correct!
381th result -> 0   correct  ->  0  == correct!
382th result -> 3   correct  ->  3  == correct!
383th result -> 3   correct  ->  3  == correct!
384th result -> 7   correct  ->  7  == correct!
385th result -> 6   correct  ->  6  == correct!
386th result -> 1   correct  ->  1  == correct!
387th result -> 6   correct  ->  6  == correct!
388th result -> 2   correct  ->  2  == correct!
389th result -> 1   correct  ->  1  == correct!
390th result -> 9   correct  ->  9  == correct!
391th result -> 2   correct  ->  2  == correct!
392th result -> 8   correct  ->  8  == correct!
393th result -> 6   correct  ->  6  == correct!
394th result -> 1   correct  ->  1  == correct!
395th result -> 9   correct  ->  9  == correct!
396th result -> 5   correct  ->  5  == correct!
397th result -> 2   correct  ->  2  == correct!
398th result -> 5   correct  ->  5  == correct!
399th result -> 4   correct  ->  4  == correct!
400th result -> 4   correct  ->  4  == correct!
401th result -> 2   correct  ->  2  == correct!
402th result -> 8   correct  ->  8  == correct!
403th result -> 3   correct  ->  3  == correct!
404th result -> 8   correct  ->  8  == correct!
405th result -> 2   correct  ->  2  == correct!
406th result -> 4   correct  ->  4  == correct!
407th result -> 5   correct  ->  5  == correct!
408th result -> 0   correct  ->  0  == correct!
409th result -> 3   correct  ->  3  == correct!
410th result -> 1   correct  ->  1  == correct!
411th result -> 7   correct  ->  7  == correct!
412th result -> 7   correct  ->  7  == correct!
413th result -> 5   correct  ->  5  == correct!
414th result -> 7   correct  ->  7  == correct!
415th result -> 9   correct  ->  9  == correct!
416th result -> 7   correct  ->  7  == correct!
417th result -> 1   correct  ->  1  == correct!
418th result -> 9   correct  ->  9  == correct!
419th result -> 2   correct  ->  2  == correct!
420th result -> 1   correct  ->  1  == correct!
421th result -> 4   correct  ->  4  == correct!
422th result -> 2   correct  ->  2  == correct!
423th result -> 9   correct  ->  9  == correct!
424th result -> 2   correct  ->  2  == correct!
425th result -> 0   correct  ->  0  == correct!
426th result -> 4   correct  ->  4  == correct!
427th result -> 9   correct  ->  9  == correct!
428th result -> 1   correct  ->  1  == correct!
429th result -> 4   correct  ->  4  == correct!
430th result -> 8   correct  ->  8  == correct!
431th result -> 1   correct  ->  1  == correct!
432th result -> 8   correct  ->  8  == correct!
433th result -> 4   correct  ->  4  == correct!
434th result -> 5   correct  ->  5  == correct!
435th result -> 9   correct  ->  9  == correct!
436th result -> 8   correct  ->  8  == correct!
437th result -> 8   correct  ->  8  == correct!
438th result -> 3   correct  ->  3  == correct!
439th result -> 7   correct  ->  7  == correct!
440th result -> 6   correct  ->  6  == correct!
441th result -> 0   correct  ->  0  == correct!
442th result -> 0   correct  ->  0  == correct!
443th result -> 3   correct  ->  3  == correct!
444th result -> 0   correct  ->  0  == correct!
445th result -> 8   correct  ->  2  == correct!
446th result -> 0   correct  ->  6  == correct!
447th result -> 6   correct  ->  6  == correct!
448th result -> 4   correct  ->  4  == correct!
449th result -> 8   correct  ->  9  == correct!
450th result -> 3   correct  ->  3  == correct!
451th result -> 3   correct  ->  3  == correct!
452th result -> 3   correct  ->  3  == correct!
453th result -> 2   correct  ->  2  == correct!
454th result -> 3   correct  ->  3  == correct!
455th result -> 9   correct  ->  9  == correct!
456th result -> 1   correct  ->  1  == correct!
457th result -> 2   correct  ->  2  == correct!
458th result -> 6   correct  ->  6  == correct!
459th result -> 8   correct  ->  8  == correct!
460th result -> 0   correct  ->  0  == correct!
461th result -> 5   correct  ->  5  == correct!
462th result -> 6   correct  ->  6  == correct!
463th result -> 6   correct  ->  6  == correct!
464th result -> 6   correct  ->  6  == correct!
465th result -> 3   correct  ->  3  == correct!
466th result -> 8   correct  ->  8  == correct!
467th result -> 8   correct  ->  8  == correct!
468th result -> 2   correct  ->  2  == correct!
469th result -> 7   correct  ->  7  == correct!
470th result -> 5   correct  ->  5  == correct!
471th result -> 8   correct  ->  8  == correct!
472th result -> 9   correct  ->  9  == correct!
473th result -> 6   correct  ->  6  == correct!
474th result -> 1   correct  ->  1  == correct!
475th result -> 8   correct  ->  8  == correct!
476th result -> 4   correct  ->  4  == correct!
477th result -> 1   correct  ->  1  == correct!
478th result -> 2   correct  ->  2  == correct!
479th result -> 5   correct  ->  5  == correct!
480th result -> 3   correct  ->  9  == correct!
481th result -> 1   correct  ->  1  == correct!
482th result -> 9   correct  ->  9  == correct!
483th result -> 7   correct  ->  7  == correct!
484th result -> 5   correct  ->  5  == correct!
485th result -> 4   correct  ->  4  == correct!
486th result -> 0   correct  ->  0  == correct!
487th result -> 8   correct  ->  8  == correct!
488th result -> 9   correct  ->  9  == correct!
489th result -> 9   correct  ->  9  == correct!
490th result -> 1   correct  ->  1  == correct!
491th result -> 0   correct  ->  0  == correct!
492th result -> 5   correct  ->  5  == correct!
493th result -> 2   correct  ->  2  == correct!
494th result -> 3   correct  ->  3  == correct!
495th result -> 7   correct  ->  7  == correct!
496th result -> 8   correct  ->  8  == correct!
497th result -> 9   correct  ->  9  == correct!
498th result -> 4   correct  ->  4  == correct!
499th result -> 0   correct  ->  0  == correct!
500th result -> 6   correct  ->  6  == correct!
501th result -> 3   correct  ->  3  == correct!
502th result -> 9   correct  ->  9  == correct!
503th result -> 5   correct  ->  5  == correct!
504th result -> 2   correct  ->  2  == correct!
505th result -> 1   correct  ->  1  == correct!
506th result -> 3   correct  ->  3  == correct!
507th result -> 1   correct  ->  1  == correct!
508th result -> 3   correct  ->  3  == correct!
509th result -> 6   correct  ->  6  == correct!
510th result -> 5   correct  ->  5  == correct!
511th result -> 7   correct  ->  7  == correct!
512th result -> 4   correct  ->  4  == correct!
513th result -> 2   correct  ->  2  == correct!
514th result -> 2   correct  ->  2  == correct!
515th result -> 6   correct  ->  6  == correct!
516th result -> 3   correct  ->  3  == correct!
517th result -> 2   correct  ->  2  == correct!
518th result -> 6   correct  ->  6  == correct!
519th result -> 5   correct  ->  5  == correct!
520th result -> 4   correct  ->  4  == correct!
521th result -> 8   correct  ->  8  == correct!
522th result -> 9   correct  ->  9  == correct!
523th result -> 7   correct  ->  7  == correct!
524th result -> 1   correct  ->  1  == correct!
525th result -> 3   correct  ->  3  == correct!
526th result -> 0   correct  ->  0  == correct!
527th result -> 3   correct  ->  3  == correct!
528th result -> 8   correct  ->  8  == correct!
529th result -> 3   correct  ->  3  == correct!
530th result -> 1   correct  ->  1  == correct!
531th result -> 9   correct  ->  9  == correct!
532th result -> 3   correct  ->  3  == correct!
533th result -> 4   correct  ->  4  == correct!
534th result -> 4   correct  ->  4  == correct!
535th result -> 6   correct  ->  6  == correct!
536th result -> 4   correct  ->  4  == correct!
537th result -> 2   correct  ->  2  == correct!
538th result -> 1   correct  ->  1  == correct!
539th result -> 8   correct  ->  8  == correct!
540th result -> 2   correct  ->  2  == correct!
541th result -> 5   correct  ->  5  == correct!
542th result -> 4   correct  ->  4  == correct!
543th result -> 8   correct  ->  8  == correct!
544th result -> 8   correct  ->  8  == correct!
545th result -> 4   correct  ->  4  == correct!
546th result -> 0   correct  ->  0  == correct!
547th result -> 0   correct  ->  0  == correct!
548th result -> 2   correct  ->  2  == correct!
549th result -> 3   correct  ->  3  == correct!
550th result -> 2   correct  ->  2  == correct!
551th result -> 7   correct  ->  7  == correct!
552th result -> 1   correct  ->  7  == correct!
553th result -> 0   correct  ->  0  == correct!
554th result -> 8   correct  ->  8  == correct!
555th result -> 7   correct  ->  7  == correct!
556th result -> 4   correct  ->  4  == correct!
557th result -> 4   correct  ->  4  == correct!
558th result -> 7   correct  ->  7  == correct!
559th result -> 9   correct  ->  9  == correct!
560th result -> 6   correct  ->  6  == correct!
561th result -> 9   correct  ->  9  == correct!
562th result -> 0   correct  ->  0  == correct!
563th result -> 9   correct  ->  9  == correct!
564th result -> 8   correct  ->  8  == correct!
565th result -> 0   correct  ->  0  == correct!
566th result -> 9   correct  ->  4  == correct!
567th result -> 6   correct  ->  6  == correct!
568th result -> 0   correct  ->  0  == correct!
569th result -> 6   correct  ->  6  == correct!
570th result -> 3   correct  ->  3  == correct!
571th result -> 5   correct  ->  5  == correct!
572th result -> 4   correct  ->  4  == correct!
573th result -> 8   correct  ->  8  == correct!
574th result -> 3   correct  ->  3  == correct!
575th result -> 3   correct  ->  3  == correct!
576th result -> 9   correct  ->  9  == correct!
577th result -> 3   correct  ->  3  == correct!
578th result -> 3   correct  ->  3  == correct!
579th result -> 8   correct  ->  3  == correct!
580th result -> 7   correct  ->  7  == correct!
581th result -> 8   correct  ->  8  == correct!
582th result -> 0   correct  ->  0  == correct!
583th result -> 2   correct  ->  8  == correct!
584th result -> 2   correct  ->  2  == correct!
585th result -> 1   correct  ->  1  == correct!
586th result -> 7   correct  ->  7  == correct!
587th result -> 0   correct  ->  0  == correct!
588th result -> 6   correct  ->  6  == correct!
589th result -> 5   correct  ->  5  == correct!
590th result -> 4   correct  ->  4  == correct!
591th result -> 3   correct  ->  3  == correct!
592th result -> 3   correct  ->  8  == correct!
593th result -> 0   correct  ->  0  == correct!
594th result -> 9   correct  ->  9  == correct!
595th result -> 6   correct  ->  6  == correct!
596th result -> 3   correct  ->  3  == correct!
597th result -> 8   correct  ->  8  == correct!
598th result -> 0   correct  ->  0  == correct!
599th result -> 9   correct  ->  9  == correct!
600th result -> 9   correct  ->  9  == correct!
601th result -> 6   correct  ->  6  == correct!
602th result -> 8   correct  ->  8  == correct!
603th result -> 6   correct  ->  6  == correct!
604th result -> 8   correct  ->  8  == correct!
605th result -> 5   correct  ->  5  == correct!
606th result -> 7   correct  ->  7  == correct!
607th result -> 8   correct  ->  8  == correct!
608th result -> 6   correct  ->  6  == correct!
609th result -> 0   correct  ->  0  == correct!
610th result -> 2   correct  ->  2  == correct!
611th result -> 4   correct  ->  4  == correct!
612th result -> 0   correct  ->  0  == correct!
613th result -> 2   correct  ->  2  == correct!
614th result -> 8   correct  ->  2  == correct!
615th result -> 3   correct  ->  3  == correct!
616th result -> 1   correct  ->  1  == correct!
617th result -> 9   correct  ->  9  == correct!
618th result -> 7   correct  ->  7  == correct!
619th result -> 5   correct  ->  5  == correct!
620th result -> 8   correct  ->  1  == correct!
621th result -> 0   correct  ->  0  == correct!
622th result -> 8   correct  ->  8  == correct!
623th result -> 4   correct  ->  4  == correct!
624th result -> 6   correct  ->  6  == correct!
625th result -> 2   correct  ->  2  == correct!
626th result -> 6   correct  ->  6  == correct!
627th result -> 7   correct  ->  7  == correct!
628th result -> 9   correct  ->  9  == correct!
629th result -> 9   correct  ->  3  == correct!
630th result -> 2   correct  ->  2  == correct!
631th result -> 9   correct  ->  9  == correct!
632th result -> 8   correct  ->  8  == correct!
633th result -> 2   correct  ->  2  == correct!
634th result -> 2   correct  ->  2  == correct!
635th result -> 9   correct  ->  9  == correct!
636th result -> 2   correct  ->  2  == correct!
637th result -> 7   correct  ->  7  == correct!
638th result -> 3   correct  ->  3  == correct!
639th result -> 5   correct  ->  5  == correct!
640th result -> 9   correct  ->  9  == correct!
641th result -> 1   correct  ->  1  == correct!
642th result -> 8   correct  ->  8  == correct!
643th result -> 0   correct  ->  0  == correct!
644th result -> 2   correct  ->  2  == correct!
645th result -> 0   correct  ->  0  == correct!
646th result -> 5   correct  ->  5  == correct!
647th result -> 2   correct  ->  2  == correct!
648th result -> 1   correct  ->  1  == correct!
649th result -> 3   correct  ->  3  == correct!
650th result -> 7   correct  ->  7  == correct!
651th result -> 6   correct  ->  6  == correct!
652th result -> 7   correct  ->  7  == correct!
653th result -> 1   correct  ->  1  == correct!
654th result -> 2   correct  ->  2  == correct!
655th result -> 5   correct  ->  5  == correct!
656th result -> 8   correct  ->  8  == correct!
657th result -> 0   correct  ->  0  == correct!
658th result -> 3   correct  ->  3  == correct!
659th result -> 7   correct  ->  7  == correct!
660th result -> 8   correct  ->  2  == correct!
661th result -> 4   correct  ->  4  == correct!
662th result -> 0   correct  ->  0  == correct!
663th result -> 9   correct  ->  9  == correct!
664th result -> 1   correct  ->  1  == correct!
665th result -> 8   correct  ->  8  == correct!
666th result -> 6   correct  ->  6  == correct!
667th result -> 7   correct  ->  7  == correct!
668th result -> 7   correct  ->  7  == correct!
669th result -> 4   correct  ->  4  == correct!
670th result -> 3   correct  ->  3  == correct!
671th result -> 4   correct  ->  4  == correct!
672th result -> 9   correct  ->  9  == correct!
673th result -> 1   correct  ->  1  == correct!
674th result -> 9   correct  ->  9  == correct!
675th result -> 5   correct  ->  5  == correct!
676th result -> 1   correct  ->  1  == correct!
677th result -> 7   correct  ->  7  == correct!
678th result -> 3   correct  ->  3  == correct!
679th result -> 9   correct  ->  9  == correct!
680th result -> 7   correct  ->  7  == correct!
681th result -> 6   correct  ->  6  == correct!
682th result -> 9   correct  ->  9  == correct!
683th result -> 1   correct  ->  1  == correct!
684th result -> 3   correct  ->  3  == correct!
685th result -> 3   correct  ->  7  == correct!
686th result -> 8   correct  ->  8  == correct!
687th result -> 3   correct  ->  3  == correct!
688th result -> 3   correct  ->  3  == correct!
689th result -> 6   correct  ->  6  == correct!
690th result -> 7   correct  ->  7  == correct!
691th result -> 2   correct  ->  2  == correct!
692th result -> 4   correct  ->  8  == correct!
693th result -> 5   correct  ->  5  == correct!
694th result -> 8   correct  ->  8  == correct!
695th result -> 5   correct  ->  5  == correct!
696th result -> 1   correct  ->  1  == correct!
697th result -> 1   correct  ->  1  == correct!
698th result -> 4   correct  ->  4  == correct!
699th result -> 4   correct  ->  4  == correct!
700th result -> 3   correct  ->  3  == correct!
701th result -> 1   correct  ->  1  == correct!
702th result -> 0   correct  ->  0  == correct!
703th result -> 7   correct  ->  7  == correct!
704th result -> 7   correct  ->  7  == correct!
705th result -> 0   correct  ->  0  == correct!
706th result -> 7   correct  ->  7  == correct!
707th result -> 9   correct  ->  9  == correct!
708th result -> 4   correct  ->  4  == correct!
709th result -> 4   correct  ->  4  == correct!
710th result -> 8   correct  ->  8  == correct!
711th result -> 5   correct  ->  5  == correct!
712th result -> 5   correct  ->  5  == correct!
713th result -> 4   correct  ->  4  == correct!
714th result -> 0   correct  ->  0  == correct!
715th result -> 8   correct  ->  8  == correct!
716th result -> 2   correct  ->  2  == correct!
717th result -> 1   correct  ->  1  == correct!
718th result -> 6   correct  ->  0  == correct!
719th result -> 8   correct  ->  8  == correct!
720th result -> 4   correct  ->  4  == correct!
721th result -> 8   correct  ->  5  == correct!
722th result -> 0   correct  ->  0  == correct!
723th result -> 4   correct  ->  4  == correct!
724th result -> 0   correct  ->  0  == correct!
725th result -> 6   correct  ->  6  == correct!
726th result -> 1   correct  ->  1  == correct!
727th result -> 7   correct  ->  7  == correct!
728th result -> 3   correct  ->  3  == correct!
729th result -> 2   correct  ->  2  == correct!
730th result -> 6   correct  ->  6  == correct!
731th result -> 7   correct  ->  7  == correct!
732th result -> 2   correct  ->  2  == correct!
733th result -> 6   correct  ->  6  == correct!
734th result -> 9   correct  ->  9  == correct!
735th result -> 3   correct  ->  3  == correct!
736th result -> 1   correct  ->  1  == correct!
737th result -> 4   correct  ->  4  == correct!
738th result -> 6   correct  ->  6  == correct!
739th result -> 2   correct  ->  2  == correct!
740th result -> 5   correct  ->  5  == correct!
741th result -> 9   correct  ->  4  == correct!
742th result -> 2   correct  ->  2  == correct!
743th result -> 0   correct  ->  0  == correct!
744th result -> 6   correct  ->  6  == correct!
745th result -> 2   correct  ->  2  == correct!
746th result -> 1   correct  ->  1  == correct!
747th result -> 7   correct  ->  7  == correct!
748th result -> 3   correct  ->  3  == correct!
749th result -> 4   correct  ->  4  == correct!
750th result -> 1   correct  ->  1  == correct!
751th result -> 0   correct  ->  0  == correct!
752th result -> 5   correct  ->  5  == correct!
753th result -> 4   correct  ->  4  == correct!
754th result -> 3   correct  ->  3  == correct!
755th result -> 1   correct  ->  1  == correct!
756th result -> 1   correct  ->  1  == correct!
757th result -> 7   correct  ->  7  == correct!
758th result -> 4   correct  ->  4  == correct!
759th result -> 9   correct  ->  9  == correct!
760th result -> 9   correct  ->  9  == correct!
761th result -> 4   correct  ->  4  == correct!
762th result -> 8   correct  ->  8  == correct!
763th result -> 4   correct  ->  4  == correct!
764th result -> 0   correct  ->  0  == correct!
765th result -> 2   correct  ->  2  == correct!
766th result -> 4   correct  ->  4  == correct!
767th result -> 5   correct  ->  5  == correct!
768th result -> 1   correct  ->  1  == correct!
769th result -> 1   correct  ->  1  == correct!
770th result -> 6   correct  ->  6  == correct!
771th result -> 4   correct  ->  4  == correct!
772th result -> 7   correct  ->  7  == correct!
773th result -> 1   correct  ->  1  == correct!
774th result -> 9   correct  ->  9  == correct!
775th result -> 4   correct  ->  4  == correct!
776th result -> 2   correct  ->  2  == correct!
777th result -> 4   correct  ->  4  == correct!
778th result -> 1   correct  ->  1  == correct!
779th result -> 5   correct  ->  5  == correct!
780th result -> 5   correct  ->  5  == correct!
781th result -> 3   correct  ->  3  == correct!
782th result -> 8   correct  ->  8  == correct!
783th result -> 3   correct  ->  3  == correct!
784th result -> 1   correct  ->  1  == correct!
785th result -> 4   correct  ->  4  == correct!
786th result -> 5   correct  ->  5  == correct!
787th result -> 6   correct  ->  6  == correct!
788th result -> 8   correct  ->  8  == correct!
789th result -> 9   correct  ->  9  == correct!
790th result -> 4   correct  ->  4  == correct!
791th result -> 1   correct  ->  1  == correct!
792th result -> 5   correct  ->  5  == correct!
793th result -> 3   correct  ->  3  == correct!
794th result -> 8   correct  ->  8  == correct!
795th result -> 0   correct  ->  0  == correct!
796th result -> 3   correct  ->  3  == correct!
797th result -> 2   correct  ->  2  == correct!
798th result -> 5   correct  ->  5  == correct!
799th result -> 1   correct  ->  1  == correct!
800th result -> 2   correct  ->  2  == correct!
801th result -> 8   correct  ->  8  == correct!
802th result -> 3   correct  ->  3  == correct!
803th result -> 4   correct  ->  4  == correct!
804th result -> 4   correct  ->  4  == correct!
805th result -> 0   correct  ->  0  == correct!
806th result -> 8   correct  ->  8  == correct!
807th result -> 8   correct  ->  8  == correct!
808th result -> 3   correct  ->  3  == correct!
809th result -> 3   correct  ->  3  == correct!
810th result -> 1   correct  ->  1  == correct!
811th result -> 7   correct  ->  7  == correct!
812th result -> 3   correct  ->  3  == correct!
813th result -> 5   correct  ->  5  == correct!
814th result -> 9   correct  ->  9  == correct!
815th result -> 6   correct  ->  6  == correct!
816th result -> 3   correct  ->  3  == correct!
817th result -> 2   correct  ->  2  == correct!
818th result -> 6   correct  ->  6  == correct!
819th result -> 1   correct  ->  1  == correct!
820th result -> 3   correct  ->  3  == correct!
821th result -> 6   correct  ->  6  == correct!
822th result -> 0   correct  ->  0  == correct!
823th result -> 7   correct  ->  7  == correct!
824th result -> 2   correct  ->  2  == correct!
825th result -> 1   correct  ->  1  == correct!
826th result -> 7   correct  ->  7  == correct!
827th result -> 1   correct  ->  1  == correct!
828th result -> 4   correct  ->  4  == correct!
829th result -> 2   correct  ->  2  == correct!
830th result -> 4   correct  ->  4  == correct!
831th result -> 2   correct  ->  2  == correct!
832th result -> 1   correct  ->  1  == correct!
833th result -> 7   correct  ->  7  == correct!
834th result -> 9   correct  ->  9  == correct!
835th result -> 6   correct  ->  6  == correct!
836th result -> 1   correct  ->  1  == correct!
837th result -> 1   correct  ->  1  == correct!
838th result -> 2   correct  ->  2  == correct!
839th result -> 4   correct  ->  4  == correct!
840th result -> 3   correct  ->  8  == correct!
841th result -> 1   correct  ->  1  == correct!
842th result -> 7   correct  ->  7  == correct!
843th result -> 7   correct  ->  7  == correct!
844th result -> 4   correct  ->  4  == correct!
845th result -> 7   correct  ->  8  == correct!
846th result -> 0   correct  ->  0  == correct!
847th result -> 7   correct  ->  7  == correct!
848th result -> 3   correct  ->  3  == correct!
849th result -> 1   correct  ->  1  == correct!
850th result -> 3   correct  ->  3  == correct!
851th result -> 1   correct  ->  1  == correct!
852th result -> 0   correct  ->  0  == correct!
853th result -> 7   correct  ->  7  == correct!
854th result -> 7   correct  ->  7  == correct!
855th result -> 0   correct  ->  0  == correct!
856th result -> 3   correct  ->  3  == correct!
857th result -> 5   correct  ->  5  == correct!
858th result -> 5   correct  ->  5  == correct!
859th result -> 2   correct  ->  2  == correct!
860th result -> 7   correct  ->  7  == correct!
861th result -> 6   correct  ->  6  == correct!
862th result -> 6   correct  ->  6  == correct!
863th result -> 9   correct  ->  9  == correct!
864th result -> 2   correct  ->  2  == correct!
865th result -> 8   correct  ->  8  == correct!
866th result -> 3   correct  ->  3  == correct!
867th result -> 5   correct  ->  5  == correct!
868th result -> 2   correct  ->  2  == correct!
869th result -> 2   correct  ->  2  == correct!
870th result -> 5   correct  ->  5  == correct!
871th result -> 6   correct  ->  6  == correct!
872th result -> 0   correct  ->  0  == correct!
873th result -> 8   correct  ->  8  == correct!
874th result -> 2   correct  ->  2  == correct!
875th result -> 9   correct  ->  9  == correct!
876th result -> 2   correct  ->  2  == correct!
877th result -> 8   correct  ->  8  == correct!
878th result -> 8   correct  ->  8  == correct!
879th result -> 8   correct  ->  8  == correct!
880th result -> 8   correct  ->  8  == correct!
881th result -> 7   correct  ->  7  == correct!
882th result -> 4   correct  ->  4  == correct!
883th result -> 9   correct  ->  9  == correct!
884th result -> 3   correct  ->  3  == correct!
885th result -> 0   correct  ->  0  == correct!
886th result -> 6   correct  ->  6  == correct!
887th result -> 6   correct  ->  6  == correct!
888th result -> 3   correct  ->  3  == correct!
889th result -> 2   correct  ->  2  == correct!
890th result -> 1   correct  ->  1  == correct!
891th result -> 3   correct  ->  3  == correct!
892th result -> 2   correct  ->  2  == correct!
893th result -> 2   correct  ->  2  == correct!
894th result -> 9   correct  ->  9  == correct!
895th result -> 3   correct  ->  3  == correct!
896th result -> 0   correct  ->  0  == correct!
897th result -> 0   correct  ->  0  == correct!
898th result -> 5   correct  ->  5  == correct!
899th result -> 7   correct  ->  7  == correct!
900th result -> 8   correct  ->  8  == correct!
901th result -> 1   correct  ->  1  == correct!
902th result -> 4   correct  ->  4  == correct!
903th result -> 4   correct  ->  4  == correct!
904th result -> 6   correct  ->  6  == correct!
905th result -> 0   correct  ->  0  == correct!
906th result -> 2   correct  ->  2  == correct!
907th result -> 9   correct  ->  9  == correct!
908th result -> 1   correct  ->  1  == correct!
909th result -> 4   correct  ->  4  == correct!
910th result -> 7   correct  ->  7  == correct!
911th result -> 4   correct  ->  4  == correct!
912th result -> 7   correct  ->  7  == correct!
913th result -> 3   correct  ->  3  == correct!
914th result -> 9   correct  ->  9  == correct!
915th result -> 8   correct  ->  8  == correct!
916th result -> 8   correct  ->  8  == correct!
917th result -> 4   correct  ->  4  == correct!
918th result -> 7   correct  ->  7  == correct!
919th result -> 1   correct  ->  1  == correct!
920th result -> 2   correct  ->  2  == correct!
921th result -> 1   correct  ->  1  == correct!
922th result -> 2   correct  ->  2  == correct!
923th result -> 2   correct  ->  2  == correct!
924th result -> 3   correct  ->  3  == correct!
925th result -> 7   correct  ->  2  == correct!
926th result -> 3   correct  ->  3  == correct!
927th result -> 2   correct  ->  2  == correct!
928th result -> 3   correct  ->  3  == correct!
929th result -> 9   correct  ->  9  == correct!
930th result -> 1   correct  ->  1  == correct!
931th result -> 7   correct  ->  7  == correct!
932th result -> 4   correct  ->  4  == correct!
933th result -> 0   correct  ->  0  == correct!
934th result -> 3   correct  ->  3  == correct!
935th result -> 5   correct  ->  5  == correct!
936th result -> 5   correct  ->  5  == correct!
937th result -> 8   correct  ->  8  == correct!
938th result -> 6   correct  ->  6  == correct!
939th result -> 5   correct  ->  3  == correct!
940th result -> 0   correct  ->  2  == correct!
941th result -> 6   correct  ->  6  == correct!
942th result -> 7   correct  ->  7  == correct!
943th result -> 6   correct  ->  6  == correct!
944th result -> 6   correct  ->  6  == correct!
945th result -> 3   correct  ->  3  == correct!
946th result -> 2   correct  ->  2  == correct!
947th result -> 7   correct  ->  7  == correct!
948th result -> 9   correct  ->  8  == correct!
949th result -> 1   correct  ->  1  == correct!
950th result -> 1   correct  ->  1  == correct!
951th result -> 2   correct  ->  7  == correct!
952th result -> 5   correct  ->  5  == correct!
953th result -> 6   correct  ->  6  == correct!
954th result -> 4   correct  ->  4  == correct!
955th result -> 9   correct  ->  9  == correct!
956th result -> 5   correct  ->  5  == correct!
957th result -> 1   correct  ->  1  == correct!
958th result -> 3   correct  ->  3  == correct!
959th result -> 3   correct  ->  3  == correct!
960th result -> 4   correct  ->  4  == correct!
961th result -> 7   correct  ->  7  == correct!
962th result -> 8   correct  ->  8  == correct!
963th result -> 9   correct  ->  9  == correct!
964th result -> 1   correct  ->  1  == correct!
965th result -> 1   correct  ->  1  == correct!
966th result -> 0   correct  ->  6  == correct!
967th result -> 9   correct  ->  9  == correct!
968th result -> 1   correct  ->  1  == correct!
969th result -> 4   correct  ->  4  == correct!
970th result -> 4   correct  ->  4  == correct!
971th result -> 5   correct  ->  5  == correct!
972th result -> 4   correct  ->  4  == correct!
973th result -> 0   correct  ->  0  == correct!
974th result -> 6   correct  ->  6  == correct!
975th result -> 2   correct  ->  2  == correct!
976th result -> 2   correct  ->  2  == correct!
977th result -> 3   correct  ->  3  == correct!
978th result -> 1   correct  ->  1  == correct!
979th result -> 5   correct  ->  5  == correct!
980th result -> 1   correct  ->  1  == correct!
981th result -> 2   correct  ->  2  == correct!
982th result -> 0   correct  ->  0  == correct!
983th result -> 3   correct  ->  3  == correct!
984th result -> 8   correct  ->  8  == correct!
985th result -> 1   correct  ->  1  == correct!
986th result -> 2   correct  ->  2  == correct!
987th result -> 6   correct  ->  6  == correct!
988th result -> 7   correct  ->  7  == correct!
989th result -> 1   correct  ->  1  == correct!
990th result -> 6   correct  ->  6  == correct!
991th result -> 2   correct  ->  2  == correct!
992th result -> 3   correct  ->  3  == correct!
993th result -> 9   correct  ->  9  == correct!
994th result -> 0   correct  ->  0  == correct!
995th result -> 1   correct  ->  1  == correct!
996th result -> 2   correct  ->  2  == correct!
997th result -> 2   correct  ->  2  == correct!
998th result -> 0   correct  ->  0  == correct!
999th result -> 8   correct  ->  8  == correct!
1000th result -> 9   correct  ->  9  == correct!
1001th result -> 9   correct  ->  9  == correct!
1002th result -> 0   correct  ->  0  == correct!
1003th result -> 2   correct  ->  2  == correct!
1004th result -> 5   correct  ->  5  == correct!
1005th result -> 1   correct  ->  1  == correct!
1006th result -> 9   correct  ->  9  == correct!
1007th result -> 7   correct  ->  7  == correct!
1008th result -> 8   correct  ->  8  == correct!
1009th result -> 1   correct  ->  1  == correct!
1010th result -> 0   correct  ->  0  == correct!
1011th result -> 4   correct  ->  4  == correct!
1012th result -> 1   correct  ->  1  == correct!
1013th result -> 7   correct  ->  7  == correct!
1014th result -> 9   correct  ->  9  == correct!
1015th result -> 5   correct  ->  6  == correct!
1016th result -> 4   correct  ->  4  == correct!
1017th result -> 2   correct  ->  2  == correct!
1018th result -> 6   correct  ->  6  == correct!
1019th result -> 8   correct  ->  8  == correct!
1020th result -> 1   correct  ->  1  == correct!
1021th result -> 3   correct  ->  3  == correct!
1022th result -> 7   correct  ->  7  == correct!
1023th result -> 5   correct  ->  5  == correct!
1024th result -> 4   correct  ->  4  == correct!
1025th result -> 4   correct  ->  4  == correct!
1026th result -> 1   correct  ->  1  == correct!
1027th result -> 8   correct  ->  8  == correct!
1028th result -> 1   correct  ->  1  == correct!
1029th result -> 3   correct  ->  3  == correct!
1030th result -> 8   correct  ->  8  == correct!
1031th result -> 1   correct  ->  1  == correct!
1032th result -> 2   correct  ->  2  == correct!
1033th result -> 5   correct  ->  5  == correct!
1034th result -> 8   correct  ->  8  == correct!
1035th result -> 0   correct  ->  0  == correct!
1036th result -> 6   correct  ->  6  == correct!
1037th result -> 2   correct  ->  2  == correct!
1038th result -> 1   correct  ->  1  == correct!
1039th result -> 1   correct  ->  1  == correct!
1040th result -> 9   correct  ->  7  == correct!
1041th result -> 1   correct  ->  1  == correct!
1042th result -> 5   correct  ->  5  == correct!
1043th result -> 3   correct  ->  3  == correct!
1044th result -> 4   correct  ->  4  == correct!
1045th result -> 6   correct  ->  6  == correct!
1046th result -> 9   correct  ->  9  == correct!
1047th result -> 5   correct  ->  5  == correct!
1048th result -> 0   correct  ->  0  == correct!
1049th result -> 9   correct  ->  9  == correct!
1050th result -> 2   correct  ->  2  == correct!
1051th result -> 2   correct  ->  2  == correct!
1052th result -> 4   correct  ->  4  == correct!
1053th result -> 8   correct  ->  8  == correct!
1054th result -> 2   correct  ->  2  == correct!
1055th result -> 1   correct  ->  1  == correct!
1056th result -> 7   correct  ->  7  == correct!
1057th result -> 2   correct  ->  2  == correct!
1058th result -> 4   correct  ->  4  == correct!
1059th result -> 9   correct  ->  9  == correct!
1060th result -> 4   correct  ->  4  == correct!
1061th result -> 4   correct  ->  4  == correct!
1062th result -> 0   correct  ->  0  == correct!
1063th result -> 7   correct  ->  3  == correct!
1064th result -> 9   correct  ->  9  == correct!
1065th result -> 2   correct  ->  2  == correct!
1066th result -> 2   correct  ->  2  == correct!
1067th result -> 3   correct  ->  3  == correct!
1068th result -> 3   correct  ->  3  == correct!
1069th result -> 4   correct  ->  8  == correct!
1070th result -> 3   correct  ->  3  == correct!
1071th result -> 5   correct  ->  5  == correct!
1072th result -> 7   correct  ->  7  == correct!
1073th result -> 3   correct  ->  3  == correct!
1074th result -> 5   correct  ->  5  == correct!
1075th result -> 8   correct  ->  8  == correct!
1076th result -> 1   correct  ->  1  == correct!
1077th result -> 2   correct  ->  2  == correct!
1078th result -> 4   correct  ->  4  == correct!
1079th result -> 4   correct  ->  4  == correct!
1080th result -> 6   correct  ->  6  == correct!
1081th result -> 4   correct  ->  4  == correct!
1082th result -> 9   correct  ->  9  == correct!
1083th result -> 5   correct  ->  5  == correct!
1084th result -> 1   correct  ->  1  == correct!
1085th result -> 0   correct  ->  0  == correct!
1086th result -> 6   correct  ->  6  == correct!
1087th result -> 9   correct  ->  9  == correct!
1088th result -> 5   correct  ->  5  == correct!
1089th result -> 9   correct  ->  9  == correct!
1090th result -> 5   correct  ->  5  == correct!
1091th result -> 9   correct  ->  9  == correct!
1092th result -> 7   correct  ->  7  == correct!
1093th result -> 3   correct  ->  3  == correct!
1094th result -> 8   correct  ->  8  == correct!
1095th result -> 0   correct  ->  0  == correct!
1096th result -> 3   correct  ->  3  == correct!
1097th result -> 7   correct  ->  7  == correct!
1098th result -> 1   correct  ->  1  == correct!
1099th result -> 3   correct  ->  3  == correct!
1100th result -> 6   correct  ->  6  == correct!
1101th result -> 7   correct  ->  7  == correct!
1102th result -> 8   correct  ->  8  == correct!
1103th result -> 5   correct  ->  5  == correct!
1104th result -> 9   correct  ->  9  == correct!
1105th result -> 7   correct  ->  7  == correct!
1106th result -> 9   correct  ->  9  == correct!
1107th result -> 6   correct  ->  6  == correct!
1108th result -> 3   correct  ->  9  == correct!
1109th result -> 6   correct  ->  6  == correct!
1110th result -> 3   correct  ->  3  == correct!
1111th result -> 7   correct  ->  7  == correct!
1112th result -> 4   correct  ->  4  == correct!
1113th result -> 6   correct  ->  4  == correct!
1114th result -> 5   correct  ->  5  == correct!
1115th result -> 8   correct  ->  3  == correct!
1116th result -> 5   correct  ->  5  == correct!
1117th result -> 4   correct  ->  4  == correct!
1118th result -> 7   correct  ->  7  == correct!
1119th result -> 8   correct  ->  8  == correct!
1120th result -> 7   correct  ->  7  == correct!
1121th result -> 8   correct  ->  8  == correct!
1122th result -> 0   correct  ->  0  == correct!
1123th result -> 7   correct  ->  7  == correct!
1124th result -> 6   correct  ->  6  == correct!
1125th result -> 8   correct  ->  8  == correct!
1126th result -> 8   correct  ->  8  == correct!
1127th result -> 7   correct  ->  7  == correct!
1128th result -> 3   correct  ->  3  == correct!
1129th result -> 3   correct  ->  3  == correct!
1130th result -> 1   correct  ->  1  == correct!
1131th result -> 9   correct  ->  9  == correct!
1132th result -> 5   correct  ->  5  == correct!
1133th result -> 2   correct  ->  2  == correct!
1134th result -> 7   correct  ->  7  == correct!
1135th result -> 3   correct  ->  3  == correct!
1136th result -> 5   correct  ->  5  == correct!
1137th result -> 1   correct  ->  1  == correct!
1138th result -> 1   correct  ->  1  == correct!
1139th result -> 2   correct  ->  2  == correct!
1140th result -> 1   correct  ->  1  == correct!
1141th result -> 4   correct  ->  4  == correct!
1142th result -> 7   correct  ->  7  == correct!
1143th result -> 4   correct  ->  4  == correct!
1144th result -> 7   correct  ->  7  == correct!
1145th result -> 5   correct  ->  5  == correct!
1146th result -> 4   correct  ->  4  == correct!
1147th result -> 5   correct  ->  5  == correct!
1148th result -> 4   correct  ->  4  == correct!
1149th result -> 0   correct  ->  0  == correct!
1150th result -> 8   correct  ->  8  == correct!
1151th result -> 3   correct  ->  3  == correct!
1152th result -> 6   correct  ->  6  == correct!
1153th result -> 9   correct  ->  9  == correct!
1154th result -> 6   correct  ->  6  == correct!
1155th result -> 0   correct  ->  0  == correct!
1156th result -> 2   correct  ->  2  == correct!
1157th result -> 7   correct  ->  7  == correct!
1158th result -> 4   correct  ->  4  == correct!
1159th result -> 4   correct  ->  4  == correct!
1160th result -> 4   correct  ->  4  == correct!
1161th result -> 4   correct  ->  4  == correct!
1162th result -> 6   correct  ->  6  == correct!
1163th result -> 6   correct  ->  6  == correct!
1164th result -> 4   correct  ->  4  == correct!
1165th result -> 7   correct  ->  7  == correct!
1166th result -> 9   correct  ->  9  == correct!
1167th result -> 3   correct  ->  3  == correct!
1168th result -> 4   correct  ->  4  == correct!
1169th result -> 5   correct  ->  5  == correct!
1170th result -> 5   correct  ->  5  == correct!
1171th result -> 8   correct  ->  8  == correct!
1172th result -> 7   correct  ->  7  == correct!
1173th result -> 3   correct  ->  3  == correct!
1174th result -> 9   correct  ->  7  == correct!
1175th result -> 2   correct  ->  2  == correct!
1176th result -> 7   correct  ->  7  == correct!
1177th result -> 0   correct  ->  0  == correct!
1178th result -> 2   correct  ->  2  == correct!
1179th result -> 4   correct  ->  4  == correct!
1180th result -> 1   correct  ->  1  == correct!
1181th result -> 1   correct  ->  1  == correct!
1182th result -> 1   correct  ->  6  == correct!
1183th result -> 8   correct  ->  6  == correct!
1184th result -> 9   correct  ->  9  == correct!
1185th result -> 2   correct  ->  2  == correct!
1186th result -> 8   correct  ->  8  == correct!
1187th result -> 7   correct  ->  7  == correct!
1188th result -> 2   correct  ->  2  == correct!
1189th result -> 0   correct  ->  0  == correct!
1190th result -> 1   correct  ->  1  == correct!
1191th result -> 5   correct  ->  5  == correct!
1192th result -> 7   correct  ->  0  == correct!
1193th result -> 4   correct  ->  9  == correct!
1194th result -> 1   correct  ->  1  == correct!
1195th result -> 7   correct  ->  7  == correct!
1196th result -> 0   correct  ->  0  == correct!
1197th result -> 6   correct  ->  6  == correct!
1198th result -> 0   correct  ->  0  == correct!
1199th result -> 8   correct  ->  8  == correct!
1200th result -> 6   correct  ->  6  == correct!
1201th result -> 0   correct  ->  8  == correct!
1202th result -> 1   correct  ->  1  == correct!
1203th result -> 5   correct  ->  8  == correct!
1204th result -> 0   correct  ->  0  == correct!
1205th result -> 3   correct  ->  3  == correct!
1206th result -> 3   correct  ->  3  == correct!
1207th result -> 2   correct  ->  7  == correct!
1208th result -> 2   correct  ->  2  == correct!
1209th result -> 3   correct  ->  3  == correct!
1210th result -> 6   correct  ->  6  == correct!
1211th result -> 2   correct  ->  2  == correct!
1212th result -> 1   correct  ->  1  == correct!
1213th result -> 6   correct  ->  6  == correct!
1214th result -> 1   correct  ->  1  == correct!
1215th result -> 1   correct  ->  1  == correct!
1216th result -> 3   correct  ->  3  == correct!
1217th result -> 7   correct  ->  7  == correct!
1218th result -> 9   correct  ->  9  == correct!
1219th result -> 0   correct  ->  0  == correct!
1220th result -> 8   correct  ->  8  == correct!
1221th result -> 0   correct  ->  0  == correct!
1222th result -> 5   correct  ->  5  == correct!
1223th result -> 4   correct  ->  4  == correct!
1224th result -> 0   correct  ->  0  == correct!
1225th result -> 2   correct  ->  2  == correct!
1226th result -> 8   correct  ->  8  == correct!
1227th result -> 2   correct  ->  7  == correct!
1228th result -> 2   correct  ->  2  == correct!
1229th result -> 9   correct  ->  9  == correct!
1230th result -> 8   correct  ->  8  == correct!
1231th result -> 4   correct  ->  4  == correct!
1232th result -> 0   correct  ->  0  == correct!
1233th result -> 4   correct  ->  9  == correct!
1234th result -> 5   correct  ->  5  == correct!
1235th result -> 8   correct  ->  8  == correct!
1236th result -> 5   correct  ->  5  == correct!
1237th result -> 1   correct  ->  1  == correct!
1238th result -> 2   correct  ->  2  == correct!
1239th result -> 1   correct  ->  1  == correct!
1240th result -> 3   correct  ->  3  == correct!
1241th result -> 1   correct  ->  1  == correct!
1242th result -> 7   correct  ->  7  == correct!
1243th result -> 9   correct  ->  4  == correct!
1244th result -> 5   correct  ->  5  == correct!
1245th result -> 7   correct  ->  7  == correct!
1246th result -> 2   correct  ->  2  == correct!
1247th result -> 0   correct  ->  0  == correct!
1248th result -> 0   correct  ->  9  == correct!
1249th result -> 8   correct  ->  8  == correct!
1250th result -> 8   correct  ->  8  == correct!
1251th result -> 6   correct  ->  6  == correct!
1252th result -> 2   correct  ->  2  == correct!
1253th result -> 5   correct  ->  5  == correct!
1254th result -> 4   correct  ->  4  == correct!
1255th result -> 1   correct  ->  1  == correct!
1256th result -> 9   correct  ->  9  == correct!
1257th result -> 2   correct  ->  2  == correct!
1258th result -> 1   correct  ->  1  == correct!
1259th result -> 5   correct  ->  5  == correct!
1260th result -> 8   correct  ->  8  == correct!
1261th result -> 1   correct  ->  7  == correct!
1262th result -> 0   correct  ->  0  == correct!
1263th result -> 2   correct  ->  2  == correct!
1264th result -> 4   correct  ->  4  == correct!
1265th result -> 4   correct  ->  4  == correct!
1266th result -> 3   correct  ->  3  == correct!
1267th result -> 6   correct  ->  6  == correct!
1268th result -> 8   correct  ->  8  == correct!
1269th result -> 8   correct  ->  8  == correct!
1270th result -> 2   correct  ->  2  == correct!
1271th result -> 4   correct  ->  4  == correct!
1272th result -> 0   correct  ->  0  == correct!
1273th result -> 5   correct  ->  5  == correct!
1274th result -> 0   correct  ->  0  == correct!
1275th result -> 4   correct  ->  4  == correct!
1276th result -> 4   correct  ->  4  == correct!
1277th result -> 7   correct  ->  7  == correct!
1278th result -> 9   correct  ->  9  == correct!
1279th result -> 3   correct  ->  3  == correct!
1280th result -> 4   correct  ->  4  == correct!
1281th result -> 1   correct  ->  1  == correct!
1282th result -> 5   correct  ->  5  == correct!
1283th result -> 9   correct  ->  9  == correct!
1284th result -> 2   correct  ->  7  == correct!
1285th result -> 3   correct  ->  3  == correct!
1286th result -> 5   correct  ->  5  == correct!
1287th result -> 8   correct  ->  8  == correct!
1288th result -> 8   correct  ->  8  == correct!
1289th result -> 0   correct  ->  0  == correct!
1290th result -> 5   correct  ->  5  == correct!
1291th result -> 3   correct  ->  3  == correct!
1292th result -> 3   correct  ->  3  == correct!
1293th result -> 6   correct  ->  6  == correct!
1294th result -> 6   correct  ->  6  == correct!
1295th result -> 0   correct  ->  0  == correct!
1296th result -> 1   correct  ->  1  == correct!
1297th result -> 6   correct  ->  6  == correct!
1298th result -> 0   correct  ->  0  == correct!
1299th result -> 3   correct  ->  3  == correct!
1300th result -> 7   correct  ->  5  == correct!
1301th result -> 4   correct  ->  4  == correct!
1302th result -> 4   correct  ->  4  == correct!
1303th result -> 1   correct  ->  1  == correct!
1304th result -> 2   correct  ->  2  == correct!
1305th result -> 9   correct  ->  9  == correct!
1306th result -> 1   correct  ->  1  == correct!
1307th result -> 4   correct  ->  4  == correct!
1308th result -> 6   correct  ->  6  == correct!
1309th result -> 9   correct  ->  9  == correct!
1310th result -> 9   correct  ->  9  == correct!
1311th result -> 3   correct  ->  3  == correct!
1312th result -> 9   correct  ->  9  == correct!
1313th result -> 8   correct  ->  8  == correct!
1314th result -> 4   correct  ->  4  == correct!
1315th result -> 4   correct  ->  4  == correct!
1316th result -> 3   correct  ->  3  == correct!
1317th result -> 1   correct  ->  1  == correct!
1318th result -> 3   correct  ->  3  == correct!
1319th result -> 1   correct  ->  1  == correct!
1320th result -> 3   correct  ->  8  == correct!
1321th result -> 8   correct  ->  8  == correct!
1322th result -> 7   correct  ->  7  == correct!
1323th result -> 9   correct  ->  9  == correct!
1324th result -> 4   correct  ->  4  == correct!
1325th result -> 8   correct  ->  8  == correct!
1326th result -> 8   correct  ->  8  == correct!
1327th result -> 2   correct  ->  7  == correct!
1328th result -> 9   correct  ->  9  == correct!
1329th result -> 7   correct  ->  7  == correct!
1330th result -> 1   correct  ->  1  == correct!
1331th result -> 4   correct  ->  4  == correct!
1332th result -> 5   correct  ->  5  == correct!
1333th result -> 6   correct  ->  6  == correct!
1334th result -> 0   correct  ->  0  == correct!
1335th result -> 5   correct  ->  5  == correct!
1336th result -> 2   correct  ->  2  == correct!
1337th result -> 2   correct  ->  2  == correct!
1338th result -> 6   correct  ->  2  == correct!
1339th result -> 1   correct  ->  1  == correct!
1340th result -> 5   correct  ->  5  == correct!
1341th result -> 5   correct  ->  5  == correct!
1342th result -> 2   correct  ->  2  == correct!
1343th result -> 4   correct  ->  4  == correct!
1344th result -> 9   correct  ->  9  == correct!
1345th result -> 6   correct  ->  6  == correct!
1346th result -> 2   correct  ->  2  == correct!
1347th result -> 7   correct  ->  7  == correct!
1348th result -> 7   correct  ->  7  == correct!
1349th result -> 2   correct  ->  2  == correct!
1350th result -> 2   correct  ->  2  == correct!
1351th result -> 1   correct  ->  1  == correct!
1352th result -> 1   correct  ->  1  == correct!
1353th result -> 2   correct  ->  2  == correct!
1354th result -> 8   correct  ->  8  == correct!
1355th result -> 3   correct  ->  3  == correct!
1356th result -> 7   correct  ->  7  == correct!
1357th result -> 2   correct  ->  2  == correct!
1358th result -> 4   correct  ->  4  == correct!
1359th result -> 1   correct  ->  1  == correct!
1360th result -> 7   correct  ->  7  == correct!
1361th result -> 1   correct  ->  1  == correct!
1362th result -> 7   correct  ->  7  == correct!
1363th result -> 6   correct  ->  6  == correct!
1364th result -> 7   correct  ->  7  == correct!
1365th result -> 2   correct  ->  8  == correct!
1366th result -> 2   correct  ->  2  == correct!
1367th result -> 7   correct  ->  7  == correct!
1368th result -> 3   correct  ->  3  == correct!
1369th result -> 1   correct  ->  1  == correct!
1370th result -> 7   correct  ->  7  == correct!
1371th result -> 5   correct  ->  5  == correct!
1372th result -> 8   correct  ->  8  == correct!
1373th result -> 2   correct  ->  2  == correct!
1374th result -> 6   correct  ->  6  == correct!
1375th result -> 2   correct  ->  2  == correct!
1376th result -> 2   correct  ->  2  == correct!
1377th result -> 5   correct  ->  5  == correct!
1378th result -> 6   correct  ->  6  == correct!
1379th result -> 6   correct  ->  5  == correct!
1380th result -> 0   correct  ->  0  == correct!
1381th result -> 9   correct  ->  9  == correct!
1382th result -> 2   correct  ->  2  == correct!
1383th result -> 4   correct  ->  4  == correct!
1384th result -> 3   correct  ->  3  == correct!
1385th result -> 3   correct  ->  3  == correct!
1386th result -> 9   correct  ->  9  == correct!
1387th result -> 7   correct  ->  7  == correct!
1388th result -> 6   correct  ->  6  == correct!
1389th result -> 6   correct  ->  6  == correct!
1390th result -> 8   correct  ->  8  == correct!
1391th result -> 0   correct  ->  0  == correct!
1392th result -> 4   correct  ->  4  == correct!
1393th result -> 1   correct  ->  1  == correct!
1394th result -> 3   correct  ->  5  == correct!
1395th result -> 8   correct  ->  8  == correct!
1396th result -> 2   correct  ->  2  == correct!
1397th result -> 9   correct  ->  9  == correct!
1398th result -> 1   correct  ->  1  == correct!
1399th result -> 8   correct  ->  8  == correct!
1400th result -> 0   correct  ->  0  == correct!
1401th result -> 6   correct  ->  6  == correct!
1402th result -> 7   correct  ->  7  == correct!
1403th result -> 2   correct  ->  2  == correct!
1404th result -> 1   correct  ->  1  == correct!
1405th result -> 0   correct  ->  0  == correct!
1406th result -> 5   correct  ->  5  == correct!
1407th result -> 5   correct  ->  5  == correct!
1408th result -> 2   correct  ->  2  == correct!
1409th result -> 0   correct  ->  0  == correct!
1410th result -> 2   correct  ->  2  == correct!
1411th result -> 2   correct  ->  2  == correct!
1412th result -> 0   correct  ->  0  == correct!
1413th result -> 2   correct  ->  2  == correct!
1414th result -> 4   correct  ->  4  == correct!
1415th result -> 9   correct  ->  9  == correct!
1416th result -> 8   correct  ->  8  == correct!
1417th result -> 0   correct  ->  0  == correct!
1418th result -> 9   correct  ->  9  == correct!
1419th result -> 9   correct  ->  9  == correct!
1420th result -> 4   correct  ->  4  == correct!
1421th result -> 6   correct  ->  6  == correct!
1422th result -> 5   correct  ->  5  == correct!
1423th result -> 4   correct  ->  4  == correct!
1424th result -> 9   correct  ->  9  == correct!
1425th result -> 1   correct  ->  1  == correct!
1426th result -> 8   correct  ->  8  == correct!
1427th result -> 3   correct  ->  3  == correct!
1428th result -> 4   correct  ->  4  == correct!
1429th result -> 9   correct  ->  9  == correct!
1430th result -> 4   correct  ->  9  == correct!
1431th result -> 1   correct  ->  1  == correct!
1432th result -> 2   correct  ->  2  == correct!
1433th result -> 2   correct  ->  2  == correct!
1434th result -> 8   correct  ->  8  == correct!
1435th result -> 1   correct  ->  1  == correct!
1436th result -> 9   correct  ->  9  == correct!
1437th result -> 6   correct  ->  6  == correct!
1438th result -> 4   correct  ->  4  == correct!
1439th result -> 0   correct  ->  0  == correct!
1440th result -> 9   correct  ->  9  == correct!
1441th result -> 9   correct  ->  4  == correct!
1442th result -> 8   correct  ->  8  == correct!
1443th result -> 3   correct  ->  3  == correct!
1444th result -> 8   correct  ->  8  == correct!
1445th result -> 6   correct  ->  6  == correct!
1446th result -> 0   correct  ->  0  == correct!
1447th result -> 2   correct  ->  2  == correct!
1448th result -> 5   correct  ->  5  == correct!
1449th result -> 1   correct  ->  1  == correct!
1450th result -> 9   correct  ->  9  == correct!
1451th result -> 6   correct  ->  6  == correct!
1452th result -> 2   correct  ->  2  == correct!
1453th result -> 9   correct  ->  9  == correct!
1454th result -> 4   correct  ->  4  == correct!
1455th result -> 0   correct  ->  0  == correct!
1456th result -> 9   correct  ->  9  == correct!
1457th result -> 6   correct  ->  6  == correct!
1458th result -> 0   correct  ->  0  == correct!
1459th result -> 6   correct  ->  6  == correct!
1460th result -> 2   correct  ->  2  == correct!
1461th result -> 5   correct  ->  5  == correct!
1462th result -> 4   correct  ->  4  == correct!
1463th result -> 2   correct  ->  2  == correct!
1464th result -> 3   correct  ->  3  == correct!
1465th result -> 8   correct  ->  8  == correct!
1466th result -> 4   correct  ->  4  == correct!
1467th result -> 5   correct  ->  5  == correct!
1468th result -> 5   correct  ->  5  == correct!
1469th result -> 0   correct  ->  0  == correct!
1470th result -> 3   correct  ->  3  == correct!
1471th result -> 8   correct  ->  8  == correct!
1472th result -> 5   correct  ->  5  == correct!
1473th result -> 3   correct  ->  3  == correct!
1474th result -> 5   correct  ->  5  == correct!
1475th result -> 8   correct  ->  8  == correct!
1476th result -> 6   correct  ->  6  == correct!
1477th result -> 5   correct  ->  5  == correct!
1478th result -> 7   correct  ->  7  == correct!
1479th result -> 6   correct  ->  6  == correct!
1480th result -> 3   correct  ->  3  == correct!
1481th result -> 3   correct  ->  3  == correct!
1482th result -> 9   correct  ->  9  == correct!
1483th result -> 6   correct  ->  6  == correct!
1484th result -> 1   correct  ->  1  == correct!
1485th result -> 1   correct  ->  1  == correct!
1486th result -> 2   correct  ->  2  == correct!
1487th result -> 9   correct  ->  9  == correct!
1488th result -> 0   correct  ->  0  == correct!
1489th result -> 4   correct  ->  4  == correct!
1490th result -> 3   correct  ->  3  == correct!
1491th result -> 3   correct  ->  3  == correct!
1492th result -> 6   correct  ->  6  == correct!
1493th result -> 9   correct  ->  9  == correct!
1494th result -> 5   correct  ->  5  == correct!
1495th result -> 7   correct  ->  7  == correct!
1496th result -> 3   correct  ->  3  == correct!
1497th result -> 7   correct  ->  7  == correct!
1498th result -> 7   correct  ->  7  == correct!
1499th result -> 7   correct  ->  7  == correct!
1500th result -> 8   correct  ->  8  == correct!
1501th result -> 1   correct  ->  7  == correct!
1502th result -> 9   correct  ->  9  == correct!
1503th result -> 8   correct  ->  8  == correct!
1504th result -> 3   correct  ->  3  == correct!
1505th result -> 0   correct  ->  0  == correct!
1506th result -> 7   correct  ->  7  == correct!
1507th result -> 2   correct  ->  2  == correct!
1508th result -> 7   correct  ->  7  == correct!
1509th result -> 9   correct  ->  9  == correct!
1510th result -> 4   correct  ->  4  == correct!
1511th result -> 5   correct  ->  5  == correct!
1512th result -> 4   correct  ->  4  == correct!
1513th result -> 9   correct  ->  9  == correct!
1514th result -> 3   correct  ->  3  == correct!
1515th result -> 2   correct  ->  2  == correct!
1516th result -> 1   correct  ->  1  == correct!
1517th result -> 4   correct  ->  4  == correct!
1518th result -> 0   correct  ->  0  == correct!
1519th result -> 2   correct  ->  2  == correct!
1520th result -> 3   correct  ->  3  == correct!
1521th result -> 7   correct  ->  7  == correct!
1522th result -> 5   correct  ->  5  == correct!
1523th result -> 9   correct  ->  7  == correct!
1524th result -> 8   correct  ->  8  == correct!
1525th result -> 8   correct  ->  8  == correct!
1526th result -> 5   correct  ->  5  == correct!
1527th result -> 0   correct  ->  0  == correct!
1528th result -> 6   correct  ->  1  == correct!
1529th result -> 1   correct  ->  1  == correct!
1530th result -> 4   correct  ->  4  == correct!
1531th result -> 7   correct  ->  8  == correct!
1532th result -> 3   correct  ->  3  == correct!
1533th result -> 9   correct  ->  9  == correct!
1534th result -> 0   correct  ->  0  == correct!
1535th result -> 0   correct  ->  0  == correct!
1536th result -> 0   correct  ->  0  == correct!
1537th result -> 6   correct  ->  6  == correct!
1538th result -> 6   correct  ->  6  == correct!
1539th result -> 2   correct  ->  2  == correct!
1540th result -> 3   correct  ->  3  == correct!
1541th result -> 7   correct  ->  7  == correct!
1542th result -> 8   correct  ->  8  == correct!
1543th result -> 4   correct  ->  4  == correct!
1544th result -> 7   correct  ->  7  == correct!
1545th result -> 7   correct  ->  7  == correct!
1546th result -> 9   correct  ->  9  == correct!
1547th result -> 2   correct  ->  2  == correct!
1548th result -> 4   correct  ->  4  == correct!
1549th result -> 1   correct  ->  1  == correct!
1550th result -> 6   correct  ->  4  == correct!
1551th result -> 5   correct  ->  5  == correct!
1552th result -> 2   correct  ->  2  == correct!
1553th result -> 4   correct  ->  4  == correct!
1554th result -> 8   correct  ->  9  == correct!
1555th result -> 9   correct  ->  9  == correct!
1556th result -> 1   correct  ->  1  == correct!
1557th result -> 8   correct  ->  8  == correct!
1558th result -> 4   correct  ->  4  == correct!
1559th result -> 0   correct  ->  0  == correct!
1560th result -> 9   correct  ->  9  == correct!
1561th result -> 8   correct  ->  8  == correct!
1562th result -> 4   correct  ->  4  == correct!
1563th result -> 8   correct  ->  8  == correct!
1564th result -> 7   correct  ->  7  == correct!
1565th result -> 7   correct  ->  7  == correct!
1566th result -> 0   correct  ->  0  == correct!
1567th result -> 7   correct  ->  7  == correct!
1568th result -> 8   correct  ->  8  == correct!
1569th result -> 8   correct  ->  8  == correct!
1570th result -> 6   correct  ->  6  == correct!
1571th result -> 0   correct  ->  0  == correct!
1572th result -> 4   correct  ->  4  == correct!
1573th result -> 8   correct  ->  8  == correct!
1574th result -> 8   correct  ->  8  == correct!
1575th result -> 2   correct  ->  2  == correct!
1576th result -> 4   correct  ->  4  == correct!
1577th result -> 7   correct  ->  7  == correct!
1578th result -> 6   correct  ->  6  == correct!
1579th result -> 6   correct  ->  6  == correct!
1580th result -> 6   correct  ->  6  == correct!
1581th result -> 4   correct  ->  4  == correct!
1582th result -> 9   correct  ->  7  == correct!
1583th result -> 1   correct  ->  1  == correct!
1584th result -> 8   correct  ->  8  == correct!
1585th result -> 8   correct  ->  8  == correct!
1586th result -> 2   correct  ->  2  == correct!
1587th result -> 3   correct  ->  3  == correct!
1588th result -> 6   correct  ->  6  == correct!
1589th result -> 3   correct  ->  3  == correct!
1590th result -> 0   correct  ->  0  == correct!
1591th result -> 0   correct  ->  0  == correct!
1592th result -> 3   correct  ->  3  == correct!
1593th result -> 7   correct  ->  7  == correct!
1594th result -> 6   correct  ->  6  == correct!
1595th result -> 9   correct  ->  9  == correct!
1596th result -> 7   correct  ->  7  == correct!
1597th result -> 9   correct  ->  9  == correct!
1598th result -> 9   correct  ->  9  == correct!
1599th result -> 5   correct  ->  5  == correct!
1600th result -> 4   correct  ->  4  == correct!
1601th result -> 3   correct  ->  3  == correct!
1602th result -> 3   correct  ->  3  == correct!
1603th result -> 6   correct  ->  6  == correct!
1604th result -> 1   correct  ->  1  == correct!
1605th result -> 2   correct  ->  2  == correct!
1606th result -> 3   correct  ->  3  == correct!
1607th result -> 7   correct  ->  7  == correct!
1608th result -> 3   correct  ->  3  == correct!
1609th result -> 3   correct  ->  3  == correct!
1610th result -> 6   correct  ->  2  == correct!
1611th result -> 0   correct  ->  0  == correct!
1612th result -> 3   correct  ->  3  == correct!
1613th result -> 3   correct  ->  3  == correct!
1614th result -> 8   correct  ->  8  == correct!
1615th result -> 4   correct  ->  4  == correct!
1616th result -> 3   correct  ->  3  == correct!
1617th result -> 6   correct  ->  6  == correct!
1618th result -> 3   correct  ->  3  == correct!
1619th result -> 5   correct  ->  5  == correct!
1620th result -> 0   correct  ->  0  == correct!
1621th result -> 2   correct  ->  2  == correct!
1622th result -> 6   correct  ->  0  == correct!
1623th result -> 9   correct  ->  9  == correct!
1624th result -> 0   correct  ->  0  == correct!
1625th result -> 7   correct  ->  7  == correct!
1626th result -> 4   correct  ->  4  == correct!
1627th result -> 6   correct  ->  6  == correct!
1628th result -> 9   correct  ->  9  == correct!
1629th result -> 3   correct  ->  3  == correct!
1630th result -> 5   correct  ->  5  == correct!
1631th result -> 1   correct  ->  1  == correct!
1632th result -> 9   correct  ->  9  == correct!
1633th result -> 6   correct  ->  6  == correct!
1634th result -> 1   correct  ->  1  == correct!
1635th result -> 4   correct  ->  4  == correct!
1636th result -> 5   correct  ->  5  == correct!
1637th result -> 4   correct  ->  4  == correct!
1638th result -> 5   correct  ->  5  == correct!
1639th result -> 0   correct  ->  0  == correct!
1640th result -> 5   correct  ->  5  == correct!
1641th result -> 7   correct  ->  9  == correct!
1642th result -> 5   correct  ->  5  == correct!
1643th result -> 2   correct  ->  2  == correct!
1644th result -> 1   correct  ->  1  == correct!
1645th result -> 2   correct  ->  2  == correct!
1646th result -> 9   correct  ->  9  == correct!
1647th result -> 1   correct  ->  1  == correct!
1648th result -> 9   correct  ->  9  == correct!
1649th result -> 9   correct  ->  9  == correct!
1650th result -> 4   correct  ->  4  == correct!
1651th result -> 0   correct  ->  0  == correct!
1652th result -> 8   correct  ->  8  == correct!
1653th result -> 4   correct  ->  4  == correct!
1654th result -> 5   correct  ->  5  == correct!
1655th result -> 2   correct  ->  2  == correct!
1656th result -> 9   correct  ->  9  == correct!
1657th result -> 2   correct  ->  2  == correct!
1658th result -> 1   correct  ->  1  == correct!
1659th result -> 2   correct  ->  2  == correct!
1660th result -> 1   correct  ->  1  == correct!
1661th result -> 7   correct  ->  7  == correct!
1662th result -> 3   correct  ->  3  == correct!
1663th result -> 6   correct  ->  6  == correct!
1664th result -> 8   correct  ->  8  == correct!
1665th result -> 8   correct  ->  8  == correct!
1666th result -> 4   correct  ->  4  == correct!
1667th result -> 9   correct  ->  9  == correct!
1668th result -> 1   correct  ->  1  == correct!
1669th result -> 9   correct  ->  9  == correct!
1670th result -> 8   correct  ->  8  == correct!
1671th result -> 5   correct  ->  5  == correct!
1672th result -> 7   correct  ->  7  == correct!
1673th result -> 5   correct  ->  5  == correct!
1674th result -> 1   correct  ->  1  == correct!
1675th result -> 1   correct  ->  1  == correct!
1676th result -> 8   correct  ->  8  == correct!
1677th result -> 6   correct  ->  6  == correct!
1678th result -> 5   correct  ->  5  == correct!
1679th result -> 0   correct  ->  2  == correct!
1680th result -> 4   correct  ->  4  == correct!
1681th result -> 4   correct  ->  4  == correct!
1682th result -> 7   correct  ->  3  == correct!
1683th result -> 2   correct  ->  2  == correct!
1684th result -> 3   correct  ->  3  == correct!
1685th result -> 5   correct  ->  5  == correct!
1686th result -> 6   correct  ->  6  == correct!
1687th result -> 8   correct  ->  8  == correct!
1688th result -> 8   correct  ->  8  == correct!
1689th result -> 6   correct  ->  6  == correct!
1690th result -> 2   correct  ->  2  == correct!
1691th result -> 3   correct  ->  3  == correct!
1692th result -> 1   correct  ->  1  == correct!
1693th result -> 0   correct  ->  0  == correct!
1694th result -> 5   correct  ->  5  == correct!
1695th result -> 8   correct  ->  8  == correct!
1696th result -> 9   correct  ->  9  == correct!
1697th result -> 2   correct  ->  2  == correct!
1698th result -> 9   correct  ->  9  == correct!
1699th result -> 6   correct  ->  6  == correct!
1700th result -> 7   correct  ->  7  == correct!
1701th result -> 0   correct  ->  0  == correct!
1702th result -> 4   correct  ->  4  == correct!
1703th result -> 8   correct  ->  8  == correct!
1704th result -> 7   correct  ->  7  == correct!
1705th result -> 1   correct  ->  1  == correct!
1706th result -> 7   correct  ->  7  == correct!
1707th result -> 4   correct  ->  4  == correct!
1708th result -> 1   correct  ->  1  == correct!
1709th result -> 0   correct  ->  0  == correct!
1710th result -> 5   correct  ->  9  == correct!
1711th result -> 7   correct  ->  7  == correct!
1712th result -> 2   correct  ->  2  == correct!
1713th result -> 0   correct  ->  0  == correct!
1714th result -> 0   correct  ->  0  == correct!
1715th result -> 9   correct  ->  9  == correct!
1716th result -> 1   correct  ->  1  == correct!
1717th result -> 7   correct  ->  7  == correct!
1718th result -> 0   correct  ->  8  == correct!
1719th result -> 3   correct  ->  7  == correct!
1720th result -> 8   correct  ->  8  == correct!
1721th result -> 4   correct  ->  4  == correct!
1722th result -> 7   correct  ->  7  == correct!
1723th result -> 2   correct  ->  2  == correct!
1724th result -> 0   correct  ->  0  == correct!
1725th result -> 4   correct  ->  4  == correct!
1726th result -> 6   correct  ->  6  == correct!
1727th result -> 0   correct  ->  0  == correct!
1728th result -> 3   correct  ->  3  == correct!
1729th result -> 1   correct  ->  1  == correct!
1730th result -> 1   correct  ->  1  == correct!
1731th result -> 3   correct  ->  3  == correct!
1732th result -> 3   correct  ->  3  == correct!
1733th result -> 9   correct  ->  9  == correct!
1734th result -> 6   correct  ->  6  == correct!
1735th result -> 7   correct  ->  7  == correct!
1736th result -> 4   correct  ->  4  == correct!
1737th result -> 1   correct  ->  1  == correct!
1738th result -> 5   correct  ->  5  == correct!
1739th result -> 3   correct  ->  3  == correct!
1740th result -> 0   correct  ->  0  == correct!
1741th result -> 8   correct  ->  8  == correct!
1742th result -> 7   correct  ->  7  == correct!
1743th result -> 3   correct  ->  3  == correct!
1744th result -> 9   correct  ->  9  == correct!
1745th result -> 6   correct  ->  6  == correct!
1746th result -> 9   correct  ->  9  == correct!
1747th result -> 3   correct  ->  3  == correct!
1748th result -> 5   correct  ->  5  == correct!
1749th result -> 0   correct  ->  0  == correct!
1750th result -> 2   correct  ->  2  == correct!
1751th result -> 7   correct  ->  7  == correct!
1752th result -> 4   correct  ->  4  == correct!
1753th result -> 5   correct  ->  5  == correct!
1754th result -> 1   correct  ->  1  == correct!
1755th result -> 2   correct  ->  7  == correct!
1756th result -> 5   correct  ->  5  == correct!
1757th result -> 8   correct  ->  8  == correct!
1758th result -> 0   correct  ->  0  == correct!
1759th result -> 8   correct  ->  8  == correct!
1760th result -> 8   correct  ->  8  == correct!
1761th result -> 1   correct  ->  1  == correct!
1762th result -> 5   correct  ->  5  == correct!
1763th result -> 0   correct  ->  0  == correct!
1764th result -> 3   correct  ->  3  == correct!
1765th result -> 0   correct  ->  0  == correct!
1766th result -> 3   correct  ->  3  == correct!
1767th result -> 1   correct  ->  1  == correct!
1768th result -> 4   correct  ->  4  == correct!
1769th result -> 0   correct  ->  0  == correct!
1770th result -> 3   correct  ->  3  == correct!
1771th result -> 7   correct  ->  7  == correct!
1772th result -> 2   correct  ->  2  == correct!
1773th result -> 4   correct  ->  7  == correct!
1774th result -> 1   correct  ->  1  == correct!
1775th result -> 8   correct  ->  8  == correct!
1776th result -> 0   correct  ->  0  == correct!
1777th result -> 7   correct  ->  7  == correct!
1778th result -> 0   correct  ->  0  == correct!
1779th result -> 4   correct  ->  4  == correct!
1780th result -> 3   correct  ->  3  == correct!
1781th result -> 1   correct  ->  1  == correct!
1782th result -> 9   correct  ->  9  == correct!
1783th result -> 8   correct  ->  8  == correct!
1784th result -> 7   correct  ->  7  == correct!
1785th result -> 7   correct  ->  7  == correct!
1786th result -> 1   correct  ->  1  == correct!
1787th result -> 4   correct  ->  4  == correct!
1788th result -> 9   correct  ->  9  == correct!
1789th result -> 9   correct  ->  9  == correct!
1790th result -> 3   correct  ->  3  == correct!
1791th result -> 9   correct  ->  2  == correct!
1792th result -> 1   correct  ->  1  == correct!
1793th result -> 7   correct  ->  7  == correct!
1794th result -> 9   correct  ->  9  == correct!
1795th result -> 0   correct  ->  0  == correct!
1796th result -> 2   correct  ->  2  == correct!
1797th result -> 0   correct  ->  0  == correct!
1798th result -> 3   correct  ->  3  == correct!
1799th result -> 3   correct  ->  3  == correct!
1800th result -> 7   correct  ->  7  == correct!
1801th result -> 6   correct  ->  6  == correct!
1802th result -> 9   correct  ->  9  == correct!
1803th result -> 2   correct  ->  2  == correct!
1804th result -> 3   correct  ->  3  == correct!
1805th result -> 3   correct  ->  3  == correct!
1806th result -> 7   correct  ->  7  == correct!
1807th result -> 7   correct  ->  7  == correct!
1808th result -> 0   correct  ->  0  == correct!
1809th result -> 0   correct  ->  0  == correct!
1810th result -> 7   correct  ->  7  == correct!
1811th result -> 5   correct  ->  5  == correct!
1812th result -> 2   correct  ->  2  == correct!
1813th result -> 9   correct  ->  9  == correct!
1814th result -> 8   correct  ->  8  == correct!
1815th result -> 7   correct  ->  7  == correct!
1816th result -> 4   correct  ->  4  == correct!
1817th result -> 4   correct  ->  4  == correct!
1818th result -> 2   correct  ->  2  == correct!
1819th result -> 6   correct  ->  6  == correct!
1820th result -> 6   correct  ->  6  == correct!
1821th result -> 1   correct  ->  1  == correct!
1822th result -> 9   correct  ->  9  == correct!
1823th result -> 6   correct  ->  6  == correct!
1824th result -> 8   correct  ->  8  == correct!
1825th result -> 2   correct  ->  2  == correct!
1826th result -> 9   correct  ->  9  == correct!
1827th result -> 0   correct  ->  0  == correct!
1828th result -> 8   correct  ->  8  == correct!
1829th result -> 3   correct  ->  3  == correct!
1830th result -> 1   correct  ->  1  == correct!
1831th result -> 1   correct  ->  1  == correct!
1832th result -> 6   correct  ->  6  == correct!
1833th result -> 3   correct  ->  3  == correct!
1834th result -> 5   correct  ->  5  == correct!
1835th result -> 1   correct  ->  1  == correct!
1836th result -> 1   correct  ->  1  == correct!
1837th result -> 1   correct  ->  1  == correct!
1838th result -> 3   correct  ->  3  == correct!
1839th result -> 1   correct  ->  1  == correct!
1840th result -> 2   correct  ->  2  == correct!
1841th result -> 3   correct  ->  3  == correct!
1842th result -> 0   correct  ->  0  == correct!
1843th result -> 2   correct  ->  2  == correct!
1844th result -> 0   correct  ->  0  == correct!
1845th result -> 1   correct  ->  1  == correct!
1846th result -> 3   correct  ->  3  == correct!
1847th result -> 5   correct  ->  5  == correct!
1848th result -> 5   correct  ->  5  == correct!
1849th result -> 7   correct  ->  7  == correct!
1850th result -> 4   correct  ->  4  == correct!
1851th result -> 7   correct  ->  8  == correct!
1852th result -> 9   correct  ->  9  == correct!
1853th result -> 6   correct  ->  6  == correct!
1854th result -> 9   correct  ->  9  == correct!
1855th result -> 6   correct  ->  6  == correct!
1856th result -> 8   correct  ->  8  == correct!
1857th result -> 3   correct  ->  3  == correct!
1858th result -> 6   correct  ->  6  == correct!
1859th result -> 6   correct  ->  6  == correct!
1860th result -> 8   correct  ->  8  == correct!
1861th result -> 5   correct  ->  5  == correct!
1862th result -> 1   correct  ->  1  == correct!
1863th result -> 4   correct  ->  4  == correct!
1864th result -> 2   correct  ->  2  == correct!
1865th result -> 4   correct  ->  4  == correct!
1866th result -> 9   correct  ->  4  == correct!
1867th result -> 5   correct  ->  5  == correct!
1868th result -> 1   correct  ->  1  == correct!
1869th result -> 4   correct  ->  1  == correct!
1870th result -> 9   correct  ->  9  == correct!
1871th result -> 0   correct  ->  0  == correct!
1872th result -> 2   correct  ->  2  == correct!
1873th result -> 4   correct  ->  4  == correct!
1874th result -> 9   correct  ->  9  == correct!
1875th result -> 5   correct  ->  5  == correct!
1876th result -> 7   correct  ->  7  == correct!
1877th result -> 1   correct  ->  1  == correct!
1878th result -> 8   correct  ->  8  == correct!
1879th result -> 3   correct  ->  8  == correct!
1880th result -> 5   correct  ->  5  == correct!
1881th result -> 6   correct  ->  6  == correct!
1882th result -> 9   correct  ->  9  == correct!
1883th result -> 8   correct  ->  8  == correct!
1884th result -> 7   correct  ->  7  == correct!
1885th result -> 1   correct  ->  1  == correct!
1886th result -> 1   correct  ->  1  == correct!
1887th result -> 6   correct  ->  6  == correct!
1888th result -> 7   correct  ->  7  == correct!
1889th result -> 6   correct  ->  6  == correct!
1890th result -> 3   correct  ->  3  == correct!
1891th result -> 2   correct  ->  2  == correct!
1892th result -> 2   correct  ->  2  == correct!
1893th result -> 0   correct  ->  0  == correct!
1894th result -> 8   correct  ->  8  == correct!
1895th result -> 9   correct  ->  9  == correct!
1896th result -> 2   correct  ->  2  == correct!
1897th result -> 5   correct  ->  5  == correct!
1898th result -> 1   correct  ->  1  == correct!
1899th result -> 0   correct  ->  0  == correct!
1900th result -> 8   correct  ->  8  == correct!
1901th result -> 1   correct  ->  1  == correct!
1902th result -> 4   correct  ->  9  == correct!
1903th result -> 5   correct  ->  5  == correct!
1904th result -> 7   correct  ->  7  == correct!
1905th result -> 9   correct  ->  9  == correct!
1906th result -> 6   correct  ->  6  == correct!
1907th result -> 9   correct  ->  9  == correct!
1908th result -> 0   correct  ->  0  == correct!
1909th result -> 6   correct  ->  6  == correct!
1910th result -> 1   correct  ->  1  == correct!
1911th result -> 5   correct  ->  5  == correct!
1912th result -> 5   correct  ->  5  == correct!
1913th result -> 8   correct  ->  8  == correct!
1914th result -> 3   correct  ->  3  == correct!
1915th result -> 8   correct  ->  8  == correct!
1916th result -> 2   correct  ->  2  == correct!
1917th result -> 6   correct  ->  6  == correct!
1918th result -> 8   correct  ->  5  == correct!
1919th result -> 0   correct  ->  0  == correct!
1920th result -> 7   correct  ->  7  == correct!
1921th result -> 4   correct  ->  4  == correct!
1922th result -> 6   correct  ->  6  == correct!
1923th result -> 1   correct  ->  1  == correct!
1924th result -> 3   correct  ->  3  == correct!
1925th result -> 4   correct  ->  4  == correct!
1926th result -> 7   correct  ->  7  == correct!
1927th result -> 3   correct  ->  3  == correct!
1928th result -> 2   correct  ->  2  == correct!
1929th result -> 3   correct  ->  3  == correct!
1930th result -> 4   correct  ->  4  == correct!
1931th result -> 2   correct  ->  2  == correct!
1932th result -> 5   correct  ->  5  == correct!
1933th result -> 2   correct  ->  2  == correct!
1934th result -> 7   correct  ->  7  == correct!
1935th result -> 1   correct  ->  1  == correct!
1936th result -> 7   correct  ->  7  == correct!
1937th result -> 2   correct  ->  2  == correct!
1938th result -> 6   correct  ->  6  == correct!
1939th result -> 6   correct  ->  4  == correct!
1940th result -> 1   correct  ->  1  == correct!
1941th result -> 5   correct  ->  5  == correct!
1942th result -> 7   correct  ->  7  == correct!
1943th result -> 8   correct  ->  8  == correct!
1944th result -> 6   correct  ->  6  == correct!
1945th result -> 0   correct  ->  0  == correct!
1946th result -> 1   correct  ->  1  == correct!
1947th result -> 8   correct  ->  8  == correct!
1948th result -> 2   correct  ->  2  == correct!
1949th result -> 5   correct  ->  5  == correct!
1950th result -> 7   correct  ->  7  == correct!
1951th result -> 7   correct  ->  7  == correct!
1952th result -> 6   correct  ->  6  == correct!
1953th result -> 5   correct  ->  9  == correct!
1954th result -> 3   correct  ->  3  == correct!
1955th result -> 5   correct  ->  5  == correct!
1956th result -> 2   correct  ->  8  == correct!
1957th result -> 4   correct  ->  4  == correct!
1958th result -> 2   correct  ->  2  == correct!
1959th result -> 4   correct  ->  4  == correct!
1960th result -> 0   correct  ->  0  == correct!
1961th result -> 8   correct  ->  8  == correct!
1962th result -> 8   correct  ->  8  == correct!
1963th result -> 3   correct  ->  3  == correct!
1964th result -> 4   correct  ->  4  == correct!
1965th result -> 9   correct  ->  9  == correct!
1966th result -> 2   correct  ->  2  == correct!
1967th result -> 7   correct  ->  7  == correct!
1968th result -> 5   correct  ->  5  == correct!
1969th result -> 8   correct  ->  8  == correct!
1970th result -> 6   correct  ->  6  == correct!
1971th result -> 3   correct  ->  5  == correct!
1972th result -> 6   correct  ->  6  == correct!
1973th result -> 0   correct  ->  0  == correct!
1974th result -> 8   correct  ->  8  == correct!
1975th result -> 6   correct  ->  6  == correct!
1976th result -> 7   correct  ->  7  == correct!
1977th result -> 3   correct  ->  3  == correct!
1978th result -> 6   correct  ->  6  == correct!
1979th result -> 4   correct  ->  4  == correct!
1980th result -> 9   correct  ->  9  == correct!
1981th result -> 4   correct  ->  4  == correct!
1982th result -> 6   correct  ->  6  == correct!
1983th result -> 6   correct  ->  6  == correct!
1984th result -> 3   correct  ->  3  == correct!
1985th result -> 0   correct  ->  2  == correct!
1986th result -> 4   correct  ->  4  == correct!
1987th result -> 1   correct  ->  1  == correct!
1988th result -> 0   correct  ->  0  == correct!
1989th result -> 1   correct  ->  1  == correct!
1990th result -> 4   correct  ->  4  == correct!
1991th result -> 6   correct  ->  6  == correct!
1992th result -> 2   correct  ->  2  == correct!
1993th result -> 9   correct  ->  9  == correct!
1994th result -> 1   correct  ->  1  == correct!
1995th result -> 1   correct  ->  1  == correct!
1996th result -> 0   correct  ->  0  == correct!
1997th result -> 6   correct  ->  6  == correct!
1998th result -> 3   correct  ->  3  == correct!
1999th result -> 9   correct  ->  9  == correct!
2000th result -> 5   correct  ->  5  == correct!
2001th result -> 6   correct  ->  6  == correct!
2002th result -> 5   correct  ->  5  == correct!
2003th result -> 6   correct  ->  6  == correct!
2004th result -> 5   correct  ->  5  == correct!
2005th result -> 8   correct  ->  8  == correct!
2006th result -> 4   correct  ->  4  == correct!
2007th result -> 6   correct  ->  6  == correct!
2008th result -> 4   correct  ->  4  == correct!
2009th result -> 3   correct  ->  3  == correct!
2010th result -> 9   correct  ->  9  == correct!
2011th result -> 1   correct  ->  1  == correct!
2012th result -> 3   correct  ->  3  == correct!
2013th result -> 4   correct  ->  4  == correct!
2014th result -> 1   correct  ->  1  == correct!
2015th result -> 9   correct  ->  9  == correct!
2016th result -> 1   correct  ->  1  == correct!
2017th result -> 2   correct  ->  7  == correct!
2018th result -> 1   correct  ->  1  == correct!
2019th result -> 1   correct  ->  1  == correct!
2020th result -> 9   correct  ->  9  == correct!
2021th result -> 3   correct  ->  3  == correct!
2022th result -> 5   correct  ->  5  == correct!
2023th result -> 4   correct  ->  4  == correct!
2024th result -> 0   correct  ->  0  == correct!
2025th result -> 9   correct  ->  7  == correct!
2026th result -> 3   correct  ->  3  == correct!
2027th result -> 6   correct  ->  6  == correct!
2028th result -> 1   correct  ->  1  == correct!
2029th result -> 7   correct  ->  7  == correct!
2030th result -> 5   correct  ->  5  == correct!
2031th result -> 5   correct  ->  5  == correct!
2032th result -> 3   correct  ->  3  == correct!
2033th result -> 3   correct  ->  3  == correct!
2034th result -> 0   correct  ->  0  == correct!
2035th result -> 1   correct  ->  1  == correct!
2036th result -> 3   correct  ->  5  == correct!
2037th result -> 7   correct  ->  7  == correct!
2038th result -> 5   correct  ->  5  == correct!
2039th result -> 8   correct  ->  8  == correct!
2040th result -> 6   correct  ->  6  == correct!
2041th result -> 5   correct  ->  5  == correct!
2042th result -> 1   correct  ->  1  == correct!
2043th result -> 0   correct  ->  0  == correct!
2044th result -> 8   correct  ->  4  == correct!
2045th result -> 7   correct  ->  2  == correct!
2046th result -> 3   correct  ->  3  == correct!
2047th result -> 4   correct  ->  4  == correct!
2048th result -> 6   correct  ->  6  == correct!
2049th result -> 7   correct  ->  7  == correct!
2050th result -> 9   correct  ->  9  == correct!
2051th result -> 8   correct  ->  8  == correct!
2052th result -> 1   correct  ->  1  == correct!
2053th result -> 8   correct  ->  8  == correct!
2054th result -> 9   correct  ->  4  == correct!
2055th result -> 9   correct  ->  9  == correct!
2056th result -> 2   correct  ->  2  == correct!
2057th result -> 8   correct  ->  8  == correct!
2058th result -> 6   correct  ->  6  == correct!
2059th result -> 2   correct  ->  2  == correct!
2060th result -> 7   correct  ->  7  == correct!
2061th result -> 0   correct  ->  0  == correct!
2062th result -> 0   correct  ->  0  == correct!
2063th result -> 6   correct  ->  6  == correct!
2064th result -> 7   correct  ->  7  == correct!
2065th result -> 5   correct  ->  5  == correct!
2066th result -> 8   correct  ->  8  == correct!
2067th result -> 6   correct  ->  6  == correct!
2068th result -> 0   correct  ->  0  == correct!
2069th result -> 9   correct  ->  9  == correct!
2070th result -> 3   correct  ->  3  == correct!
2071th result -> 9   correct  ->  7  == correct!
2072th result -> 1   correct  ->  1  == correct!
2073th result -> 3   correct  ->  3  == correct!
2074th result -> 5   correct  ->  5  == correct!
2075th result -> 4   correct  ->  4  == correct!
2076th result -> 3   correct  ->  3  == correct!
2077th result -> 3   correct  ->  3  == correct!
2078th result -> 5   correct  ->  5  == correct!
2079th result -> 5   correct  ->  5  == correct!
2080th result -> 6   correct  ->  6  == correct!
2081th result -> 3   correct  ->  3  == correct!
2082th result -> 0   correct  ->  0  == correct!
2083th result -> 2   correct  ->  2  == correct!
2084th result -> 3   correct  ->  3  == correct!
2085th result -> 4   correct  ->  4  == correct!
2086th result -> 2   correct  ->  2  == correct!
2087th result -> 3   correct  ->  3  == correct!
2088th result -> 0   correct  ->  0  == correct!
2089th result -> 9   correct  ->  9  == correct!
2090th result -> 9   correct  ->  9  == correct!
2091th result -> 4   correct  ->  4  == correct!
2092th result -> 7   correct  ->  7  == correct!
2093th result -> 2   correct  ->  2  == correct!
2094th result -> 1   correct  ->  8  == correct!
2095th result -> 4   correct  ->  4  == correct!
2096th result -> 7   correct  ->  7  == correct!
2097th result -> 0   correct  ->  0  == correct!
2098th result -> 6   correct  ->  6  == correct!
2099th result -> 0   correct  ->  2  == correct!
2100th result -> 8   correct  ->  8  == correct!
2101th result -> 5   correct  ->  5  == correct!
2102th result -> 2   correct  ->  2  == correct!
2103th result -> 8   correct  ->  8  == correct!
2104th result -> 5   correct  ->  5  == correct!
2105th result -> 7   correct  ->  7  == correct!
2106th result -> 8   correct  ->  3  == correct!
2107th result -> 0   correct  ->  0  == correct!
2108th result -> 0   correct  ->  8  == correct!
2109th result -> 2   correct  ->  2  == correct!
2110th result -> 7   correct  ->  3  == correct!
2111th result -> 2   correct  ->  2  == correct!
2112th result -> 8   correct  ->  8  == correct!
2113th result -> 2   correct  ->  2  == correct!
2114th result -> 5   correct  ->  5  == correct!
2115th result -> 5   correct  ->  5  == correct!
2116th result -> 7   correct  ->  7  == correct!
2117th result -> 6   correct  ->  6  == correct!
2118th result -> 4   correct  ->  4  == correct!
2119th result -> 0   correct  ->  6  == correct!
2120th result -> 8   correct  ->  8  == correct!
2121th result -> 4   correct  ->  4  == correct!
2122th result -> 8   correct  ->  8  == correct!
2123th result -> 2   correct  ->  2  == correct!
2124th result -> 7   correct  ->  7  == correct!
2125th result -> 4   correct  ->  4  == correct!
2126th result -> 5   correct  ->  5  == correct!
2127th result -> 2   correct  ->  2  == correct!
2128th result -> 0   correct  ->  0  == correct!
2129th result -> 3   correct  ->  3  == correct!
2130th result -> 2   correct  ->  9  == correct!
2131th result -> 9   correct  ->  4  == correct!
2132th result -> 6   correct  ->  6  == correct!
2133th result -> 7   correct  ->  7  == correct!
2134th result -> 2   correct  ->  2  == correct!
2135th result -> 5   correct  ->  5  == correct!
2136th result -> 1   correct  ->  6  == correct!
2137th result -> 1   correct  ->  1  == correct!
2138th result -> 1   correct  ->  1  == correct!
2139th result -> 2   correct  ->  2  == correct!
2140th result -> 3   correct  ->  3  == correct!
2141th result -> 6   correct  ->  6  == correct!
2142th result -> 7   correct  ->  7  == correct!
2143th result -> 8   correct  ->  8  == correct!
2144th result -> 7   correct  ->  7  == correct!
2145th result -> 6   correct  ->  6  == correct!
2146th result -> 4   correct  ->  4  == correct!
2147th result -> 8   correct  ->  8  == correct!
2148th result -> 9   correct  ->  9  == correct!
2149th result -> 4   correct  ->  4  == correct!
2150th result -> 8   correct  ->  8  == correct!
2151th result -> 6   correct  ->  6  == correct!
2152th result -> 3   correct  ->  3  == correct!
2153th result -> 8   correct  ->  8  == correct!
2154th result -> 3   correct  ->  3  == correct!
2155th result -> 1   correct  ->  1  == correct!
2156th result -> 0   correct  ->  0  == correct!
2157th result -> 6   correct  ->  6  == correct!
2158th result -> 2   correct  ->  2  == correct!
2159th result -> 2   correct  ->  2  == correct!
2160th result -> 5   correct  ->  5  == correct!
2161th result -> 6   correct  ->  6  == correct!
2162th result -> 9   correct  ->  9  == correct!
2163th result -> 5   correct  ->  5  == correct!
2164th result -> 8   correct  ->  8  == correct!
2165th result -> 1   correct  ->  1  == correct!
2166th result -> 4   correct  ->  4  == correct!
2167th result -> 1   correct  ->  1  == correct!
2168th result -> 7   correct  ->  7  == correct!
2169th result -> 8   correct  ->  8  == correct!
2170th result -> 4   correct  ->  4  == correct!
2171th result -> 6   correct  ->  6  == correct!
2172th result -> 1   correct  ->  1  == correct!
2173th result -> 8   correct  ->  8  == correct!
2174th result -> 4   correct  ->  4  == correct!
2175th result -> 3   correct  ->  3  == correct!
2176th result -> 1   correct  ->  1  == correct!
2177th result -> 2   correct  ->  2  == correct!
2178th result -> 8   correct  ->  8  == correct!
2179th result -> 0   correct  ->  0  == correct!
2180th result -> 8   correct  ->  8  == correct!
2181th result -> 5   correct  ->  5  == correct!
2182th result -> 9   correct  ->  9  == correct!
2183th result -> 2   correct  ->  1  == correct!
2184th result -> 4   correct  ->  4  == correct!
2185th result -> 2   correct  ->  2  == correct!
2186th result -> 8   correct  ->  0  == correct!
2187th result -> 3   correct  ->  2  == correct!
2188th result -> 7   correct  ->  7  == correct!
2189th result -> 0   correct  ->  0  == correct!
2190th result -> 1   correct  ->  9  == correct!
2191th result -> 0   correct  ->  0  == correct!
2192th result -> 2   correct  ->  2  == correct!
2193th result -> 5   correct  ->  5  == correct!
2194th result -> 7   correct  ->  7  == correct!
2195th result -> 6   correct  ->  6  == correct!
2196th result -> 7   correct  ->  7  == correct!
2197th result -> 9   correct  ->  9  == correct!
2198th result -> 4   correct  ->  4  == correct!
2199th result -> 2   correct  ->  2  == correct!
2200th result -> 6   correct  ->  6  == correct!
2201th result -> 2   correct  ->  2  == correct!
2202th result -> 4   correct  ->  4  == correct!
2203th result -> 4   correct  ->  4  == correct!
2204th result -> 8   correct  ->  8  == correct!
2205th result -> 0   correct  ->  0  == correct!
2206th result -> 4   correct  ->  4  == correct!
2207th result -> 4   correct  ->  4  == correct!
2208th result -> 5   correct  ->  5  == correct!
2209th result -> 8   correct  ->  8  == correct!
2210th result -> 0   correct  ->  0  == correct!
2211th result -> 6   correct  ->  6  == correct!
2212th result -> 8   correct  ->  8  == correct!
2213th result -> 9   correct  ->  9  == correct!
2214th result -> 8   correct  ->  8  == correct!
2215th result -> 5   correct  ->  5  == correct!
2216th result -> 6   correct  ->  6  == correct!
2217th result -> 9   correct  ->  9  == correct!
2218th result -> 0   correct  ->  0  == correct!
2219th result -> 4   correct  ->  4  == correct!
2220th result -> 8   correct  ->  8  == correct!
2221th result -> 7   correct  ->  7  == correct!
2222th result -> 1   correct  ->  1  == correct!
2223th result -> 3   correct  ->  3  == correct!
2224th result -> 4   correct  ->  4  == correct!
2225th result -> 6   correct  ->  5  == correct!
2226th result -> 8   correct  ->  8  == correct!
2227th result -> 0   correct  ->  0  == correct!
2228th result -> 9   correct  ->  9  == correct!
2229th result -> 1   correct  ->  1  == correct!
2230th result -> 3   correct  ->  3  == correct!
2231th result -> 3   correct  ->  3  == correct!
2232th result -> 6   correct  ->  6  == correct!
2233th result -> 9   correct  ->  9  == correct!
2234th result -> 8   correct  ->  8  == correct!
2235th result -> 7   correct  ->  7  == correct!
2236th result -> 1   correct  ->  1  == correct!
2237th result -> 0   correct  ->  0  == correct!
2238th result -> 5   correct  ->  5  == correct!
2239th result -> 7   correct  ->  7  == correct!
2240th result -> 1   correct  ->  1  == correct!
2241th result -> 7   correct  ->  7  == correct!
2242th result -> 5   correct  ->  5  == correct!
2243th result -> 2   correct  ->  2  == correct!
2244th result -> 7   correct  ->  7  == correct!
2245th result -> 9   correct  ->  9  == correct!
2246th result -> 1   correct  ->  1  == correct!
2247th result -> 8   correct  ->  8  == correct!
2248th result -> 5   correct  ->  5  == correct!
2249th result -> 2   correct  ->  2  == correct!
2250th result -> 4   correct  ->  4  == correct!
2251th result -> 9   correct  ->  9  == correct!
2252th result -> 4   correct  ->  4  == correct!
2253th result -> 7   correct  ->  7  == correct!
2254th result -> 2   correct  ->  2  == correct!
2255th result -> 2   correct  ->  2  == correct!
2256th result -> 3   correct  ->  3  == correct!
2257th result -> 4   correct  ->  4  == correct!
2258th result -> 9   correct  ->  9  == correct!
2259th result -> 1   correct  ->  1  == correct!
2260th result -> 9   correct  ->  9  == correct!
2261th result -> 2   correct  ->  2  == correct!
2262th result -> 1   correct  ->  1  == correct!
2263th result -> 7   correct  ->  7  == correct!
2264th result -> 9   correct  ->  9  == correct!
2265th result -> 4   correct  ->  4  == correct!
2266th result -> 4   correct  ->  4  == correct!
2267th result -> 6   correct  ->  1  == correct!
2268th result -> 6   correct  ->  6  == correct!
2269th result -> 7   correct  ->  7  == correct!
2270th result -> 2   correct  ->  2  == correct!
2271th result -> 7   correct  ->  7  == correct!
2272th result -> 8   correct  ->  8  == correct!
2273th result -> 0   correct  ->  8  == correct!
2274th result -> 1   correct  ->  1  == correct!
2275th result -> 9   correct  ->  9  == correct!
2276th result -> 7   correct  ->  7  == correct!
2277th result -> 1   correct  ->  1  == correct!
2278th result -> 1   correct  ->  1  == correct!
2279th result -> 7   correct  ->  7  == correct!
2280th result -> 5   correct  ->  5  == correct!
2281th result -> 3   correct  ->  3  == correct!
2282th result -> 3   correct  ->  3  == correct!
2283th result -> 5   correct  ->  5  == correct!
2284th result -> 1   correct  ->  1  == correct!
2285th result -> 3   correct  ->  3  == correct!
2286th result -> 7   correct  ->  7  == correct!
2287th result -> 6   correct  ->  6  == correct!
2288th result -> 1   correct  ->  1  == correct!
2289th result -> 3   correct  ->  3  == correct!
2290th result -> 8   correct  ->  8  == correct!
2291th result -> 7   correct  ->  7  == correct!
2292th result -> 5   correct  ->  5  == correct!
2293th result -> 9   correct  ->  9  == correct!
2294th result -> 0   correct  ->  9  == correct!
2295th result -> 0   correct  ->  0  == correct!
2296th result -> 0   correct  ->  0  == correct!
2297th result -> 2   correct  ->  2  == correct!
2298th result -> 8   correct  ->  8  == correct!
2299th result -> 8   correct  ->  8  == correct!
2300th result -> 7   correct  ->  2  == correct!
2301th result -> 3   correct  ->  3  == correct!
2302th result -> 7   correct  ->  7  == correct!
2303th result -> 1   correct  ->  1  == correct!
2304th result -> 3   correct  ->  3  == correct!
2305th result -> 0   correct  ->  0  == correct!
2306th result -> 3   correct  ->  3  == correct!
2307th result -> 4   correct  ->  4  == correct!
2308th result -> 4   correct  ->  4  == correct!
2309th result -> 3   correct  ->  3  == correct!
2310th result -> 8   correct  ->  8  == correct!
2311th result -> 9   correct  ->  9  == correct!
2312th result -> 2   correct  ->  2  == correct!
2313th result -> 3   correct  ->  3  == correct!
2314th result -> 9   correct  ->  9  == correct!
2315th result -> 7   correct  ->  7  == correct!
2316th result -> 1   correct  ->  1  == correct!
2317th result -> 1   correct  ->  1  == correct!
2318th result -> 7   correct  ->  7  == correct!
2319th result -> 0   correct  ->  0  == correct!
2320th result -> 4   correct  ->  4  == correct!
2321th result -> 9   correct  ->  9  == correct!
2322th result -> 6   correct  ->  6  == correct!
2323th result -> 5   correct  ->  5  == correct!
2324th result -> 9   correct  ->  9  == correct!
2325th result -> 1   correct  ->  1  == correct!
2326th result -> 2   correct  ->  7  == correct!
2327th result -> 0   correct  ->  0  == correct!
2328th result -> 2   correct  ->  2  == correct!
2329th result -> 0   correct  ->  0  == correct!
2330th result -> 0   correct  ->  0  == correct!
2331th result -> 4   correct  ->  4  == correct!
2332th result -> 6   correct  ->  6  == correct!
2333th result -> 7   correct  ->  7  == correct!
2334th result -> 0   correct  ->  0  == correct!
2335th result -> 7   correct  ->  7  == correct!
2336th result -> 1   correct  ->  1  == correct!
2337th result -> 4   correct  ->  4  == correct!
2338th result -> 6   correct  ->  6  == correct!
2339th result -> 4   correct  ->  4  == correct!
2340th result -> 5   correct  ->  5  == correct!
2341th result -> 4   correct  ->  4  == correct!
2342th result -> 9   correct  ->  9  == correct!
2343th result -> 9   correct  ->  9  == correct!
2344th result -> 1   correct  ->  1  == correct!
2345th result -> 7   correct  ->  7  == correct!
2346th result -> 9   correct  ->  9  == correct!
2347th result -> 5   correct  ->  5  == correct!
2348th result -> 3   correct  ->  3  == correct!
2349th result -> 3   correct  ->  3  == correct!
2350th result -> 8   correct  ->  8  == correct!
2351th result -> 2   correct  ->  2  == correct!
2352th result -> 3   correct  ->  3  == correct!
2353th result -> 6   correct  ->  6  == correct!
2354th result -> 2   correct  ->  2  == correct!
2355th result -> 2   correct  ->  2  == correct!
2356th result -> 1   correct  ->  1  == correct!
2357th result -> 1   correct  ->  1  == correct!
2358th result -> 1   correct  ->  1  == correct!
2359th result -> 1   correct  ->  1  == correct!
2360th result -> 1   correct  ->  1  == correct!
2361th result -> 6   correct  ->  6  == correct!
2362th result -> 9   correct  ->  9  == correct!
2363th result -> 8   correct  ->  8  == correct!
2364th result -> 4   correct  ->  4  == correct!
2365th result -> 3   correct  ->  3  == correct!
2366th result -> 7   correct  ->  7  == correct!
2367th result -> 1   correct  ->  1  == correct!
2368th result -> 6   correct  ->  6  == correct!
2369th result -> 4   correct  ->  4  == correct!
2370th result -> 8   correct  ->  5  == correct!
2371th result -> 0   correct  ->  0  == correct!
2372th result -> 4   correct  ->  4  == correct!
2373th result -> 7   correct  ->  7  == correct!
2374th result -> 4   correct  ->  4  == correct!
2375th result -> 2   correct  ->  2  == correct!
2376th result -> 4   correct  ->  4  == correct!
2377th result -> 0   correct  ->  0  == correct!
2378th result -> 7   correct  ->  7  == correct!
2379th result -> 0   correct  ->  0  == correct!
2380th result -> 1   correct  ->  1  == correct!
2381th result -> 9   correct  ->  9  == correct!
2382th result -> 8   correct  ->  8  == correct!
2383th result -> 8   correct  ->  8  == correct!
2384th result -> 6   correct  ->  6  == correct!
2385th result -> 0   correct  ->  0  == correct!
2386th result -> 0   correct  ->  0  == correct!
2387th result -> 4   correct  ->  4  == correct!
2388th result -> 1   correct  ->  9  == correct!
2389th result -> 6   correct  ->  6  == correct!
2390th result -> 8   correct  ->  8  == correct!
2391th result -> 2   correct  ->  2  == correct!
2392th result -> 2   correct  ->  2  == correct!
2393th result -> 3   correct  ->  3  == correct!
2394th result -> 3   correct  ->  8  == correct!
2395th result -> 4   correct  ->  4  == correct!
2396th result -> 3   correct  ->  8  == correct!
2397th result -> 2   correct  ->  2  == correct!
2398th result -> 2   correct  ->  2  == correct!
2399th result -> 1   correct  ->  1  == correct!
2400th result -> 7   correct  ->  7  == correct!
2401th result -> 5   correct  ->  5  == correct!
2402th result -> 4   correct  ->  4  == correct!
2403th result -> 4   correct  ->  4  == correct!
2404th result -> 0   correct  ->  0  == correct!
2405th result -> 4   correct  ->  4  == correct!
2406th result -> 3   correct  ->  3  == correct!
2407th result -> 1   correct  ->  9  == correct!
2408th result -> 7   correct  ->  7  == correct!
2409th result -> 3   correct  ->  3  == correct!
2410th result -> 1   correct  ->  1  == correct!
2411th result -> 0   correct  ->  0  == correct!
2412th result -> 1   correct  ->  1  == correct!
2413th result -> 2   correct  ->  2  == correct!
2414th result -> 5   correct  ->  5  == correct!
2415th result -> 4   correct  ->  9  == correct!
2416th result -> 2   correct  ->  2  == correct!
2417th result -> 1   correct  ->  1  == correct!
2418th result -> 0   correct  ->  0  == correct!
2419th result -> 1   correct  ->  1  == correct!
2420th result -> 8   correct  ->  8  == correct!
2421th result -> 9   correct  ->  9  == correct!
2422th result -> 1   correct  ->  1  == correct!
2423th result -> 4   correct  ->  6  == correct!
2424th result -> 8   correct  ->  8  == correct!
2425th result -> 3   correct  ->  3  == correct!
2426th result -> 3   correct  ->  8  == correct!
2427th result -> 9   correct  ->  9  == correct!
2428th result -> 3   correct  ->  3  == correct!
2429th result -> 6   correct  ->  6  == correct!
2430th result -> 2   correct  ->  2  == correct!
2431th result -> 8   correct  ->  8  == correct!
2432th result -> 3   correct  ->  3  == correct!
2433th result -> 2   correct  ->  2  == correct!
2434th result -> 2   correct  ->  2  == correct!
2435th result -> 1   correct  ->  1  == correct!
2436th result -> 0   correct  ->  0  == correct!
2437th result -> 4   correct  ->  4  == correct!
2438th result -> 2   correct  ->  2  == correct!
2439th result -> 9   correct  ->  9  == correct!
2440th result -> 2   correct  ->  2  == correct!
2441th result -> 4   correct  ->  4  == correct!
2442th result -> 3   correct  ->  3  == correct!
2443th result -> 7   correct  ->  7  == correct!
2444th result -> 9   correct  ->  9  == correct!
2445th result -> 1   correct  ->  1  == correct!
2446th result -> 5   correct  ->  5  == correct!
2447th result -> 2   correct  ->  2  == correct!
2448th result -> 4   correct  ->  4  == correct!
2449th result -> 9   correct  ->  9  == correct!
2450th result -> 0   correct  ->  0  == correct!
2451th result -> 3   correct  ->  3  == correct!
2452th result -> 8   correct  ->  8  == correct!
2453th result -> 5   correct  ->  5  == correct!
2454th result -> 3   correct  ->  3  == correct!
2455th result -> 8   correct  ->  6  == correct!
2456th result -> 0   correct  ->  0  == correct!
2457th result -> 9   correct  ->  9  == correct!
2458th result -> 4   correct  ->  4  == correct!
2459th result -> 6   correct  ->  6  == correct!
2460th result -> 2   correct  ->  2  == correct!
2461th result -> 5   correct  ->  5  == correct!
2462th result -> 0   correct  ->  0  == correct!
2463th result -> 2   correct  ->  2  == correct!
2464th result -> 7   correct  ->  7  == correct!
2465th result -> 4   correct  ->  4  == correct!
2466th result -> 6   correct  ->  6  == correct!
2467th result -> 6   correct  ->  6  == correct!
2468th result -> 8   correct  ->  8  == correct!
2469th result -> 6   correct  ->  6  == correct!
2470th result -> 6   correct  ->  6  == correct!
2471th result -> 8   correct  ->  8  == correct!
2472th result -> 6   correct  ->  6  == correct!
2473th result -> 9   correct  ->  9  == correct!
2474th result -> 8   correct  ->  1  == correct!
2475th result -> 7   correct  ->  7  == correct!
2476th result -> 2   correct  ->  2  == correct!
2477th result -> 5   correct  ->  5  == correct!
2478th result -> 9   correct  ->  9  == correct!
2479th result -> 9   correct  ->  9  == correct!
2480th result -> 0   correct  ->  0  == correct!
2481th result -> 7   correct  ->  7  == correct!
2482th result -> 2   correct  ->  2  == correct!
2483th result -> 7   correct  ->  7  == correct!
2484th result -> 6   correct  ->  6  == correct!
2485th result -> 7   correct  ->  7  == correct!
2486th result -> 0   correct  ->  0  == correct!
2487th result -> 6   correct  ->  6  == correct!
2488th result -> 5   correct  ->  5  == correct!
2489th result -> 4   correct  ->  2  == correct!
2490th result -> 4   correct  ->  4  == correct!
2491th result -> 7   correct  ->  7  == correct!
2492th result -> 2   correct  ->  2  == correct!
2493th result -> 0   correct  ->  0  == correct!
2494th result -> 9   correct  ->  9  == correct!
2495th result -> 9   correct  ->  9  == correct!
2496th result -> 2   correct  ->  2  == correct!
2497th result -> 2   correct  ->  2  == correct!
2498th result -> 9   correct  ->  9  == correct!
2499th result -> 4   correct  ->  4  == correct!
2500th result -> 4   correct  ->  4  == correct!
2501th result -> 2   correct  ->  2  == correct!
2502th result -> 3   correct  ->  3  == correct!
2503th result -> 3   correct  ->  3  == correct!
2504th result -> 2   correct  ->  2  == correct!
2505th result -> 1   correct  ->  1  == correct!
2506th result -> 7   correct  ->  7  == correct!
2507th result -> 0   correct  ->  0  == correct!
2508th result -> 7   correct  ->  7  == correct!
2509th result -> 6   correct  ->  6  == correct!
2510th result -> 4   correct  ->  4  == correct!
2511th result -> 1   correct  ->  1  == correct!
2512th result -> 3   correct  ->  3  == correct!
2513th result -> 8   correct  ->  8  == correct!
2514th result -> 7   correct  ->  7  == correct!
2515th result -> 4   correct  ->  4  == correct!
2516th result -> 5   correct  ->  5  == correct!
2517th result -> 9   correct  ->  9  == correct!
2518th result -> 2   correct  ->  2  == correct!
2519th result -> 5   correct  ->  5  == correct!
2520th result -> 1   correct  ->  1  == correct!
2521th result -> 8   correct  ->  8  == correct!
2522th result -> 7   correct  ->  7  == correct!
2523th result -> 3   correct  ->  3  == correct!
2524th result -> 7   correct  ->  7  == correct!
2525th result -> 1   correct  ->  1  == correct!
2526th result -> 5   correct  ->  5  == correct!
2527th result -> 5   correct  ->  5  == correct!
2528th result -> 0   correct  ->  0  == correct!
2529th result -> 9   correct  ->  9  == correct!
2530th result -> 1   correct  ->  1  == correct!
2531th result -> 4   correct  ->  4  == correct!
2532th result -> 0   correct  ->  0  == correct!
2533th result -> 6   correct  ->  6  == correct!
2534th result -> 3   correct  ->  3  == correct!
2535th result -> 3   correct  ->  3  == correct!
2536th result -> 6   correct  ->  6  == correct!
2537th result -> 0   correct  ->  0  == correct!
2538th result -> 4   correct  ->  4  == correct!
2539th result -> 9   correct  ->  9  == correct!
2540th result -> 7   correct  ->  7  == correct!
2541th result -> 5   correct  ->  5  == correct!
2542th result -> 1   correct  ->  1  == correct!
2543th result -> 6   correct  ->  6  == correct!
2544th result -> 8   correct  ->  8  == correct!
2545th result -> 9   correct  ->  9  == correct!
2546th result -> 5   correct  ->  5  == correct!
2547th result -> 5   correct  ->  5  == correct!
2548th result -> 7   correct  ->  7  == correct!
2549th result -> 9   correct  ->  9  == correct!
2550th result -> 3   correct  ->  3  == correct!
2551th result -> 8   correct  ->  8  == correct!
2552th result -> 3   correct  ->  3  == correct!
2553th result -> 8   correct  ->  8  == correct!
2554th result -> 1   correct  ->  1  == correct!
2555th result -> 5   correct  ->  5  == correct!
2556th result -> 3   correct  ->  3  == correct!
2557th result -> 8   correct  ->  5  == correct!
2558th result -> 0   correct  ->  0  == correct!
2559th result -> 5   correct  ->  5  == correct!
2560th result -> 5   correct  ->  5  == correct!
2561th result -> 2   correct  ->  3  == correct!
2562th result -> 8   correct  ->  8  == correct!
2563th result -> 6   correct  ->  6  == correct!
2564th result -> 7   correct  ->  7  == correct!
2565th result -> 7   correct  ->  7  == correct!
2566th result -> 7   correct  ->  7  == correct!
2567th result -> 3   correct  ->  3  == correct!
2568th result -> 7   correct  ->  7  == correct!
2569th result -> 0   correct  ->  0  == correct!
2570th result -> 5   correct  ->  5  == correct!
2571th result -> 9   correct  ->  9  == correct!
2572th result -> 0   correct  ->  0  == correct!
2573th result -> 2   correct  ->  2  == correct!
2574th result -> 5   correct  ->  5  == correct!
2575th result -> 3   correct  ->  5  == correct!
2576th result -> 3   correct  ->  3  == correct!
2577th result -> 1   correct  ->  1  == correct!
2578th result -> 7   correct  ->  7  == correct!
2579th result -> 7   correct  ->  7  == correct!
2580th result -> 8   correct  ->  8  == correct!
2581th result -> 6   correct  ->  6  == correct!
2582th result -> 5   correct  ->  5  == correct!
2583th result -> 9   correct  ->  9  == correct!
2584th result -> 3   correct  ->  3  == correct!
2585th result -> 8   correct  ->  8  == correct!
2586th result -> 9   correct  ->  9  == correct!
2587th result -> 5   correct  ->  5  == correct!
2588th result -> 3   correct  ->  3  == correct!
2589th result -> 7   correct  ->  7  == correct!
2590th result -> 9   correct  ->  9  == correct!
2591th result -> 1   correct  ->  1  == correct!
2592th result -> 7   correct  ->  7  == correct!
2593th result -> 0   correct  ->  0  == correct!
2594th result -> 0   correct  ->  0  == correct!
2595th result -> 3   correct  ->  3  == correct!
2596th result -> 7   correct  ->  7  == correct!
2597th result -> 2   correct  ->  2  == correct!
2598th result -> 5   correct  ->  5  == correct!
2599th result -> 8   correct  ->  8  == correct!
2600th result -> 1   correct  ->  1  == correct!
2601th result -> 8   correct  ->  8  == correct!
2602th result -> 6   correct  ->  6  == correct!
2603th result -> 2   correct  ->  2  == correct!
2604th result -> 9   correct  ->  9  == correct!
2605th result -> 5   correct  ->  5  == correct!
2606th result -> 7   correct  ->  7  == correct!
2607th result -> 5   correct  ->  5  == correct!
2608th result -> 2   correct  ->  7  == correct!
2609th result -> 8   correct  ->  8  == correct!
2610th result -> 6   correct  ->  6  == correct!
2611th result -> 8   correct  ->  2  == correct!
2612th result -> 5   correct  ->  5  == correct!
2613th result -> 1   correct  ->  1  == correct!
2614th result -> 4   correct  ->  4  == correct!
2615th result -> 8   correct  ->  8  == correct!
2616th result -> 4   correct  ->  4  == correct!
2617th result -> 5   correct  ->  5  == correct!
2618th result -> 8   correct  ->  8  == correct!
2619th result -> 3   correct  ->  3  == correct!
2620th result -> 0   correct  ->  0  == correct!
2621th result -> 6   correct  ->  6  == correct!
2622th result -> 2   correct  ->  2  == correct!
2623th result -> 7   correct  ->  7  == correct!
2624th result -> 3   correct  ->  3  == correct!
2625th result -> 3   correct  ->  3  == correct!
2626th result -> 2   correct  ->  2  == correct!
2627th result -> 1   correct  ->  1  == correct!
2628th result -> 0   correct  ->  0  == correct!
2629th result -> 7   correct  ->  7  == correct!
2630th result -> 3   correct  ->  3  == correct!
2631th result -> 4   correct  ->  4  == correct!
2632th result -> 6   correct  ->  0  == correct!
2633th result -> 3   correct  ->  3  == correct!
2634th result -> 9   correct  ->  9  == correct!
2635th result -> 3   correct  ->  3  == correct!
2636th result -> 2   correct  ->  2  == correct!
2637th result -> 8   correct  ->  8  == correct!
2638th result -> 9   correct  ->  9  == correct!
2639th result -> 0   correct  ->  0  == correct!
2640th result -> 3   correct  ->  3  == correct!
2641th result -> 8   correct  ->  8  == correct!
2642th result -> 0   correct  ->  0  == correct!
2643th result -> 7   correct  ->  7  == correct!
2644th result -> 6   correct  ->  6  == correct!
2645th result -> 5   correct  ->  5  == correct!
2646th result -> 4   correct  ->  4  == correct!
2647th result -> 7   correct  ->  7  == correct!
2648th result -> 3   correct  ->  3  == correct!
2649th result -> 0   correct  ->  9  == correct!
2650th result -> 0   correct  ->  0  == correct!
2651th result -> 8   correct  ->  8  == correct!
2652th result -> 6   correct  ->  6  == correct!
2653th result -> 2   correct  ->  2  == correct!
2654th result -> 5   correct  ->  5  == correct!
2655th result -> 1   correct  ->  6  == correct!
2656th result -> 1   correct  ->  1  == correct!
2657th result -> 0   correct  ->  0  == correct!
2658th result -> 0   correct  ->  0  == correct!
2659th result -> 4   correct  ->  4  == correct!
2660th result -> 4   correct  ->  4  == correct!
2661th result -> 0   correct  ->  0  == correct!
2662th result -> 1   correct  ->  1  == correct!
2663th result -> 2   correct  ->  2  == correct!
2664th result -> 3   correct  ->  3  == correct!
2665th result -> 2   correct  ->  2  == correct!
2666th result -> 7   correct  ->  7  == correct!
2667th result -> 7   correct  ->  7  == correct!
2668th result -> 8   correct  ->  8  == correct!
2669th result -> 5   correct  ->  5  == correct!
2670th result -> 2   correct  ->  2  == correct!
2671th result -> 8   correct  ->  5  == correct!
2672th result -> 7   correct  ->  7  == correct!
2673th result -> 6   correct  ->  6  == correct!
2674th result -> 9   correct  ->  9  == correct!
2675th result -> 1   correct  ->  1  == correct!
2676th result -> 4   correct  ->  4  == correct!
2677th result -> 1   correct  ->  1  == correct!
2678th result -> 6   correct  ->  6  == correct!
2679th result -> 4   correct  ->  4  == correct!
2680th result -> 2   correct  ->  2  == correct!
2681th result -> 4   correct  ->  4  == correct!
2682th result -> 3   correct  ->  3  == correct!
2683th result -> 5   correct  ->  5  == correct!
2684th result -> 4   correct  ->  4  == correct!
2685th result -> 3   correct  ->  3  == correct!
2686th result -> 9   correct  ->  9  == correct!
2687th result -> 5   correct  ->  5  == correct!
2688th result -> 0   correct  ->  0  == correct!
2689th result -> 1   correct  ->  1  == correct!
2690th result -> 5   correct  ->  5  == correct!
2691th result -> 3   correct  ->  3  == correct!
2692th result -> 8   correct  ->  8  == correct!
2693th result -> 9   correct  ->  9  == correct!
2694th result -> 1   correct  ->  1  == correct!
2695th result -> 9   correct  ->  9  == correct!
2696th result -> 7   correct  ->  7  == correct!
2697th result -> 9   correct  ->  9  == correct!
2698th result -> 5   correct  ->  5  == correct!
2699th result -> 5   correct  ->  5  == correct!
2700th result -> 2   correct  ->  2  == correct!
2701th result -> 7   correct  ->  7  == correct!
2702th result -> 4   correct  ->  4  == correct!
2703th result -> 6   correct  ->  6  == correct!
2704th result -> 0   correct  ->  0  == correct!
2705th result -> 1   correct  ->  1  == correct!
2706th result -> 1   correct  ->  1  == correct!
2707th result -> 1   correct  ->  1  == correct!
2708th result -> 0   correct  ->  0  == correct!
2709th result -> 4   correct  ->  4  == correct!
2710th result -> 4   correct  ->  4  == correct!
2711th result -> 7   correct  ->  7  == correct!
2712th result -> 6   correct  ->  6  == correct!
2713th result -> 3   correct  ->  3  == correct!
2714th result -> 0   correct  ->  0  == correct!
2715th result -> 0   correct  ->  0  == correct!
2716th result -> 4   correct  ->  4  == correct!
2717th result -> 3   correct  ->  3  == correct!
2718th result -> 0   correct  ->  0  == correct!
2719th result -> 6   correct  ->  6  == correct!
2720th result -> 1   correct  ->  1  == correct!
2721th result -> 9   correct  ->  9  == correct!
2722th result -> 6   correct  ->  6  == correct!
2723th result -> 1   correct  ->  1  == correct!
2724th result -> 3   correct  ->  3  == correct!
2725th result -> 8   correct  ->  8  == correct!
2726th result -> 1   correct  ->  1  == correct!
2727th result -> 2   correct  ->  2  == correct!
2728th result -> 5   correct  ->  5  == correct!
2729th result -> 6   correct  ->  6  == correct!
2730th result -> 2   correct  ->  2  == correct!
2731th result -> 4   correct  ->  7  == correct!
2732th result -> 3   correct  ->  3  == correct!
2733th result -> 6   correct  ->  6  == correct!
2734th result -> 0   correct  ->  0  == correct!
2735th result -> 1   correct  ->  1  == correct!
2736th result -> 9   correct  ->  9  == correct!
2737th result -> 7   correct  ->  7  == correct!
2738th result -> 6   correct  ->  6  == correct!
2739th result -> 6   correct  ->  6  == correct!
2740th result -> 8   correct  ->  8  == correct!
2741th result -> 9   correct  ->  9  == correct!
2742th result -> 2   correct  ->  2  == correct!
2743th result -> 9   correct  ->  9  == correct!
2744th result -> 5   correct  ->  5  == correct!
2745th result -> 8   correct  ->  8  == correct!
2746th result -> 3   correct  ->  3  == correct!
2747th result -> 1   correct  ->  1  == correct!
2748th result -> 0   correct  ->  0  == correct!
2749th result -> 0   correct  ->  0  == correct!
2750th result -> 7   correct  ->  7  == correct!
2751th result -> 6   correct  ->  6  == correct!
2752th result -> 6   correct  ->  6  == correct!
2753th result -> 2   correct  ->  2  == correct!
2754th result -> 1   correct  ->  1  == correct!
2755th result -> 6   correct  ->  6  == correct!
2756th result -> 9   correct  ->  9  == correct!
2757th result -> 3   correct  ->  3  == correct!
2758th result -> 1   correct  ->  1  == correct!
2759th result -> 8   correct  ->  8  == correct!
2760th result -> 6   correct  ->  6  == correct!
2761th result -> 4   correct  ->  9  == correct!
2762th result -> 0   correct  ->  0  == correct!
2763th result -> 6   correct  ->  6  == correct!
2764th result -> 0   correct  ->  0  == correct!
2765th result -> 0   correct  ->  0  == correct!
2766th result -> 0   correct  ->  0  == correct!
2767th result -> 6   correct  ->  6  == correct!
2768th result -> 3   correct  ->  3  == correct!
2769th result -> 5   correct  ->  5  == correct!
2770th result -> 9   correct  ->  9  == correct!
2771th result -> 3   correct  ->  3  == correct!
2772th result -> 4   correct  ->  4  == correct!
2773th result -> 5   correct  ->  5  == correct!
2774th result -> 5   correct  ->  5  == correct!
2775th result -> 8   correct  ->  8  == correct!
2776th result -> 5   correct  ->  5  == correct!
2777th result -> 3   correct  ->  3  == correct!
2778th result -> 0   correct  ->  0  == correct!
2779th result -> 4   correct  ->  4  == correct!
2780th result -> 0   correct  ->  0  == correct!
2781th result -> 3   correct  ->  2  == correct!
2782th result -> 9   correct  ->  9  == correct!
2783th result -> 6   correct  ->  6  == correct!
2784th result -> 8   correct  ->  8  == correct!
2785th result -> 2   correct  ->  2  == correct!
2786th result -> 3   correct  ->  3  == correct!
2787th result -> 1   correct  ->  1  == correct!
2788th result -> 2   correct  ->  2  == correct!
2789th result -> 1   correct  ->  1  == correct!
2790th result -> 1   correct  ->  1  == correct!
2791th result -> 5   correct  ->  5  == correct!
2792th result -> 6   correct  ->  6  == correct!
2793th result -> 9   correct  ->  9  == correct!
2794th result -> 8   correct  ->  8  == correct!
2795th result -> 0   correct  ->  0  == correct!
2796th result -> 6   correct  ->  6  == correct!
2797th result -> 6   correct  ->  6  == correct!
2798th result -> 5   correct  ->  5  == correct!
2799th result -> 5   correct  ->  5  == correct!
2800th result -> 3   correct  ->  3  == correct!
2801th result -> 8   correct  ->  8  == correct!
2802th result -> 6   correct  ->  6  == correct!
2803th result -> 2   correct  ->  2  == correct!
2804th result -> 1   correct  ->  1  == correct!
2805th result -> 4   correct  ->  4  == correct!
2806th result -> 5   correct  ->  5  == correct!
2807th result -> 4   correct  ->  4  == correct!
2808th result -> 3   correct  ->  3  == correct!
2809th result -> 7   correct  ->  7  == correct!
2810th result -> 8   correct  ->  8  == correct!
2811th result -> 5   correct  ->  5  == correct!
2812th result -> 0   correct  ->  0  == correct!
2813th result -> 9   correct  ->  9  == correct!
2814th result -> 3   correct  ->  3  == correct!
2815th result -> 5   correct  ->  5  == correct!
2816th result -> 1   correct  ->  1  == correct!
2817th result -> 1   correct  ->  1  == correct!
2818th result -> 0   correct  ->  0  == correct!
2819th result -> 4   correct  ->  4  == correct!
2820th result -> 4   correct  ->  4  == correct!
2821th result -> 7   correct  ->  7  == correct!
2822th result -> 0   correct  ->  0  == correct!
2823th result -> 1   correct  ->  1  == correct!
2824th result -> 7   correct  ->  7  == correct!
2825th result -> 0   correct  ->  0  == correct!
2826th result -> 1   correct  ->  1  == correct!
2827th result -> 6   correct  ->  6  == correct!
2828th result -> 1   correct  ->  1  == correct!
2829th result -> 4   correct  ->  4  == correct!
2830th result -> 5   correct  ->  5  == correct!
2831th result -> 6   correct  ->  6  == correct!
2832th result -> 6   correct  ->  6  == correct!
2833th result -> 5   correct  ->  5  == correct!
2834th result -> 7   correct  ->  7  == correct!
2835th result -> 8   correct  ->  8  == correct!
2836th result -> 4   correct  ->  4  == correct!
2837th result -> 4   correct  ->  4  == correct!
2838th result -> 7   correct  ->  7  == correct!
2839th result -> 2   correct  ->  2  == correct!
2840th result -> 5   correct  ->  5  == correct!
2841th result -> 3   correct  ->  3  == correct!
2842th result -> 7   correct  ->  7  == correct!
2843th result -> 0   correct  ->  0  == correct!
2844th result -> 7   correct  ->  7  == correct!
2845th result -> 7   correct  ->  7  == correct!
2846th result -> 9   correct  ->  9  == correct!
2847th result -> 6   correct  ->  6  == correct!
2848th result -> 4   correct  ->  4  == correct!
2849th result -> 2   correct  ->  2  == correct!
2850th result -> 8   correct  ->  8  == correct!
2851th result -> 3   correct  ->  5  == correct!
2852th result -> 7   correct  ->  7  == correct!
2853th result -> 8   correct  ->  8  == correct!
2854th result -> 3   correct  ->  3  == correct!
2855th result -> 9   correct  ->  9  == correct!
2856th result -> 5   correct  ->  5  == correct!
2857th result -> 8   correct  ->  8  == correct!
2858th result -> 9   correct  ->  9  == correct!
2859th result -> 9   correct  ->  9  == correct!
2860th result -> 8   correct  ->  8  == correct!
2861th result -> 6   correct  ->  6  == correct!
2862th result -> 2   correct  ->  2  == correct!
2863th result -> 8   correct  ->  8  == correct!
2864th result -> 9   correct  ->  9  == correct!
2865th result -> 2   correct  ->  2  == correct!
2866th result -> 3   correct  ->  3  == correct!
2867th result -> 6   correct  ->  6  == correct!
2868th result -> 1   correct  ->  1  == correct!
2869th result -> 1   correct  ->  1  == correct!
2870th result -> 8   correct  ->  8  == correct!
2871th result -> 9   correct  ->  9  == correct!
2872th result -> 3   correct  ->  3  == correct!
2873th result -> 4   correct  ->  4  == correct!
2874th result -> 0   correct  ->  0  == correct!
2875th result -> 7   correct  ->  7  == correct!
2876th result -> 9   correct  ->  9  == correct!
2877th result -> 6   correct  ->  6  == correct!
2878th result -> 4   correct  ->  4  == correct!
2879th result -> 1   correct  ->  1  == correct!
2880th result -> 4   correct  ->  4  == correct!
2881th result -> 1   correct  ->  1  == correct!
2882th result -> 3   correct  ->  3  == correct!
2883th result -> 4   correct  ->  4  == correct!
2884th result -> 9   correct  ->  9  == correct!
2885th result -> 3   correct  ->  3  == correct!
2886th result -> 1   correct  ->  1  == correct!
2887th result -> 4   correct  ->  4  == correct!
2888th result -> 7   correct  ->  7  == correct!
2889th result -> 7   correct  ->  7  == correct!
2890th result -> 4   correct  ->  4  == correct!
2891th result -> 7   correct  ->  7  == correct!
2892th result -> 2   correct  ->  2  == correct!
2893th result -> 9   correct  ->  9  == correct!
2894th result -> 3   correct  ->  3  == correct!
2895th result -> 0   correct  ->  0  == correct!
2896th result -> 8   correct  ->  8  == correct!
2897th result -> 0   correct  ->  8  == correct!
2898th result -> 8   correct  ->  8  == correct!
2899th result -> 4   correct  ->  4  == correct!
2900th result -> 0   correct  ->  0  == correct!
2901th result -> 4   correct  ->  4  == correct!
2902th result -> 4   correct  ->  4  == correct!
2903th result -> 1   correct  ->  1  == correct!
2904th result -> 5   correct  ->  5  == correct!
2905th result -> 2   correct  ->  2  == correct!
2906th result -> 8   correct  ->  8  == correct!
2907th result -> 3   correct  ->  3  == correct!
2908th result -> 4   correct  ->  4  == correct!
2909th result -> 9   correct  ->  9  == correct!
2910th result -> 5   correct  ->  5  == correct!
2911th result -> 2   correct  ->  2  == correct!
2912th result -> 8   correct  ->  8  == correct!
2913th result -> 1   correct  ->  1  == correct!
2914th result -> 5   correct  ->  5  == correct!
2915th result -> 3   correct  ->  3  == correct!
2916th result -> 7   correct  ->  7  == correct!
2917th result -> 9   correct  ->  9  == correct!
2918th result -> 4   correct  ->  4  == correct!
2919th result -> 2   correct  ->  2  == correct!
2920th result -> 5   correct  ->  5  == correct!
2921th result -> 6   correct  ->  6  == correct!
2922th result -> 3   correct  ->  3  == correct!
2923th result -> 5   correct  ->  5  == correct!
2924th result -> 9   correct  ->  9  == correct!
2925th result -> 3   correct  ->  3  == correct!
2926th result -> 5   correct  ->  5  == correct!
2927th result -> 9   correct  ->  9  == correct!
2928th result -> 2   correct  ->  3  == correct!
2929th result -> 1   correct  ->  1  == correct!
2930th result -> 9   correct  ->  9  == correct!
2931th result -> 7   correct  ->  5  == correct!
2932th result -> 3   correct  ->  3  == correct!
2933th result -> 0   correct  ->  0  == correct!
2934th result -> 6   correct  ->  6  == correct!
2935th result -> 9   correct  ->  9  == correct!
2936th result -> 8   correct  ->  8  == correct!
2937th result -> 4   correct  ->  4  == correct!
2938th result -> 0   correct  ->  0  == correct!
2939th result -> 4   correct  ->  4  == correct!
2940th result -> 9   correct  ->  9  == correct!
2941th result -> 2   correct  ->  2  == correct!
2942th result -> 9   correct  ->  9  == correct!
2943th result -> 0   correct  ->  0  == correct!
2944th result -> 1   correct  ->  1  == correct!
2945th result -> 0   correct  ->  0  == correct!
2946th result -> 3   correct  ->  3  == correct!
2947th result -> 1   correct  ->  1  == correct!
2948th result -> 6   correct  ->  6  == correct!
2949th result -> 5   correct  ->  5  == correct!
2950th result -> 8   correct  ->  8  == correct!
2951th result -> 1   correct  ->  1  == correct!
2952th result -> 5   correct  ->  5  == correct!
2953th result -> 3   correct  ->  3  == correct!
2954th result -> 5   correct  ->  3  == correct!
2955th result -> 0   correct  ->  0  == correct!
2956th result -> 3   correct  ->  3  == correct!
2957th result -> 5   correct  ->  5  == correct!
2958th result -> 5   correct  ->  5  == correct!
2959th result -> 9   correct  ->  9  == correct!
2960th result -> 2   correct  ->  2  == correct!
2961th result -> 8   correct  ->  8  == correct!
2962th result -> 7   correct  ->  7  == correct!
2963th result -> 0   correct  ->  0  == correct!
2964th result -> 4   correct  ->  4  == correct!
2965th result -> 9   correct  ->  9  == correct!
2966th result -> 1   correct  ->  1  == correct!
2967th result -> 9   correct  ->  9  == correct!
2968th result -> 7   correct  ->  7  == correct!
2969th result -> 7   correct  ->  7  == correct!
2970th result -> 5   correct  ->  5  == correct!
2971th result -> 3   correct  ->  5  == correct!
2972th result -> 2   correct  ->  2  == correct!
2973th result -> 0   correct  ->  0  == correct!
2974th result -> 9   correct  ->  9  == correct!
2975th result -> 1   correct  ->  1  == correct!
2976th result -> 8   correct  ->  8  == correct!
2977th result -> 6   correct  ->  6  == correct!
2978th result -> 2   correct  ->  2  == correct!
2979th result -> 3   correct  ->  3  == correct!
2980th result -> 9   correct  ->  9  == correct!
2981th result -> 6   correct  ->  6  == correct!
2982th result -> 2   correct  ->  2  == correct!
2983th result -> 1   correct  ->  1  == correct!
2984th result -> 9   correct  ->  9  == correct!
2985th result -> 1   correct  ->  1  == correct!
2986th result -> 3   correct  ->  3  == correct!
2987th result -> 5   correct  ->  5  == correct!
2988th result -> 5   correct  ->  5  == correct!
2989th result -> 0   correct  ->  0  == correct!
2990th result -> 3   correct  ->  3  == correct!
2991th result -> 8   correct  ->  8  == correct!
2992th result -> 3   correct  ->  3  == correct!
2993th result -> 3   correct  ->  3  == correct!
2994th result -> 7   correct  ->  7  == correct!
2995th result -> 6   correct  ->  6  == correct!
2996th result -> 8   correct  ->  6  == correct!
2997th result -> 0   correct  ->  0  == correct!
2998th result -> 1   correct  ->  1  == correct!
2999th result -> 4   correct  ->  4  == correct!
3000th result -> 0   correct  ->  0  == correct!
3001th result -> 6   correct  ->  6  == correct!
3002th result -> 9   correct  ->  9  == correct!
3003th result -> 8   correct  ->  8  == correct!
3004th result -> 1   correct  ->  1  == correct!
3005th result -> 2   correct  ->  2  == correct!
3006th result -> 1   correct  ->  9  == correct!
3007th result -> 9   correct  ->  9  == correct!
3008th result -> 5   correct  ->  5  == correct!
3009th result -> 9   correct  ->  9  == correct!
3010th result -> 7   correct  ->  7  == correct!
3011th result -> 3   correct  ->  3  == correct!
3012th result -> 7   correct  ->  7  == correct!
3013th result -> 8   correct  ->  8  == correct!
3014th result -> 0   correct  ->  0  == correct!
3015th result -> 1   correct  ->  1  == correct!
3016th result -> 3   correct  ->  3  == correct!
3017th result -> 0   correct  ->  0  == correct!
3018th result -> 4   correct  ->  4  == correct!
3019th result -> 6   correct  ->  6  == correct!
3020th result -> 1   correct  ->  1  == correct!
3021th result -> 0   correct  ->  0  == correct!
3022th result -> 2   correct  ->  2  == correct!
3023th result -> 5   correct  ->  5  == correct!
3024th result -> 8   correct  ->  8  == correct!
3025th result -> 4   correct  ->  4  == correct!
3026th result -> 4   correct  ->  4  == correct!
3027th result -> 1   correct  ->  1  == correct!
3028th result -> 1   correct  ->  1  == correct!
3029th result -> 5   correct  ->  5  == correct!
3030th result -> 4   correct  ->  4  == correct!
3031th result -> 6   correct  ->  6  == correct!
3032th result -> 6   correct  ->  6  == correct!
3033th result -> 0   correct  ->  0  == correct!
3034th result -> 6   correct  ->  6  == correct!
3035th result -> 9   correct  ->  9  == correct!
3036th result -> 2   correct  ->  2  == correct!
3037th result -> 6   correct  ->  6  == correct!
3038th result -> 2   correct  ->  2  == correct!
3039th result -> 7   correct  ->  7  == correct!
3040th result -> 1   correct  ->  1  == correct!
3041th result -> 7   correct  ->  7  == correct!
3042th result -> 9   correct  ->  9  == correct!
3043th result -> 4   correct  ->  4  == correct!
3044th result -> 0   correct  ->  0  == correct!
3045th result -> 0   correct  ->  0  == correct!
3046th result -> 3   correct  ->  3  == correct!
3047th result -> 8   correct  ->  8  == correct!
3048th result -> 2   correct  ->  2  == correct!
3049th result -> 2   correct  ->  2  == correct!
3050th result -> 3   correct  ->  3  == correct!
3051th result -> 1   correct  ->  1  == correct!
3052th result -> 6   correct  ->  6  == correct!
3053th result -> 0   correct  ->  0  == correct!
3054th result -> 5   correct  ->  5  == correct!
3055th result -> 7   correct  ->  7  == correct!
3056th result -> 7   correct  ->  7  == correct!
3057th result -> 9   correct  ->  9  == correct!
3058th result -> 2   correct  ->  2  == correct!
3059th result -> 6   correct  ->  6  == correct!
3060th result -> 7   correct  ->  7  == correct!
3061th result -> 7   correct  ->  9  == correct!
3062th result -> 7   correct  ->  7  == correct!
3063th result -> 8   correct  ->  8  == correct!
3064th result -> 6   correct  ->  6  == correct!
3065th result -> 8   correct  ->  8  == correct!
3066th result -> 8   correct  ->  8  == correct!
3067th result -> 4   correct  ->  4  == correct!
3068th result -> 6   correct  ->  6  == correct!
3069th result -> 8   correct  ->  8  == correct!
3070th result -> 4   correct  ->  4  == correct!
3071th result -> 1   correct  ->  1  == correct!
3072th result -> 2   correct  ->  2  == correct!
3073th result -> 8   correct  ->  8  == correct!
3074th result -> 2   correct  ->  1  == correct!
3075th result -> 3   correct  ->  3  == correct!
3076th result -> 9   correct  ->  9  == correct!
3077th result -> 4   correct  ->  4  == correct!
3078th result -> 0   correct  ->  0  == correct!
3079th result -> 3   correct  ->  3  == correct!
3080th result -> 7   correct  ->  7  == correct!
3081th result -> 3   correct  ->  3  == correct!
3082th result -> 2   correct  ->  2  == correct!
3083th result -> 3   correct  ->  3  == correct!
3084th result -> 3   correct  ->  3  == correct!
3085th result -> 7   correct  ->  7  == correct!
3086th result -> 3   correct  ->  3  == correct!
3087th result -> 4   correct  ->  4  == correct!
3088th result -> 0   correct  ->  0  == correct!
3089th result -> 6   correct  ->  6  == correct!
3090th result -> 2   correct  ->  2  == correct!
3091th result -> 0   correct  ->  0  == correct!
3092th result -> 8   correct  ->  8  == correct!
3093th result -> 1   correct  ->  1  == correct!
3094th result -> 5   correct  ->  5  == correct!
3095th result -> 3   correct  ->  3  == correct!
3096th result -> 5   correct  ->  5  == correct!
3097th result -> 4   correct  ->  4  == correct!
3098th result -> 1   correct  ->  1  == correct!
3099th result -> 7   correct  ->  7  == correct!
3100th result -> 1   correct  ->  1  == correct!
3101th result -> 3   correct  ->  5  == correct!
3102th result -> 7   correct  ->  7  == correct!
3103th result -> 5   correct  ->  5  == correct!
3104th result -> 7   correct  ->  7  == correct!
3105th result -> 3   correct  ->  3  == correct!
3106th result -> 2   correct  ->  2  == correct!
3107th result -> 2   correct  ->  2  == correct!
3108th result -> 7   correct  ->  7  == correct!
3109th result -> 3   correct  ->  3  == correct!
3110th result -> 7   correct  ->  7  == correct!
3111th result -> 3   correct  ->  3  == correct!
3112th result -> 7   correct  ->  7  == correct!
3113th result -> 8   correct  ->  8  == correct!
3114th result -> 5   correct  ->  5  == correct!
3115th result -> 4   correct  ->  4  == correct!
3116th result -> 5   correct  ->  5  == correct!
3117th result -> 2   correct  ->  2  == correct!
3118th result -> 9   correct  ->  5  == correct!
3119th result -> 6   correct  ->  6  == correct!
3120th result -> 5   correct  ->  5  == correct!
3121th result -> 3   correct  ->  3  == correct!
3122th result -> 6   correct  ->  6  == correct!
3123th result -> 7   correct  ->  7  == correct!
3124th result -> 4   correct  ->  4  == correct!
3125th result -> 1   correct  ->  1  == correct!
3126th result -> 7   correct  ->  7  == correct!
3127th result -> 1   correct  ->  1  == correct!
3128th result -> 5   correct  ->  5  == correct!
3129th result -> 2   correct  ->  2  == correct!
3130th result -> 3   correct  ->  3  == correct!
3131th result -> 6   correct  ->  6  == correct!
3132th result -> 3   correct  ->  3  == correct!
3133th result -> 2   correct  ->  1  == correct!
3134th result -> 9   correct  ->  4  == correct!
3135th result -> 2   correct  ->  2  == correct!
3136th result -> 6   correct  ->  6  == correct!
3137th result -> 7   correct  ->  7  == correct!
3138th result -> 4   correct  ->  4  == correct!
3139th result -> 3   correct  ->  3  == correct!
3140th result -> 8   correct  ->  8  == correct!
3141th result -> 0   correct  ->  0  == correct!
3142th result -> 6   correct  ->  6  == correct!
3143th result -> 2   correct  ->  2  == correct!
3144th result -> 1   correct  ->  1  == correct!
3145th result -> 6   correct  ->  6  == correct!
3146th result -> 9   correct  ->  5  == correct!
3147th result -> 3   correct  ->  3  == correct!
3148th result -> 9   correct  ->  9  == correct!
3149th result -> 1   correct  ->  1  == correct!
3150th result -> 9   correct  ->  9  == correct!
3151th result -> 3   correct  ->  3  == correct!
3152th result -> 2   correct  ->  2  == correct!
3153th result -> 1   correct  ->  1  == correct!
3154th result -> 8   correct  ->  8  == correct!
3155th result -> 4   correct  ->  4  == correct!
3156th result -> 4   correct  ->  4  == correct!
3157th result -> 6   correct  ->  6  == correct!
3158th result -> 5   correct  ->  5  == correct!
3159th result -> 8   correct  ->  8  == correct!
3160th result -> 6   correct  ->  6  == correct!
3161th result -> 9   correct  ->  9  == correct!
3162th result -> 7   correct  ->  7  == correct!
3163th result -> 7   correct  ->  7  == correct!
3164th result -> 8   correct  ->  8  == correct!
3165th result -> 6   correct  ->  6  == correct!
3166th result -> 9   correct  ->  9  == correct!
3167th result -> 7   correct  ->  7  == correct!
3168th result -> 3   correct  ->  3  == correct!
3169th result -> 9   correct  ->  9  == correct!
3170th result -> 4   correct  ->  4  == correct!
3171th result -> 0   correct  ->  0  == correct!
3172th result -> 5   correct  ->  5  == correct!
3173th result -> 4   correct  ->  4  == correct!
3174th result -> 6   correct  ->  6  == correct!
3175th result -> 4   correct  ->  4  == correct!
3176th result -> 1   correct  ->  1  == correct!
3177th result -> 2   correct  ->  2  == correct!
3178th result -> 3   correct  ->  3  == correct!
3179th result -> 0   correct  ->  0  == correct!
3180th result -> 0   correct  ->  0  == correct!
3181th result -> 2   correct  ->  2  == correct!
3182th result -> 6   correct  ->  6  == correct!
3183th result -> 6   correct  ->  6  == correct!
3184th result -> 5   correct  ->  5  == correct!
3185th result -> 7   correct  ->  7  == correct!
3186th result -> 0   correct  ->  0  == correct!
3187th result -> 8   correct  ->  8  == correct!
3188th result -> 6   correct  ->  6  == correct!
3189th result -> 4   correct  ->  4  == correct!
3190th result -> 7   correct  ->  7  == correct!
3191th result -> 9   correct  ->  9  == correct!
3192th result -> 0   correct  ->  0  == correct!
3193th result -> 7   correct  ->  7  == correct!
3194th result -> 3   correct  ->  3  == correct!
3195th result -> 4   correct  ->  4  == correct!
3196th result -> 2   correct  ->  2  == correct!
3197th result -> 1   correct  ->  1  == correct!
3198th result -> 8   correct  ->  8  == correct!
3199th result -> 8   correct  ->  8  == correct!
3200th result -> 5   correct  ->  5  == correct!
3201th result -> 9   correct  ->  9  == correct!
3202th result -> 2   correct  ->  2  == correct!
3203th result -> 7   correct  ->  7  == correct!
3204th result -> 1   correct  ->  1  == correct!
3205th result -> 8   correct  ->  8  == correct!
3206th result -> 8   correct  ->  8  == correct!
3207th result -> 3   correct  ->  8  == correct!
3208th result -> 2   correct  ->  2  == correct!
3209th result -> 7   correct  ->  7  == correct!
3210th result -> 6   correct  ->  6  == correct!
3211th result -> 0   correct  ->  0  == correct!
3212th result -> 1   correct  ->  1  == correct!
3213th result -> 2   correct  ->  2  == correct!
3214th result -> 7   correct  ->  7  == correct!
3215th result -> 1   correct  ->  1  == correct!
3216th result -> 0   correct  ->  0  == correct!
3217th result -> 8   correct  ->  8  == correct!
3218th result -> 3   correct  ->  3  == correct!
3219th result -> 6   correct  ->  6  == correct!
3220th result -> 0   correct  ->  0  == correct!
3221th result -> 5   correct  ->  5  == correct!
3222th result -> 3   correct  ->  3  == correct!
3223th result -> 6   correct  ->  6  == correct!
3224th result -> 2   correct  ->  2  == correct!
3225th result -> 8   correct  ->  8  == correct!
3226th result -> 7   correct  ->  7  == correct!
3227th result -> 0   correct  ->  0  == correct!
3228th result -> 1   correct  ->  1  == correct!
3229th result -> 4   correct  ->  4  == correct!
3230th result -> 2   correct  ->  2  == correct!
3231th result -> 1   correct  ->  1  == correct!
3232th result -> 1   correct  ->  1  == correct!
3233th result -> 4   correct  ->  4  == correct!
3234th result -> 4   correct  ->  4  == correct!
3235th result -> 4   correct  ->  4  == correct!
3236th result -> 4   correct  ->  4  == correct!
3237th result -> 7   correct  ->  7  == correct!
3238th result -> 1   correct  ->  1  == correct!
3239th result -> 6   correct  ->  6  == correct!
3240th result -> 2   correct  ->  2  == correct!
3241th result -> 8   correct  ->  9  == correct!
3242th result -> 9   correct  ->  9  == correct!
3243th result -> 0   correct  ->  0  == correct!
3244th result -> 0   correct  ->  0  == correct!
3245th result -> 1   correct  ->  1  == correct!
3246th result -> 8   correct  ->  8  == correct!
3247th result -> 8   correct  ->  8  == correct!
3248th result -> 4   correct  ->  4  == correct!
3249th result -> 3   correct  ->  3  == correct!
3250th result -> 4   correct  ->  4  == correct!
3251th result -> 2   correct  ->  2  == correct!
3252th result -> 0   correct  ->  0  == correct!
3253th result -> 6   correct  ->  6  == correct!
3254th result -> 1   correct  ->  1  == correct!
3255th result -> 6   correct  ->  6  == correct!
3256th result -> 1   correct  ->  1  == correct!
3257th result -> 2   correct  ->  2  == correct!
3258th result -> 2   correct  ->  2  == correct!
3259th result -> 2   correct  ->  2  == correct!
3260th result -> 1   correct  ->  1  == correct!
3261th result -> 2   correct  ->  2  == correct!
3262th result -> 3   correct  ->  3  == correct!
3263th result -> 7   correct  ->  7  == correct!
3264th result -> 8   correct  ->  8  == correct!
3265th result -> 1   correct  ->  1  == correct!
3266th result -> 0   correct  ->  0  == correct!
3267th result -> 0   correct  ->  0  == correct!
3268th result -> 2   correct  ->  2  == correct!
3269th result -> 1   correct  ->  1  == correct!
3270th result -> 6   correct  ->  6  == correct!
3271th result -> 6   correct  ->  6  == correct!
3272th result -> 0   correct  ->  0  == correct!
3273th result -> 1   correct  ->  1  == correct!
3274th result -> 6   correct  ->  6  == correct!
3275th result -> 2   correct  ->  2  == correct!
3276th result -> 5   correct  ->  5  == correct!
3277th result -> 1   correct  ->  1  == correct!
3278th result -> 7   correct  ->  7  == correct!
3279th result -> 4   correct  ->  4  == correct!
3280th result -> 8   correct  ->  8  == correct!
3281th result -> 2   correct  ->  2  == correct!
3282th result -> 1   correct  ->  1  == correct!
3283th result -> 4   correct  ->  4  == correct!
3284th result -> 3   correct  ->  3  == correct!
3285th result -> 8   correct  ->  8  == correct!
3286th result -> 3   correct  ->  3  == correct!
3287th result -> 9   correct  ->  9  == correct!
3288th result -> 9   correct  ->  9  == correct!
3289th result -> 4   correct  ->  4  == correct!
3290th result -> 8   correct  ->  8  == correct!
3291th result -> 3   correct  ->  3  == correct!
3292th result -> 4   correct  ->  4  == correct!
3293th result -> 7   correct  ->  7  == correct!
3294th result -> 2   correct  ->  2  == correct!
3295th result -> 7   correct  ->  7  == correct!
3296th result -> 5   correct  ->  5  == correct!
3297th result -> 7   correct  ->  7  == correct!
3298th result -> 0   correct  ->  0  == correct!
3299th result -> 4   correct  ->  4  == correct!
3300th result -> 3   correct  ->  3  == correct!
3301th result -> 3   correct  ->  3  == correct!
3302th result -> 2   correct  ->  2  == correct!
3303th result -> 6   correct  ->  6  == correct!
3304th result -> 7   correct  ->  7  == correct!
3305th result -> 6   correct  ->  6  == correct!
3306th result -> 0   correct  ->  0  == correct!
3307th result -> 0   correct  ->  0  == correct!
3308th result -> 6   correct  ->  6  == correct!
3309th result -> 7   correct  ->  7  == correct!
3310th result -> 7   correct  ->  7  == correct!
3311th result -> 0   correct  ->  0  == correct!
3312th result -> 5   correct  ->  5  == correct!
3313th result -> 5   correct  ->  5  == correct!
3314th result -> 8   correct  ->  8  == correct!
3315th result -> 1   correct  ->  1  == correct!
3316th result -> 0   correct  ->  0  == correct!
3317th result -> 4   correct  ->  7  == correct!
3318th result -> 0   correct  ->  0  == correct!
3319th result -> 2   correct  ->  2  == correct!
3320th result -> 8   correct  ->  8  == correct!
3321th result -> 1   correct  ->  1  == correct!
3322th result -> 5   correct  ->  5  == correct!
3323th result -> 0   correct  ->  0  == correct!
3324th result -> 8   correct  ->  8  == correct!
3325th result -> 8   correct  ->  8  == correct!
3326th result -> 0   correct  ->  0  == correct!
3327th result -> 3   correct  ->  3  == correct!
3328th result -> 2   correct  ->  2  == correct!
3329th result -> 7   correct  ->  7  == correct!
3330th result -> 3   correct  ->  7  == correct!
3331th result -> 2   correct  ->  2  == correct!
3332th result -> 6   correct  ->  6  == correct!
3333th result -> 4   correct  ->  4  == correct!
3334th result -> 9   correct  ->  7  == correct!
3335th result -> 5   correct  ->  5  == correct!
3336th result -> 5   correct  ->  5  == correct!
3337th result -> 5   correct  ->  5  == correct!
3338th result -> 2   correct  ->  2  == correct!
3339th result -> 9   correct  ->  9  == correct!
3340th result -> 2   correct  ->  2  == correct!
3341th result -> 8   correct  ->  8  == correct!
3342th result -> 4   correct  ->  4  == correct!
3343th result -> 6   correct  ->  6  == correct!
3344th result -> 8   correct  ->  8  == correct!
3345th result -> 6   correct  ->  6  == correct!
3346th result -> 5   correct  ->  5  == correct!
3347th result -> 0   correct  ->  0  == correct!
3348th result -> 0   correct  ->  0  == correct!
3349th result -> 8   correct  ->  8  == correct!
3350th result -> 7   correct  ->  7  == correct!
3351th result -> 6   correct  ->  6  == correct!
3352th result -> 1   correct  ->  1  == correct!
3353th result -> 7   correct  ->  7  == correct!
3354th result -> 1   correct  ->  1  == correct!
3355th result -> 1   correct  ->  1  == correct!
3356th result -> 2   correct  ->  2  == correct!
3357th result -> 7   correct  ->  7  == correct!
3358th result -> 4   correct  ->  4  == correct!
3359th result -> 0   correct  ->  0  == correct!
3360th result -> 0   correct  ->  0  == correct!
3361th result -> 7   correct  ->  7  == correct!
3362th result -> 7   correct  ->  7  == correct!
3363th result -> 6   correct  ->  6  == correct!
3364th result -> 3   correct  ->  3  == correct!
3365th result -> 8   correct  ->  8  == correct!
3366th result -> 6   correct  ->  6  == correct!
3367th result -> 4   correct  ->  4  == correct!
3368th result -> 2   correct  ->  2  == correct!
3369th result -> 0   correct  ->  0  == correct!
3370th result -> 9   correct  ->  9  == correct!
3371th result -> 4   correct  ->  4  == correct!
3372th result -> 0   correct  ->  0  == correct!
3373th result -> 5   correct  ->  5  == correct!
3374th result -> 7   correct  ->  7  == correct!
3375th result -> 8   correct  ->  8  == correct!
3376th result -> 2   correct  ->  2  == correct!
3377th result -> 7   correct  ->  7  == correct!
3378th result -> 4   correct  ->  4  == correct!
3379th result -> 7   correct  ->  7  == correct!
3380th result -> 1   correct  ->  1  == correct!
3381th result -> 1   correct  ->  1  == correct!
3382th result -> 3   correct  ->  3  == correct!
3383th result -> 6   correct  ->  6  == correct!
3384th result -> 6   correct  ->  6  == correct!
3385th result -> 2   correct  ->  2  == correct!
3386th result -> 9   correct  ->  9  == correct!
3387th result -> 1   correct  ->  1  == correct!
3388th result -> 9   correct  ->  9  == correct!
3389th result -> 4   correct  ->  4  == correct!
3390th result -> 8   correct  ->  8  == correct!
3391th result -> 3   correct  ->  3  == correct!
3392th result -> 6   correct  ->  6  == correct!
3393th result -> 9   correct  ->  9  == correct!
3394th result -> 5   correct  ->  5  == correct!
3395th result -> 9   correct  ->  9  == correct!
3396th result -> 6   correct  ->  6  == correct!
3397th result -> 2   correct  ->  2  == correct!
3398th result -> 4   correct  ->  4  == correct!
3399th result -> 6   correct  ->  6  == correct!
3400th result -> 7   correct  ->  7  == correct!
3401th result -> 7   correct  ->  7  == correct!
3402th result -> 0   correct  ->  0  == correct!
3403th result -> 6   correct  ->  6  == correct!
3404th result -> 6   correct  ->  6  == correct!
3405th result -> 9   correct  ->  9  == correct!
3406th result -> 4   correct  ->  4  == correct!
3407th result -> 8   correct  ->  8  == correct!
3408th result -> 3   correct  ->  3  == correct!
3409th result -> 5   correct  ->  5  == correct!
3410th result -> 3   correct  ->  3  == correct!
3411th result -> 4   correct  ->  4  == correct!
3412th result -> 9   correct  ->  9  == correct!
3413th result -> 0   correct  ->  0  == correct!
3414th result -> 0   correct  ->  0  == correct!
3415th result -> 5   correct  ->  5  == correct!
3416th result -> 2   correct  ->  2  == correct!
3417th result -> 5   correct  ->  5  == correct!
3418th result -> 0   correct  ->  0  == correct!
3419th result -> 7   correct  ->  7  == correct!
3420th result -> 1   correct  ->  1  == correct!
3421th result -> 1   correct  ->  1  == correct!
3422th result -> 1   correct  ->  1  == correct!
3423th result -> 6   correct  ->  6  == correct!
3424th result -> 7   correct  ->  7  == correct!
3425th result -> 6   correct  ->  6  == correct!
3426th result -> 7   correct  ->  7  == correct!
3427th result -> 9   correct  ->  9  == correct!
3428th result -> 6   correct  ->  6  == correct!
3429th result -> 6   correct  ->  6  == correct!
3430th result -> 4   correct  ->  4  == correct!
3431th result -> 1   correct  ->  1  == correct!
3432th result -> 4   correct  ->  4  == correct!
3433th result -> 3   correct  ->  3  == correct!
3434th result -> 1   correct  ->  1  == correct!
3435th result -> 1   correct  ->  1  == correct!
3436th result -> 2   correct  ->  2  == correct!
3437th result -> 2   correct  ->  2  == correct!
3438th result -> 4   correct  ->  4  == correct!
3439th result -> 1   correct  ->  1  == correct!
3440th result -> 0   correct  ->  0  == correct!
3441th result -> 8   correct  ->  8  == correct!
3442th result -> 7   correct  ->  7  == correct!
3443th result -> 6   correct  ->  6  == correct!
3444th result -> 3   correct  ->  3  == correct!
3445th result -> 4   correct  ->  4  == correct!
3446th result -> 0   correct  ->  0  == correct!
3447th result -> 0   correct  ->  0  == correct!
3448th result -> 6   correct  ->  6  == correct!
3449th result -> 3   correct  ->  3  == correct!
3450th result -> 3   correct  ->  3  == correct!
3451th result -> 0   correct  ->  0  == correct!
3452th result -> 7   correct  ->  7  == correct!
3453th result -> 1   correct  ->  1  == correct!
3454th result -> 7   correct  ->  7  == correct!
3455th result -> 1   correct  ->  1  == correct!
3456th result -> 1   correct  ->  1  == correct!
3457th result -> 3   correct  ->  3  == correct!
3458th result -> 1   correct  ->  1  == correct!
3459th result -> 0   correct  ->  0  == correct!
3460th result -> 9   correct  ->  9  == correct!
3461th result -> 9   correct  ->  9  == correct!
3462th result -> 7   correct  ->  7  == correct!
3463th result -> 5   correct  ->  5  == correct!
3464th result -> 4   correct  ->  4  == correct!
3465th result -> 1   correct  ->  1  == correct!
3466th result -> 4   correct  ->  4  == correct!
3467th result -> 8   correct  ->  8  == correct!
3468th result -> 9   correct  ->  9  == correct!
3469th result -> 5   correct  ->  5  == correct!
3470th result -> 3   correct  ->  3  == correct!
3471th result -> 5   correct  ->  5  == correct!
3472th result -> 1   correct  ->  1  == correct!
3473th result -> 9   correct  ->  9  == correct!
3474th result -> 8   correct  ->  8  == correct!
3475th result -> 2   correct  ->  2  == correct!
3476th result -> 3   correct  ->  3  == correct!
3477th result -> 3   correct  ->  3  == correct!
3478th result -> 9   correct  ->  9  == correct!
3479th result -> 9   correct  ->  9  == correct!
3480th result -> 0   correct  ->  0  == correct!
3481th result -> 1   correct  ->  1  == correct!
3482th result -> 0   correct  ->  0  == correct!
3483th result -> 2   correct  ->  2  == correct!
3484th result -> 9   correct  ->  9  == correct!
3485th result -> 3   correct  ->  3  == correct!
3486th result -> 9   correct  ->  9  == correct!
3487th result -> 3   correct  ->  3  == correct!
3488th result -> 3   correct  ->  3  == correct!
3489th result -> 6   correct  ->  6  == correct!
3490th result -> 2   correct  ->  2  == correct!
3491th result -> 4   correct  ->  4  == correct!
3492th result -> 9   correct  ->  9  == correct!
3493th result -> 8   correct  ->  8  == correct!
3494th result -> 3   correct  ->  3  == correct!
3495th result -> 7   correct  ->  7  == correct!
3496th result -> 4   correct  ->  4  == correct!
3497th result -> 0   correct  ->  0  == correct!
3498th result -> 4   correct  ->  4  == correct!
3499th result -> 7   correct  ->  7  == correct!
3500th result -> 8   correct  ->  8  == correct!
3501th result -> 4   correct  ->  4  == correct!
3502th result -> 9   correct  ->  9  == correct!
3503th result -> 8   correct  ->  8  == correct!
3504th result -> 1   correct  ->  9  == correct!
3505th result -> 9   correct  ->  9  == correct!
3506th result -> 7   correct  ->  7  == correct!
3507th result -> 5   correct  ->  5  == correct!
3508th result -> 9   correct  ->  9  == correct!
3509th result -> 2   correct  ->  2  == correct!
3510th result -> 8   correct  ->  8  == correct!
3511th result -> 2   correct  ->  2  == correct!
3512th result -> 2   correct  ->  2  == correct!
3513th result -> 0   correct  ->  0  == correct!
3514th result -> 2   correct  ->  2  == correct!
3515th result -> 2   correct  ->  2  == correct!
3516th result -> 3   correct  ->  3  == correct!
3517th result -> 8   correct  ->  8  == correct!
3518th result -> 4   correct  ->  4  == correct!
3519th result -> 6   correct  ->  6  == correct!
3520th result -> 8   correct  ->  8  == correct!
3521th result -> 4   correct  ->  6  == correct!
3522th result -> 8   correct  ->  8  == correct!
3523th result -> 2   correct  ->  2  == correct!
3524th result -> 4   correct  ->  4  == correct!
3525th result -> 6   correct  ->  6  == correct!
3526th result -> 7   correct  ->  7  == correct!
3527th result -> 9   correct  ->  9  == correct!
3528th result -> 3   correct  ->  3  == correct!
3529th result -> 3   correct  ->  3  == correct!
3530th result -> 9   correct  ->  9  == correct!
3531th result -> 4   correct  ->  4  == correct!
3532th result -> 3   correct  ->  3  == correct!
3533th result -> 1   correct  ->  1  == correct!
3534th result -> 4   correct  ->  4  == correct!
3535th result -> 4   correct  ->  4  == correct!
3536th result -> 7   correct  ->  7  == correct!
3537th result -> 0   correct  ->  0  == correct!
3538th result -> 5   correct  ->  5  == correct!
3539th result -> 9   correct  ->  9  == correct!
3540th result -> 6   correct  ->  6  == correct!
3541th result -> 0   correct  ->  0  == correct!
3542th result -> 4   correct  ->  4  == correct!
3543th result -> 4   correct  ->  4  == correct!
3544th result -> 4   correct  ->  4  == correct!
3545th result -> 4   correct  ->  4  == correct!
3546th result -> 6   correct  ->  6  == correct!
3547th result -> 1   correct  ->  1  == correct!
3548th result -> 2   correct  ->  2  == correct!
3549th result -> 3   correct  ->  3  == correct!
3550th result -> 3   correct  ->  3  == correct!
3551th result -> 6   correct  ->  6  == correct!
3552th result -> 4   correct  ->  4  == correct!
3553th result -> 5   correct  ->  5  == correct!
3554th result -> 9   correct  ->  9  == correct!
3555th result -> 6   correct  ->  6  == correct!
3556th result -> 8   correct  ->  8  == correct!
3557th result -> 5   correct  ->  5  == correct!
3558th result -> 6   correct  ->  6  == correct!
3559th result -> 0   correct  ->  5  == correct!
3560th result -> 8   correct  ->  8  == correct!
3561th result -> 6   correct  ->  6  == correct!
3562th result -> 4   correct  ->  4  == correct!
3563th result -> 1   correct  ->  1  == correct!
3564th result -> 8   correct  ->  8  == correct!
3565th result -> 6   correct  ->  6  == correct!
3566th result -> 8   correct  ->  5  == correct!
3567th result -> 2   correct  ->  2  == correct!
3568th result -> 8   correct  ->  8  == correct!
3569th result -> 4   correct  ->  4  == correct!
3570th result -> 5   correct  ->  5  == correct!
3571th result -> 5   correct  ->  5  == correct!
3572th result -> 4   correct  ->  4  == correct!
3573th result -> 7   correct  ->  7  == correct!
3574th result -> 2   correct  ->  7  == correct!
3575th result -> 0   correct  ->  0  == correct!
3576th result -> 7   correct  ->  7  == correct!
3577th result -> 8   correct  ->  8  == correct!
3578th result -> 2   correct  ->  2  == correct!
3579th result -> 2   correct  ->  2  == correct!
3580th result -> 3   correct  ->  3  == correct!
3581th result -> 7   correct  ->  7  == correct!
3582th result -> 0   correct  ->  0  == correct!
3583th result -> 1   correct  ->  1  == correct!
3584th result -> 8   correct  ->  8  == correct!
3585th result -> 0   correct  ->  0  == correct!
3586th result -> 7   correct  ->  7  == correct!
3587th result -> 1   correct  ->  1  == correct!
3588th result -> 9   correct  ->  9  == correct!
3589th result -> 8   correct  ->  8  == correct!
3590th result -> 7   correct  ->  7  == correct!
3591th result -> 5   correct  ->  5  == correct!
3592th result -> 5   correct  ->  5  == correct!
3593th result -> 9   correct  ->  9  == correct!
3594th result -> 1   correct  ->  1  == correct!
3595th result -> 7   correct  ->  7  == correct!
3596th result -> 5   correct  ->  5  == correct!
3597th result -> 4   correct  ->  4  == correct!
3598th result -> 3   correct  ->  9  == correct!
3599th result -> 8   correct  ->  1  == correct!
3600th result -> 7   correct  ->  2  == correct!
3601th result -> 2   correct  ->  2  == correct!
3602th result -> 1   correct  ->  1  == correct!
3603th result -> 6   correct  ->  6  == correct!
3604th result -> 6   correct  ->  6  == correct!
3605th result -> 7   correct  ->  7  == correct!
3606th result -> 1   correct  ->  1  == correct!
3607th result -> 1   correct  ->  1  == correct!
3608th result -> 4   correct  ->  4  == correct!
3609th result -> 0   correct  ->  0  == correct!
3610th result -> 7   correct  ->  7  == correct!
3611th result -> 4   correct  ->  4  == correct!
3612th result -> 2   correct  ->  2  == correct!
3613th result -> 4   correct  ->  4  == correct!
3614th result -> 0   correct  ->  0  == correct!
3615th result -> 6   correct  ->  6  == correct!
3616th result -> 4   correct  ->  4  == correct!
3617th result -> 7   correct  ->  7  == correct!
3618th result -> 6   correct  ->  6  == correct!
3619th result -> 9   correct  ->  9  == correct!
3620th result -> 5   correct  ->  5  == correct!
3621th result -> 3   correct  ->  3  == correct!
3622th result -> 4   correct  ->  4  == correct!
3623th result -> 6   correct  ->  6  == correct!
3624th result -> 5   correct  ->  5  == correct!
3625th result -> 0   correct  ->  0  == correct!
3626th result -> 1   correct  ->  1  == correct!
3627th result -> 8   correct  ->  8  == correct!
3628th result -> 8   correct  ->  8  == correct!
3629th result -> 2   correct  ->  2  == correct!
3630th result -> 3   correct  ->  8  == correct!
3631th result -> 3   correct  ->  3  == correct!
3632th result -> 5   correct  ->  5  == correct!
3633th result -> 7   correct  ->  7  == correct!
3634th result -> 8   correct  ->  8  == correct!
3635th result -> 0   correct  ->  0  == correct!
3636th result -> 8   correct  ->  8  == correct!
3637th result -> 5   correct  ->  5  == correct!
3638th result -> 7   correct  ->  7  == correct!
3639th result -> 1   correct  ->  1  == correct!
3640th result -> 1   correct  ->  1  == correct!
3641th result -> 0   correct  ->  0  == correct!
3642th result -> 1   correct  ->  1  == correct!
3643th result -> 3   correct  ->  3  == correct!
3644th result -> 7   correct  ->  7  == correct!
3645th result -> 8   correct  ->  8  == correct!
3646th result -> 5   correct  ->  5  == correct!
3647th result -> 0   correct  ->  0  == correct!
3648th result -> 7   correct  ->  7  == correct!
3649th result -> 1   correct  ->  1  == correct!
3650th result -> 1   correct  ->  1  == correct!
3651th result -> 0   correct  ->  0  == correct!
3652th result -> 1   correct  ->  1  == correct!
3653th result -> 1   correct  ->  1  == correct!
3654th result -> 4   correct  ->  4  == correct!
3655th result -> 5   correct  ->  5  == correct!
3656th result -> 2   correct  ->  2  == correct!
3657th result -> 7   correct  ->  7  == correct!
3658th result -> 6   correct  ->  6  == correct!
3659th result -> 2   correct  ->  2  == correct!
3660th result -> 3   correct  ->  3  == correct!
3661th result -> 0   correct  ->  0  == correct!
3662th result -> 2   correct  ->  2  == correct!
3663th result -> 8   correct  ->  8  == correct!
3664th result -> 5   correct  ->  5  == correct!
3665th result -> 9   correct  ->  9  == correct!
3666th result -> 6   correct  ->  6  == correct!
3667th result -> 9   correct  ->  9  == correct!
3668th result -> 7   correct  ->  7  == correct!
3669th result -> 2   correct  ->  2  == correct!
3670th result -> 1   correct  ->  1  == correct!
3671th result -> 3   correct  ->  3  == correct!
3672th result -> 6   correct  ->  6  == correct!
3673th result -> 4   correct  ->  4  == correct!
3674th result -> 1   correct  ->  1  == correct!
3675th result -> 8   correct  ->  8  == correct!
3676th result -> 2   correct  ->  2  == correct!
3677th result -> 4   correct  ->  4  == correct!
3678th result -> 0   correct  ->  0  == correct!
3679th result -> 5   correct  ->  5  == correct!
3680th result -> 1   correct  ->  1  == correct!
3681th result -> 0   correct  ->  0  == correct!
3682th result -> 3   correct  ->  2  == correct!
3683th result -> 2   correct  ->  2  == correct!
3684th result -> 6   correct  ->  6  == correct!
3685th result -> 4   correct  ->  4  == correct!
3686th result -> 4   correct  ->  4  == correct!
3687th result -> 3   correct  ->  3  == correct!
3688th result -> 9   correct  ->  9  == correct!
3689th result -> 6   correct  ->  6  == correct!
3690th result -> 1   correct  ->  1  == correct!
3691th result -> 6   correct  ->  6  == correct!
3692th result -> 5   correct  ->  5  == correct!
3693th result -> 7   correct  ->  7  == correct!
3694th result -> 9   correct  ->  9  == correct!
3695th result -> 2   correct  ->  2  == correct!
3696th result -> 0   correct  ->  0  == correct!
3697th result -> 2   correct  ->  2  == correct!
3698th result -> 6   correct  ->  6  == correct!
3699th result -> 0   correct  ->  0  == correct!
3700th result -> 1   correct  ->  1  == correct!
3701th result -> 4   correct  ->  4  == correct!
3702th result -> 3   correct  ->  3  == correct!
3703th result -> 5   correct  ->  5  == correct!
3704th result -> 2   correct  ->  2  == correct!
3705th result -> 8   correct  ->  8  == correct!
3706th result -> 8   correct  ->  8  == correct!
3707th result -> 0   correct  ->  0  == correct!
3708th result -> 8   correct  ->  8  == correct!
3709th result -> 8   correct  ->  8  == correct!
3710th result -> 9   correct  ->  9  == correct!
3711th result -> 0   correct  ->  0  == correct!
3712th result -> 9   correct  ->  9  == correct!
3713th result -> 6   correct  ->  6  == correct!
3714th result -> 7   correct  ->  7  == correct!
3715th result -> 6   correct  ->  6  == correct!
3716th result -> 3   correct  ->  3  == correct!
3717th result -> 3   correct  ->  9  == correct!
3718th result -> 3   correct  ->  3  == correct!
3719th result -> 9   correct  ->  4  == correct!
3720th result -> 7   correct  ->  7  == correct!
3721th result -> 7   correct  ->  7  == correct!
3722th result -> 7   correct  ->  7  == correct!
3723th result -> 4   correct  ->  4  == correct!
3724th result -> 9   correct  ->  9  == correct!
3725th result -> 0   correct  ->  0  == correct!
3726th result -> 6   correct  ->  6  == correct!
3727th result -> 9   correct  ->  4  == correct!
3728th result -> 8   correct  ->  8  == correct!
3729th result -> 4   correct  ->  4  == correct!
3730th result -> 2   correct  ->  2  == correct!
3731th result -> 9   correct  ->  7  == correct!
3732th result -> 2   correct  ->  2  == correct!
3733th result -> 8   correct  ->  8  == correct!
3734th result -> 1   correct  ->  1  == correct!
3735th result -> 0   correct  ->  0  == correct!
3736th result -> 0   correct  ->  0  == correct!
3737th result -> 7   correct  ->  7  == correct!
3738th result -> 8   correct  ->  8  == correct!
3739th result -> 3   correct  ->  3  == correct!
3740th result -> 3   correct  ->  3  == correct!
3741th result -> 3   correct  ->  3  == correct!
3742th result -> 1   correct  ->  1  == correct!
3743th result -> 3   correct  ->  3  == correct!
3744th result -> 7   correct  ->  7  == correct!
3745th result -> 6   correct  ->  6  == correct!
3746th result -> 1   correct  ->  1  == correct!
3747th result -> 3   correct  ->  3  == correct!
3748th result -> 1   correct  ->  1  == correct!
3749th result -> 6   correct  ->  6  == correct!
3750th result -> 6   correct  ->  6  == correct!
3751th result -> 5   correct  ->  5  == correct!
3752th result -> 2   correct  ->  7  == correct!
3753th result -> 4   correct  ->  4  == correct!
3754th result -> 7   correct  ->  7  == correct!
3755th result -> 5   correct  ->  5  == correct!
3756th result -> 9   correct  ->  9  == correct!
3757th result -> 5   correct  ->  5  == correct!
3758th result -> 3   correct  ->  8  == correct!
3759th result -> 4   correct  ->  4  == correct!
3760th result -> 9   correct  ->  9  == correct!
3761th result -> 9   correct  ->  9  == correct!
3762th result -> 1   correct  ->  1  == correct!
3763th result -> 6   correct  ->  6  == correct!
3764th result -> 5   correct  ->  5  == correct!
3765th result -> 0   correct  ->  0  == correct!
3766th result -> 1   correct  ->  1  == correct!
3767th result -> 3   correct  ->  3  == correct!
3768th result -> 2   correct  ->  7  == correct!
3769th result -> 0   correct  ->  0  == correct!
3770th result -> 3   correct  ->  3  == correct!
3771th result -> 4   correct  ->  4  == correct!
3772th result -> 8   correct  ->  8  == correct!
3773th result -> 2   correct  ->  2  == correct!
3774th result -> 2   correct  ->  2  == correct!
3775th result -> 0   correct  ->  0  == correct!
3776th result -> 2   correct  ->  2  == correct!
3777th result -> 8   correct  ->  5  == correct!
3778th result -> 1   correct  ->  1  == correct!
3779th result -> 5   correct  ->  5  == correct!
3780th result -> 1   correct  ->  1  == correct!
3781th result -> 2   correct  ->  4  == correct!
3782th result -> 8   correct  ->  8  == correct!
3783th result -> 8   correct  ->  8  == correct!
3784th result -> 9   correct  ->  9  == correct!
3785th result -> 1   correct  ->  1  == correct!
3786th result -> 2   correct  ->  2  == correct!
3787th result -> 1   correct  ->  1  == correct!
3788th result -> 3   correct  ->  3  == correct!
3789th result -> 5   correct  ->  5  == correct!
3790th result -> 1   correct  ->  1  == correct!
3791th result -> 0   correct  ->  0  == correct!
3792th result -> 9   correct  ->  9  == correct!
3793th result -> 4   correct  ->  4  == correct!
3794th result -> 4   correct  ->  4  == correct!
3795th result -> 8   correct  ->  8  == correct!
3796th result -> 3   correct  ->  3  == correct!
3797th result -> 8   correct  ->  2  == correct!
3798th result -> 5   correct  ->  5  == correct!
3799th result -> 9   correct  ->  9  == correct!
3800th result -> 7   correct  ->  7  == correct!
3801th result -> 6   correct  ->  6  == correct!
3802th result -> 6   correct  ->  6  == correct!
3803th result -> 2   correct  ->  2  == correct!
3804th result -> 0   correct  ->  0  == correct!
3805th result -> 0   correct  ->  0  == correct!
3806th result -> 0   correct  ->  0  == correct!
3807th result -> 8   correct  ->  5  == correct!
3808th result -> 8   correct  ->  8  == correct!
3809th result -> 3   correct  ->  7  == correct!
3810th result -> 1   correct  ->  1  == correct!
3811th result -> 5   correct  ->  5  == correct!
3812th result -> 4   correct  ->  2  == correct!
3813th result -> 3   correct  ->  3  == correct!
3814th result -> 8   correct  ->  8  == correct!
3815th result -> 5   correct  ->  5  == correct!
3816th result -> 1   correct  ->  1  == correct!
3817th result -> 8   correct  ->  8  == correct!
3818th result -> 2   correct  ->  2  == correct!
3819th result -> 0   correct  ->  0  == correct!
3820th result -> 4   correct  ->  4  == correct!
3821th result -> 9   correct  ->  9  == correct!
3822th result -> 4   correct  ->  9  == correct!
3823th result -> 6   correct  ->  6  == correct!
3824th result -> 2   correct  ->  2  == correct!
3825th result -> 3   correct  ->  3  == correct!
3826th result -> 3   correct  ->  3  == correct!
3827th result -> 5   correct  ->  5  == correct!
3828th result -> 6   correct  ->  6  == correct!
3829th result -> 4   correct  ->  4  == correct!
3830th result -> 8   correct  ->  8  == correct!
3831th result -> 0   correct  ->  0  == correct!
3832th result -> 9   correct  ->  9  == correct!
3833th result -> 2   correct  ->  2  == correct!
3834th result -> 8   correct  ->  8  == correct!
3835th result -> 3   correct  ->  3  == correct!
3836th result -> 6   correct  ->  6  == correct!
3837th result -> 4   correct  ->  7  == correct!
3838th result -> 5   correct  ->  5  == correct!
3839th result -> 1   correct  ->  7  == correct!
3840th result -> 2   correct  ->  2  == correct!
3841th result -> 9   correct  ->  9  == correct!
3842th result -> 4   correct  ->  4  == correct!
3843th result -> 9   correct  ->  9  == correct!
3844th result -> 1   correct  ->  1  == correct!
3845th result -> 2   correct  ->  2  == correct!
3846th result -> 8   correct  ->  8  == correct!
3847th result -> 6   correct  ->  6  == correct!
3848th result -> 0   correct  ->  0  == correct!
3849th result -> 2   correct  ->  7  == correct!
3850th result -> 0   correct  ->  0  == correct!
3851th result -> 9   correct  ->  9  == correct!
3852th result -> 1   correct  ->  1  == correct!
3853th result -> 1   correct  ->  1  == correct!
3854th result -> 5   correct  ->  6  == correct!
3855th result -> 7   correct  ->  7  == correct!
3856th result -> 8   correct  ->  5  == correct!
3857th result -> 9   correct  ->  9  == correct!
3858th result -> 9   correct  ->  9  == correct!
3859th result -> 1   correct  ->  1  == correct!
3860th result -> 9   correct  ->  9  == correct!
3861th result -> 5   correct  ->  5  == correct!
3862th result -> 9   correct  ->  9  == correct!
3863th result -> 2   correct  ->  2  == correct!
3864th result -> 5   correct  ->  5  == correct!
3865th result -> 0   correct  ->  0  == correct!
3866th result -> 4   correct  ->  4  == correct!
3867th result -> 1   correct  ->  1  == correct!
3868th result -> 0   correct  ->  0  == correct!
3869th result -> 8   correct  ->  8  == correct!
3870th result -> 4   correct  ->  9  == correct!
3871th result -> 0   correct  ->  0  == correct!
3872th result -> 8   correct  ->  8  == correct!
3873th result -> 9   correct  ->  9  == correct!
3874th result -> 8   correct  ->  8  == correct!
3875th result -> 9   correct  ->  9  == correct!
3876th result -> 4   correct  ->  4  == correct!
3877th result -> 2   correct  ->  2  == correct!
3878th result -> 5   correct  ->  5  == correct!
3879th result -> 7   correct  ->  7  == correct!
3880th result -> 9   correct  ->  9  == correct!
3881th result -> 8   correct  ->  8  == correct!
3882th result -> 9   correct  ->  9  == correct!
3883th result -> 8   correct  ->  8  == correct!
3884th result -> 0   correct  ->  0  == correct!
3885th result -> 9   correct  ->  9  == correct!
3886th result -> 9   correct  ->  9  == correct!
3887th result -> 6   correct  ->  6  == correct!
3888th result -> 8   correct  ->  8  == correct!
3889th result -> 9   correct  ->  9  == correct!
3890th result -> 9   correct  ->  9  == correct!
3891th result -> 5   correct  ->  5  == correct!
3892th result -> 9   correct  ->  9  == correct!
3893th result -> 8   correct  ->  8  == correct!
3894th result -> 6   correct  ->  5  == correct!
3895th result -> 1   correct  ->  1  == correct!
3896th result -> 0   correct  ->  0  == correct!
3897th result -> 3   correct  ->  3  == correct!
3898th result -> 3   correct  ->  3  == correct!
3899th result -> 5   correct  ->  5  == correct!
3900th result -> 2   correct  ->  2  == correct!
3901th result -> 1   correct  ->  1  == correct!
3902th result -> 6   correct  ->  6  == correct!
3903th result -> 3   correct  ->  5  == correct!
3904th result -> 0   correct  ->  0  == correct!
3905th result -> 2   correct  ->  2  == correct!
3906th result -> 8   correct  ->  8  == correct!
3907th result -> 3   correct  ->  1  == correct!
3908th result -> 5   correct  ->  5  == correct!
3909th result -> 6   correct  ->  6  == correct!
3910th result -> 2   correct  ->  2  == correct!
3911th result -> 3   correct  ->  3  == correct!
3912th result -> 0   correct  ->  0  == correct!
3913th result -> 2   correct  ->  2  == correct!
3914th result -> 2   correct  ->  2  == correct!
3915th result -> 6   correct  ->  6  == correct!
3916th result -> 4   correct  ->  4  == correct!
3917th result -> 3   correct  ->  3  == correct!
3918th result -> 5   correct  ->  5  == correct!
3919th result -> 5   correct  ->  5  == correct!
3920th result -> 1   correct  ->  1  == correct!
3921th result -> 7   correct  ->  7  == correct!
3922th result -> 2   correct  ->  2  == correct!
3923th result -> 1   correct  ->  1  == correct!
3924th result -> 6   correct  ->  6  == correct!
3925th result -> 9   correct  ->  9  == correct!
3926th result -> 1   correct  ->  1  == correct!
3927th result -> 3   correct  ->  9  == correct!
3928th result -> 9   correct  ->  9  == correct!
3929th result -> 5   correct  ->  5  == correct!
3930th result -> 5   correct  ->  5  == correct!
3931th result -> 1   correct  ->  1  == correct!
3932th result -> 6   correct  ->  6  == correct!
3933th result -> 2   correct  ->  2  == correct!
3934th result -> 2   correct  ->  2  == correct!
3935th result -> 8   correct  ->  8  == correct!
3936th result -> 6   correct  ->  6  == correct!
3937th result -> 7   correct  ->  7  == correct!
3938th result -> 1   correct  ->  1  == correct!
3939th result -> 4   correct  ->  4  == correct!
3940th result -> 6   correct  ->  6  == correct!
3941th result -> 0   correct  ->  0  == correct!
3942th result -> 2   correct  ->  4  == correct!
3943th result -> 0   correct  ->  0  == correct!
3944th result -> 5   correct  ->  3  == correct!
3945th result -> 3   correct  ->  3  == correct!
3946th result -> 2   correct  ->  2  == correct!
3947th result -> 2   correct  ->  2  == correct!
3948th result -> 3   correct  ->  3  == correct!
3949th result -> 6   correct  ->  6  == correct!
3950th result -> 8   correct  ->  8  == correct!
3951th result -> 9   correct  ->  9  == correct!
3952th result -> 7   correct  ->  8  == correct!
3953th result -> 5   correct  ->  5  == correct!
3954th result -> 3   correct  ->  3  == correct!
3955th result -> 8   correct  ->  8  == correct!
3956th result -> 5   correct  ->  5  == correct!
3957th result -> 4   correct  ->  4  == correct!
3958th result -> 5   correct  ->  5  == correct!
3959th result -> 2   correct  ->  2  == correct!
3960th result -> 0   correct  ->  0  == correct!
3961th result -> 5   correct  ->  5  == correct!
3962th result -> 6   correct  ->  6  == correct!
3963th result -> 3   correct  ->  3  == correct!
3964th result -> 2   correct  ->  2  == correct!
3965th result -> 8   correct  ->  8  == correct!
3966th result -> 3   correct  ->  3  == correct!
3967th result -> 9   correct  ->  9  == correct!
3968th result -> 9   correct  ->  9  == correct!
3969th result -> 5   correct  ->  5  == correct!
3970th result -> 7   correct  ->  7  == correct!
3971th result -> 9   correct  ->  9  == correct!
3972th result -> 4   correct  ->  4  == correct!
3973th result -> 6   correct  ->  6  == correct!
3974th result -> 7   correct  ->  7  == correct!
3975th result -> 1   correct  ->  1  == correct!
3976th result -> 3   correct  ->  3  == correct!
3977th result -> 7   correct  ->  7  == correct!
3978th result -> 3   correct  ->  3  == correct!
3979th result -> 6   correct  ->  6  == correct!
3980th result -> 6   correct  ->  6  == correct!
3981th result -> 0   correct  ->  0  == correct!
3982th result -> 9   correct  ->  9  == correct!
3983th result -> 0   correct  ->  0  == correct!
3984th result -> 1   correct  ->  1  == correct!
3985th result -> 9   correct  ->  9  == correct!
3986th result -> 9   correct  ->  9  == correct!
3987th result -> 2   correct  ->  2  == correct!
3988th result -> 8   correct  ->  8  == correct!
3989th result -> 8   correct  ->  8  == correct!
3990th result -> 0   correct  ->  0  == correct!
3991th result -> 1   correct  ->  1  == correct!
3992th result -> 6   correct  ->  6  == correct!
3993th result -> 9   correct  ->  9  == correct!
3994th result -> 7   correct  ->  7  == correct!
3995th result -> 5   correct  ->  5  == correct!
3996th result -> 3   correct  ->  3  == correct!
3997th result -> 4   correct  ->  4  == correct!
3998th result -> 7   correct  ->  7  == correct!
3999th result -> 4   correct  ->  4  == correct!
4000th result -> 9   correct  ->  9  == correct!
4001th result -> 4   correct  ->  9  == correct!
4002th result -> 4   correct  ->  4  == correct!
4003th result -> 3   correct  ->  3  == correct!
4004th result -> 6   correct  ->  6  == correct!
4005th result -> 3   correct  ->  3  == correct!
4006th result -> 1   correct  ->  1  == correct!
4007th result -> 1   correct  ->  1  == correct!
4008th result -> 7   correct  ->  7  == correct!
4009th result -> 6   correct  ->  6  == correct!
4010th result -> 9   correct  ->  9  == correct!
4011th result -> 1   correct  ->  1  == correct!
4012th result -> 8   correct  ->  8  == correct!
4013th result -> 4   correct  ->  4  == correct!
4014th result -> 1   correct  ->  1  == correct!
4015th result -> 1   correct  ->  1  == correct!
4016th result -> 9   correct  ->  9  == correct!
4017th result -> 9   correct  ->  9  == correct!
4018th result -> 4   correct  ->  4  == correct!
4019th result -> 3   correct  ->  3  == correct!
4020th result -> 6   correct  ->  6  == correct!
4021th result -> 8   correct  ->  8  == correct!
4022th result -> 1   correct  ->  1  == correct!
4023th result -> 6   correct  ->  6  == correct!
4024th result -> 0   correct  ->  0  == correct!
4025th result -> 4   correct  ->  4  == correct!
4026th result -> 1   correct  ->  1  == correct!
4027th result -> 3   correct  ->  3  == correct!
4028th result -> 7   correct  ->  7  == correct!
4029th result -> 7   correct  ->  7  == correct!
4030th result -> 4   correct  ->  4  == correct!
4031th result -> 9   correct  ->  9  == correct!
4032th result -> 5   correct  ->  5  == correct!
4033th result -> 1   correct  ->  1  == correct!
4034th result -> 0   correct  ->  0  == correct!
4035th result -> 0   correct  ->  0  == correct!
4036th result -> 1   correct  ->  1  == correct!
4037th result -> 1   correct  ->  1  == correct!
4038th result -> 6   correct  ->  6  == correct!
4039th result -> 2   correct  ->  2  == correct!
4040th result -> 1   correct  ->  1  == correct!
4041th result -> 9   correct  ->  9  == correct!
4042th result -> 8   correct  ->  8  == correct!
4043th result -> 4   correct  ->  4  == correct!
4044th result -> 0   correct  ->  0  == correct!
4045th result -> 3   correct  ->  3  == correct!
4046th result -> 6   correct  ->  6  == correct!
4047th result -> 4   correct  ->  4  == correct!
4048th result -> 9   correct  ->  9  == correct!
4049th result -> 0   correct  ->  0  == correct!
4050th result -> 7   correct  ->  7  == correct!
4051th result -> 1   correct  ->  1  == correct!
4052th result -> 6   correct  ->  6  == correct!
4053th result -> 5   correct  ->  5  == correct!
4054th result -> 7   correct  ->  7  == correct!
4055th result -> 5   correct  ->  5  == correct!
4056th result -> 2   correct  ->  2  == correct!
4057th result -> 5   correct  ->  5  == correct!
4058th result -> 1   correct  ->  1  == correct!
4059th result -> 8   correct  ->  8  == correct!
4060th result -> 5   correct  ->  5  == correct!
4061th result -> 4   correct  ->  4  == correct!
4062th result -> 7   correct  ->  7  == correct!
4063th result -> 0   correct  ->  0  == correct!
4064th result -> 5   correct  ->  6  == correct!
4065th result -> 7   correct  ->  7  == correct!
4066th result -> 6   correct  ->  0  == correct!
4067th result -> 2   correct  ->  2  == correct!
4068th result -> 5   correct  ->  5  == correct!
4069th result -> 8   correct  ->  8  == correct!
4070th result -> 1   correct  ->  1  == correct!
4071th result -> 0   correct  ->  0  == correct!
4072th result -> 4   correct  ->  4  == correct!
4073th result -> 5   correct  ->  5  == correct!
4074th result -> 7   correct  ->  7  == correct!
4075th result -> 1   correct  ->  1  == correct!
4076th result -> 0   correct  ->  8  == correct!
4077th result -> 5   correct  ->  5  == correct!
4078th result -> 1   correct  ->  1  == correct!
4079th result -> 3   correct  ->  9  == correct!
4080th result -> 0   correct  ->  0  == correct!
4081th result -> 0   correct  ->  0  == correct!
4082th result -> 6   correct  ->  6  == correct!
4083th result -> 0   correct  ->  0  == correct!
4084th result -> 7   correct  ->  7  == correct!
4085th result -> 3   correct  ->  3  == correct!
4086th result -> 1   correct  ->  1  == correct!
4087th result -> 8   correct  ->  8  == correct!
4088th result -> 3   correct  ->  3  == correct!
4089th result -> 9   correct  ->  9  == correct!
4090th result -> 7   correct  ->  7  == correct!
4091th result -> 0   correct  ->  0  == correct!
4092th result -> 0   correct  ->  0  == correct!
4093th result -> 8   correct  ->  8  == correct!
4094th result -> 9   correct  ->  9  == correct!
4095th result -> 5   correct  ->  5  == correct!
4096th result -> 9   correct  ->  9  == correct!
4097th result -> 8   correct  ->  8  == correct!
4098th result -> 3   correct  ->  3  == correct!
4099th result -> 2   correct  ->  2  == correct!
4100th result -> 7   correct  ->  7  == correct!
4101th result -> 2   correct  ->  2  == correct!
4102th result -> 9   correct  ->  9  == correct!
4103th result -> 7   correct  ->  7  == correct!
4104th result -> 2   correct  ->  2  == correct!
4105th result -> 1   correct  ->  1  == correct!
4106th result -> 1   correct  ->  1  == correct!
4107th result -> 3   correct  ->  3  == correct!
4108th result -> 7   correct  ->  7  == correct!
4109th result -> 5   correct  ->  5  == correct!
4110th result -> 3   correct  ->  3  == correct!
4111th result -> 1   correct  ->  1  == correct!
4112th result -> 9   correct  ->  9  == correct!
4113th result -> 8   correct  ->  8  == correct!
4114th result -> 2   correct  ->  2  == correct!
4115th result -> 2   correct  ->  2  == correct!
4116th result -> 2   correct  ->  2  == correct!
4117th result -> 8   correct  ->  8  == correct!
4118th result -> 8   correct  ->  8  == correct!
4119th result -> 5   correct  ->  5  == correct!
4120th result -> 7   correct  ->  7  == correct!
4121th result -> 3   correct  ->  3  == correct!
4122th result -> 8   correct  ->  8  == correct!
4123th result -> 9   correct  ->  9  == correct!
4124th result -> 8   correct  ->  8  == correct!
4125th result -> 8   correct  ->  8  == correct!
4126th result -> 6   correct  ->  6  == correct!
4127th result -> 8   correct  ->  8  == correct!
4128th result -> 2   correct  ->  2  == correct!
4129th result -> 3   correct  ->  3  == correct!
4130th result -> 9   correct  ->  9  == correct!
4131th result -> 7   correct  ->  7  == correct!
4132th result -> 5   correct  ->  5  == correct!
4133th result -> 6   correct  ->  6  == correct!
4134th result -> 2   correct  ->  2  == correct!
4135th result -> 9   correct  ->  9  == correct!
4136th result -> 2   correct  ->  2  == correct!
4137th result -> 8   correct  ->  8  == correct!
4138th result -> 8   correct  ->  8  == correct!
4139th result -> 1   correct  ->  1  == correct!
4140th result -> 6   correct  ->  6  == correct!
4141th result -> 2   correct  ->  8  == correct!
4142th result -> 8   correct  ->  8  == correct!
4143th result -> 7   correct  ->  7  == correct!
4144th result -> 9   correct  ->  9  == correct!
4145th result -> 1   correct  ->  1  == correct!
4146th result -> 8   correct  ->  8  == correct!
4147th result -> 0   correct  ->  0  == correct!
4148th result -> 1   correct  ->  1  == correct!
4149th result -> 7   correct  ->  7  == correct!
4150th result -> 2   correct  ->  2  == correct!
4151th result -> 0   correct  ->  0  == correct!
4152th result -> 7   correct  ->  7  == correct!
4153th result -> 1   correct  ->  5  == correct!
4154th result -> 1   correct  ->  1  == correct!
4155th result -> 9   correct  ->  9  == correct!
4156th result -> 0   correct  ->  0  == correct!
4157th result -> 2   correct  ->  2  == correct!
4158th result -> 0   correct  ->  0  == correct!
4159th result -> 9   correct  ->  9  == correct!
4160th result -> 8   correct  ->  8  == correct!
4161th result -> 6   correct  ->  6  == correct!
4162th result -> 2   correct  ->  2  == correct!
4163th result -> 3   correct  ->  3  == correct!
4164th result -> 0   correct  ->  9  == correct!
4165th result -> 3   correct  ->  3  == correct!
4166th result -> 8   correct  ->  8  == correct!
4167th result -> 0   correct  ->  0  == correct!
4168th result -> 2   correct  ->  2  == correct!
4169th result -> 1   correct  ->  1  == correct!
4170th result -> 1   correct  ->  1  == correct!
4171th result -> 1   correct  ->  1  == correct!
4172th result -> 1   correct  ->  1  == correct!
4173th result -> 4   correct  ->  4  == correct!
4174th result -> 2   correct  ->  2  == correct!
4175th result -> 9   correct  ->  9  == correct!
4176th result -> 7   correct  ->  7  == correct!
4177th result -> 4   correct  ->  2  == correct!
4178th result -> 5   correct  ->  5  == correct!
4179th result -> 1   correct  ->  1  == correct!
4180th result -> 1   correct  ->  1  == correct!
4181th result -> 3   correct  ->  2  == correct!
4182th result -> 1   correct  ->  1  == correct!
4183th result -> 9   correct  ->  9  == correct!
4184th result -> 9   correct  ->  9  == correct!
4185th result -> 9   correct  ->  9  == correct!
4186th result -> 1   correct  ->  1  == correct!
4187th result -> 0   correct  ->  0  == correct!
4188th result -> 2   correct  ->  2  == correct!
4189th result -> 0   correct  ->  0  == correct!
4190th result -> 2   correct  ->  2  == correct!
4191th result -> 1   correct  ->  1  == correct!
4192th result -> 1   correct  ->  1  == correct!
4193th result -> 4   correct  ->  4  == correct!
4194th result -> 6   correct  ->  6  == correct!
4195th result -> 4   correct  ->  4  == correct!
4196th result -> 1   correct  ->  1  == correct!
4197th result -> 5   correct  ->  5  == correct!
4198th result -> 4   correct  ->  4  == correct!
4199th result -> 9   correct  ->  9  == correct!
4200th result -> 9   correct  ->  7  == correct!
4201th result -> 7   correct  ->  7  == correct!
4202th result -> 1   correct  ->  1  == correct!
4203th result -> 5   correct  ->  5  == correct!
4204th result -> 6   correct  ->  6  == correct!
4205th result -> 2   correct  ->  2  == correct!
4206th result -> 6   correct  ->  2  == correct!
4207th result -> 2   correct  ->  2  == correct!
4208th result -> 8   correct  ->  8  == correct!
4209th result -> 0   correct  ->  0  == correct!
4210th result -> 6   correct  ->  6  == correct!
4211th result -> 9   correct  ->  9  == correct!
4212th result -> 6   correct  ->  6  == correct!
4213th result -> 3   correct  ->  1  == correct!
4214th result -> 9   correct  ->  9  == correct!
4215th result -> 7   correct  ->  7  == correct!
4216th result -> 7   correct  ->  7  == correct!
4217th result -> 1   correct  ->  1  == correct!
4218th result -> 4   correct  ->  4  == correct!
4219th result -> 8   correct  ->  8  == correct!
4220th result -> 5   correct  ->  5  == correct!
4221th result -> 3   correct  ->  3  == correct!
4222th result -> 4   correct  ->  4  == correct!
4223th result -> 3   correct  ->  3  == correct!
4224th result -> 4   correct  ->  4  == correct!
4225th result -> 7   correct  ->  9  == correct!
4226th result -> 7   correct  ->  7  == correct!
4227th result -> 5   correct  ->  5  == correct!
4228th result -> 0   correct  ->  0  == correct!
4229th result -> 7   correct  ->  7  == correct!
4230th result -> 4   correct  ->  4  == correct!
4231th result -> 8   correct  ->  8  == correct!
4232th result -> 8   correct  ->  8  == correct!
4233th result -> 1   correct  ->  1  == correct!
4234th result -> 5   correct  ->  5  == correct!
4235th result -> 3   correct  ->  3  == correct!
4236th result -> 9   correct  ->  9  == correct!
4237th result -> 5   correct  ->  5  == correct!
4238th result -> 9   correct  ->  9  == correct!
4239th result -> 9   correct  ->  7  == correct!
4240th result -> 6   correct  ->  6  == correct!
4241th result -> 9   correct  ->  9  == correct!
4242th result -> 0   correct  ->  0  == correct!
4243th result -> 3   correct  ->  3  == correct!
4244th result -> 6   correct  ->  6  == correct!
4245th result -> 3   correct  ->  3  == correct!
4246th result -> 9   correct  ->  9  == correct!
4247th result -> 8   correct  ->  8  == correct!
4248th result -> 2   correct  ->  2  == correct!
4249th result -> 4   correct  ->  2  == correct!
4250th result -> 1   correct  ->  1  == correct!
4251th result -> 2   correct  ->  2  == correct!
4252th result -> 8   correct  ->  8  == correct!
4253th result -> 6   correct  ->  6  == correct!
4254th result -> 8   correct  ->  8  == correct!
4255th result -> 5   correct  ->  5  == correct!
4256th result -> 5   correct  ->  5  == correct!
4257th result -> 3   correct  ->  3  == correct!
4258th result -> 9   correct  ->  9  == correct!
4259th result -> 4   correct  ->  4  == correct!
4260th result -> 9   correct  ->  9  == correct!
4261th result -> 2   correct  ->  2  == correct!
4262th result -> 5   correct  ->  5  == correct!
4263th result -> 1   correct  ->  1  == correct!
4264th result -> 5   correct  ->  5  == correct!
4265th result -> 1   correct  ->  1  == correct!
4266th result -> 4   correct  ->  4  == correct!
4267th result -> 4   correct  ->  4  == correct!
4268th result -> 1   correct  ->  1  == correct!
4269th result -> 4   correct  ->  4  == correct!
4270th result -> 4   correct  ->  4  == correct!
4271th result -> 3   correct  ->  3  == correct!
4272th result -> 5   correct  ->  5  == correct!
4273th result -> 9   correct  ->  9  == correct!
4274th result -> 1   correct  ->  1  == correct!
4275th result -> 2   correct  ->  2  == correct!
4276th result -> 2   correct  ->  2  == correct!
4277th result -> 3   correct  ->  3  == correct!
4278th result -> 3   correct  ->  3  == correct!
4279th result -> 0   correct  ->  0  == correct!
4280th result -> 2   correct  ->  2  == correct!
4281th result -> 9   correct  ->  9  == correct!
4282th result -> 0   correct  ->  0  == correct!
4283th result -> 0   correct  ->  0  == correct!
4284th result -> 9   correct  ->  9  == correct!
4285th result -> 5   correct  ->  9  == correct!
4286th result -> 6   correct  ->  6  == correct!
4287th result -> 0   correct  ->  0  == correct!
4288th result -> 9   correct  ->  9  == correct!
4289th result -> 3   correct  ->  3  == correct!
4290th result -> 7   correct  ->  2  == correct!
4291th result -> 8   correct  ->  8  == correct!
4292th result -> 4   correct  ->  4  == correct!
4293th result -> 1   correct  ->  1  == correct!
4294th result -> 9   correct  ->  9  == correct!
4295th result -> 9   correct  ->  9  == correct!
4296th result -> 7   correct  ->  7  == correct!
4297th result -> 2   correct  ->  2  == correct!
4298th result -> 7   correct  ->  7  == correct!
4299th result -> 9   correct  ->  9  == correct!
4300th result -> 9   correct  ->  9  == correct!
4301th result -> 5   correct  ->  5  == correct!
4302th result -> 9   correct  ->  9  == correct!
4303th result -> 5   correct  ->  5  == correct!
4304th result -> 1   correct  ->  1  == correct!
4305th result -> 1   correct  ->  1  == correct!
4306th result -> 8   correct  ->  8  == correct!
4307th result -> 7   correct  ->  3  == correct!
4308th result -> 5   correct  ->  5  == correct!
4309th result -> 1   correct  ->  1  == correct!
4310th result -> 9   correct  ->  9  == correct!
4311th result -> 5   correct  ->  5  == correct!
4312th result -> 3   correct  ->  3  == correct!
4313th result -> 5   correct  ->  5  == correct!
4314th result -> 4   correct  ->  4  == correct!
4315th result -> 9   correct  ->  9  == correct!
4316th result -> 5   correct  ->  5  == correct!
4317th result -> 9   correct  ->  9  == correct!
4318th result -> 3   correct  ->  3  == correct!
4319th result -> 1   correct  ->  1  == correct!
4320th result -> 9   correct  ->  9  == correct!
4321th result -> 0   correct  ->  0  == correct!
4322th result -> 9   correct  ->  9  == correct!
4323th result -> 7   correct  ->  7  == correct!
4324th result -> 5   correct  ->  5  == correct!
4325th result -> 4   correct  ->  4  == correct!
4326th result -> 9   correct  ->  9  == correct!
4327th result -> 2   correct  ->  2  == correct!
4328th result -> 0   correct  ->  0  == correct!
4329th result -> 1   correct  ->  1  == correct!
4330th result -> 0   correct  ->  0  == correct!
4331th result -> 5   correct  ->  5  == correct!
4332th result -> 1   correct  ->  1  == correct!
4333th result -> 4   correct  ->  4  == correct!
4334th result -> 9   correct  ->  9  == correct!
4335th result -> 3   correct  ->  3  == correct!
4336th result -> 3   correct  ->  3  == correct!
4337th result -> 6   correct  ->  6  == correct!
4338th result -> 1   correct  ->  1  == correct!
4339th result -> 5   correct  ->  5  == correct!
4340th result -> 2   correct  ->  2  == correct!
4341th result -> 5   correct  ->  5  == correct!
4342th result -> 2   correct  ->  2  == correct!
4343th result -> 2   correct  ->  2  == correct!
4344th result -> 0   correct  ->  0  == correct!
4345th result -> 9   correct  ->  9  == correct!
4346th result -> 2   correct  ->  2  == correct!
4347th result -> 6   correct  ->  6  == correct!
4348th result -> 6   correct  ->  6  == correct!
4349th result -> 0   correct  ->  0  == correct!
4350th result -> 1   correct  ->  1  == correct!
4351th result -> 2   correct  ->  2  == correct!
4352th result -> 0   correct  ->  0  == correct!
4353th result -> 3   correct  ->  3  == correct!
4354th result -> 0   correct  ->  0  == correct!
4355th result -> 2   correct  ->  2  == correct!
4356th result -> 9   correct  ->  5  == correct!
4357th result -> 5   correct  ->  5  == correct!
4358th result -> 7   correct  ->  7  == correct!
4359th result -> 9   correct  ->  9  == correct!
4360th result -> 5   correct  ->  5  == correct!
4361th result -> 5   correct  ->  5  == correct!
4362th result -> 0   correct  ->  0  == correct!
4363th result -> 8   correct  ->  8  == correct!
4364th result -> 9   correct  ->  9  == correct!
4365th result -> 5   correct  ->  5  == correct!
4366th result -> 0   correct  ->  0  == correct!
4367th result -> 3   correct  ->  3  == correct!
4368th result -> 2   correct  ->  2  == correct!
4369th result -> 5   correct  ->  5  == correct!
4370th result -> 9   correct  ->  9  == correct!
4371th result -> 0   correct  ->  0  == correct!
4372th result -> 8   correct  ->  8  == correct!
4373th result -> 8   correct  ->  8  == correct!
4374th result -> 4   correct  ->  4  == correct!
4375th result -> 6   correct  ->  5  == correct!
4376th result -> 8   correct  ->  8  == correct!
4377th result -> 8   correct  ->  8  == correct!
4378th result -> 4   correct  ->  4  == correct!
4379th result -> 5   correct  ->  5  == correct!
4380th result -> 4   correct  ->  4  == correct!
4381th result -> 8   correct  ->  8  == correct!
4382th result -> 5   correct  ->  5  == correct!
4383th result -> 4   correct  ->  4  == correct!
4384th result -> 9   correct  ->  9  == correct!
4385th result -> 2   correct  ->  2  == correct!
4386th result -> 2   correct  ->  2  == correct!
4387th result -> 1   correct  ->  1  == correct!
4388th result -> 2   correct  ->  2  == correct!
4389th result -> 6   correct  ->  6  == correct!
4390th result -> 8   correct  ->  8  == correct!
4391th result -> 8   correct  ->  8  == correct!
4392th result -> 7   correct  ->  7  == correct!
4393th result -> 0   correct  ->  0  == correct!
4394th result -> 3   correct  ->  3  == correct!
4395th result -> 6   correct  ->  6  == correct!
4396th result -> 6   correct  ->  6  == correct!
4397th result -> 4   correct  ->  4  == correct!
4398th result -> 3   correct  ->  3  == correct!
4399th result -> 8   correct  ->  8  == correct!
4400th result -> 8   correct  ->  8  == correct!
4401th result -> 7   correct  ->  7  == correct!
4402th result -> 2   correct  ->  2  == correct!
4403th result -> 2   correct  ->  2  == correct!
4404th result -> 0   correct  ->  0  == correct!
4405th result -> 0   correct  ->  0  == correct!
4406th result -> 9   correct  ->  9  == correct!
4407th result -> 3   correct  ->  3  == correct!
4408th result -> 9   correct  ->  9  == correct!
4409th result -> 9   correct  ->  9  == correct!
4410th result -> 1   correct  ->  1  == correct!
4411th result -> 9   correct  ->  9  == correct!
4412th result -> 8   correct  ->  8  == correct!
4413th result -> 6   correct  ->  6  == correct!
4414th result -> 6   correct  ->  6  == correct!
4415th result -> 4   correct  ->  4  == correct!
4416th result -> 2   correct  ->  2  == correct!
4417th result -> 6   correct  ->  6  == correct!
4418th result -> 9   correct  ->  9  == correct!
4419th result -> 2   correct  ->  2  == correct!
4420th result -> 8   correct  ->  8  == correct!
4421th result -> 5   correct  ->  5  == correct!
4422th result -> 4   correct  ->  4  == correct!
4423th result -> 5   correct  ->  5  == correct!
4424th result -> 7   correct  ->  7  == correct!
4425th result -> 9   correct  ->  9  == correct!
4426th result -> 9   correct  ->  9  == correct!
4427th result -> 9   correct  ->  9  == correct!
4428th result -> 2   correct  ->  2  == correct!
4429th result -> 1   correct  ->  1  == correct!
4430th result -> 8   correct  ->  8  == correct!
4431th result -> 3   correct  ->  3  == correct!
4432th result -> 4   correct  ->  4  == correct!
4433th result -> 0   correct  ->  0  == correct!
4434th result -> 2   correct  ->  7  == correct!
4435th result -> 8   correct  ->  8  == correct!
4436th result -> 7   correct  ->  3  == correct!
4437th result -> 9   correct  ->  9  == correct!
4438th result -> 3   correct  ->  3  == correct!
4439th result -> 4   correct  ->  4  == correct!
4440th result -> 6   correct  ->  6  == correct!
4441th result -> 5   correct  ->  5  == correct!
4442th result -> 6   correct  ->  6  == correct!
4443th result -> 2   correct  ->  2  == correct!
4444th result -> 3   correct  ->  3  == correct!
4445th result -> 9   correct  ->  9  == correct!
4446th result -> 2   correct  ->  2  == correct!
4447th result -> 6   correct  ->  6  == correct!
4448th result -> 0   correct  ->  0  == correct!
4449th result -> 0   correct  ->  0  == correct!
4450th result -> 6   correct  ->  6  == correct!
4451th result -> 1   correct  ->  1  == correct!
4452th result -> 8   correct  ->  2  == correct!
4453th result -> 8   correct  ->  8  == correct!
4454th result -> 7   correct  ->  7  == correct!
4455th result -> 9   correct  ->  9  == correct!
4456th result -> 8   correct  ->  8  == correct!
4457th result -> 2   correct  ->  2  == correct!
4458th result -> 0   correct  ->  0  == correct!
4459th result -> 4   correct  ->  4  == correct!
4460th result -> 7   correct  ->  7  == correct!
4461th result -> 7   correct  ->  7  == correct!
4462th result -> 5   correct  ->  5  == correct!
4463th result -> 0   correct  ->  0  == correct!
4464th result -> 5   correct  ->  5  == correct!
4465th result -> 6   correct  ->  6  == correct!
4466th result -> 4   correct  ->  4  == correct!
4467th result -> 6   correct  ->  6  == correct!
4468th result -> 7   correct  ->  7  == correct!
4469th result -> 4   correct  ->  4  == correct!
4470th result -> 3   correct  ->  3  == correct!
4471th result -> 0   correct  ->  0  == correct!
4472th result -> 7   correct  ->  7  == correct!
4473th result -> 5   correct  ->  5  == correct!
4474th result -> 0   correct  ->  0  == correct!
4475th result -> 7   correct  ->  7  == correct!
4476th result -> 4   correct  ->  4  == correct!
4477th result -> 2   correct  ->  2  == correct!
4478th result -> 0   correct  ->  0  == correct!
4479th result -> 8   correct  ->  8  == correct!
4480th result -> 9   correct  ->  9  == correct!
4481th result -> 9   correct  ->  9  == correct!
4482th result -> 4   correct  ->  4  == correct!
4483th result -> 2   correct  ->  2  == correct!
4484th result -> 4   correct  ->  4  == correct!
4485th result -> 6   correct  ->  6  == correct!
4486th result -> 7   correct  ->  7  == correct!
4487th result -> 8   correct  ->  8  == correct!
4488th result -> 7   correct  ->  7  == correct!
4489th result -> 6   correct  ->  6  == correct!
4490th result -> 9   correct  ->  9  == correct!
4491th result -> 4   correct  ->  4  == correct!
4492th result -> 1   correct  ->  1  == correct!
4493th result -> 3   correct  ->  3  == correct!
4494th result -> 7   correct  ->  7  == correct!
4495th result -> 3   correct  ->  3  == correct!
4496th result -> 0   correct  ->  0  == correct!
4497th result -> 8   correct  ->  8  == correct!
4498th result -> 7   correct  ->  8  == correct!
4499th result -> 7   correct  ->  7  == correct!
4500th result -> 6   correct  ->  6  == correct!
4501th result -> 1   correct  ->  9  == correct!
4502th result -> 3   correct  ->  3  == correct!
4503th result -> 9   correct  ->  9  == correct!
4504th result -> 2   correct  ->  2  == correct!
4505th result -> 2   correct  ->  2  == correct!
4506th result -> 9   correct  ->  9  == correct!
4507th result -> 2   correct  ->  2  == correct!
4508th result -> 1   correct  ->  1  == correct!
4509th result -> 8   correct  ->  8  == correct!
4510th result -> 3   correct  ->  3  == correct!
4511th result -> 2   correct  ->  2  == correct!
4512th result -> 9   correct  ->  9  == correct!
4513th result -> 6   correct  ->  6  == correct!
4514th result -> 8   correct  ->  8  == correct!
4515th result -> 4   correct  ->  4  == correct!
4516th result -> 0   correct  ->  0  == correct!
4517th result -> 1   correct  ->  1  == correct!
4518th result -> 2   correct  ->  2  == correct!
4519th result -> 8   correct  ->  8  == correct!
4520th result -> 4   correct  ->  4  == correct!
4521th result -> 5   correct  ->  5  == correct!
4522th result -> 2   correct  ->  2  == correct!
4523th result -> 7   correct  ->  7  == correct!
4524th result -> 8   correct  ->  8  == correct!
4525th result -> 1   correct  ->  1  == correct!
4526th result -> 1   correct  ->  1  == correct!
4527th result -> 3   correct  ->  3  == correct!
4528th result -> 0   correct  ->  0  == correct!
4529th result -> 3   correct  ->  3  == correct!
4530th result -> 5   correct  ->  5  == correct!
4531th result -> 7   correct  ->  7  == correct!
4532th result -> 0   correct  ->  0  == correct!
4533th result -> 3   correct  ->  3  == correct!
4534th result -> 1   correct  ->  1  == correct!
4535th result -> 9   correct  ->  9  == correct!
4536th result -> 3   correct  ->  3  == correct!
4537th result -> 5   correct  ->  6  == correct!
4538th result -> 3   correct  ->  3  == correct!
4539th result -> 1   correct  ->  1  == correct!
4540th result -> 7   correct  ->  7  == correct!
4541th result -> 3   correct  ->  7  == correct!
4542th result -> 3   correct  ->  3  == correct!
4543th result -> 0   correct  ->  0  == correct!
4544th result -> 8   correct  ->  8  == correct!
4545th result -> 4   correct  ->  4  == correct!
4546th result -> 8   correct  ->  8  == correct!
4547th result -> 2   correct  ->  2  == correct!
4548th result -> 6   correct  ->  6  == correct!
4549th result -> 6   correct  ->  5  == correct!
4550th result -> 2   correct  ->  2  == correct!
4551th result -> 9   correct  ->  9  == correct!
4552th result -> 7   correct  ->  7  == correct!
4553th result -> 3   correct  ->  3  == correct!
4554th result -> 9   correct  ->  9  == correct!
4555th result -> 0   correct  ->  0  == correct!
4556th result -> 9   correct  ->  9  == correct!
4557th result -> 9   correct  ->  9  == correct!
4558th result -> 6   correct  ->  6  == correct!
4559th result -> 4   correct  ->  4  == correct!
4560th result -> 2   correct  ->  2  == correct!
4561th result -> 9   correct  ->  9  == correct!
4562th result -> 7   correct  ->  7  == correct!
4563th result -> 2   correct  ->  2  == correct!
4564th result -> 1   correct  ->  1  == correct!
4565th result -> 1   correct  ->  1  == correct!
4566th result -> 6   correct  ->  6  == correct!
4567th result -> 7   correct  ->  7  == correct!
4568th result -> 4   correct  ->  4  == correct!
4569th result -> 7   correct  ->  7  == correct!
4570th result -> 5   correct  ->  5  == correct!
4571th result -> 9   correct  ->  9  == correct!
4572th result -> 2   correct  ->  6  == correct!
4573th result -> 8   correct  ->  8  == correct!
4574th result -> 2   correct  ->  2  == correct!
4575th result -> 1   correct  ->  1  == correct!
4576th result -> 2   correct  ->  4  == correct!
4577th result -> 4   correct  ->  4  == correct!
4578th result -> 5   correct  ->  5  == correct!
4579th result -> 7   correct  ->  7  == correct!
4580th result -> 6   correct  ->  6  == correct!
4581th result -> 1   correct  ->  1  == correct!
4582th result -> 3   correct  ->  3  == correct!
4583th result -> 2   correct  ->  2  == correct!
4584th result -> 5   correct  ->  5  == correct!
4585th result -> 9   correct  ->  9  == correct!
4586th result -> 9   correct  ->  9  == correct!
4587th result -> 3   correct  ->  3  == correct!
4588th result -> 6   correct  ->  6  == correct!
4589th result -> 1   correct  ->  1  == correct!
4590th result -> 1   correct  ->  1  == correct!
4591th result -> 4   correct  ->  4  == correct!
4592th result -> 6   correct  ->  6  == correct!
4593th result -> 9   correct  ->  9  == correct!
4594th result -> 7   correct  ->  7  == correct!
4595th result -> 2   correct  ->  2  == correct!
4596th result -> 1   correct  ->  1  == correct!
4597th result -> 5   correct  ->  5  == correct!
4598th result -> 1   correct  ->  1  == correct!
4599th result -> 4   correct  ->  4  == correct!
4600th result -> 6   correct  ->  6  == correct!
4601th result -> 3   correct  ->  3  == correct!
4602th result -> 4   correct  ->  8  == correct!
4603th result -> 1   correct  ->  1  == correct!
4604th result -> 1   correct  ->  1  == correct!
4605th result -> 0   correct  ->  0  == correct!
4606th result -> 3   correct  ->  3  == correct!
4607th result -> 1   correct  ->  1  == correct!
4608th result -> 6   correct  ->  6  == correct!
4609th result -> 8   correct  ->  8  == correct!
4610th result -> 4   correct  ->  4  == correct!
4611th result -> 9   correct  ->  9  == correct!
4612th result -> 0   correct  ->  0  == correct!
4613th result -> 7   correct  ->  7  == correct!
4614th result -> 3   correct  ->  3  == correct!
4615th result -> 0   correct  ->  0  == correct!
4616th result -> 4   correct  ->  2  == correct!
4617th result -> 9   correct  ->  9  == correct!
4618th result -> 0   correct  ->  0  == correct!
4619th result -> 6   correct  ->  6  == correct!
4620th result -> 6   correct  ->  6  == correct!
4621th result -> 6   correct  ->  6  == correct!
4622th result -> 3   correct  ->  3  == correct!
4623th result -> 6   correct  ->  6  == correct!
4624th result -> 7   correct  ->  7  == correct!
4625th result -> 7   correct  ->  7  == correct!
4626th result -> 2   correct  ->  2  == correct!
4627th result -> 8   correct  ->  8  == correct!
4628th result -> 6   correct  ->  6  == correct!
4629th result -> 0   correct  ->  0  == correct!
4630th result -> 8   correct  ->  8  == correct!
4631th result -> 3   correct  ->  3  == correct!
4632th result -> 0   correct  ->  0  == correct!
4633th result -> 2   correct  ->  2  == correct!
4634th result -> 9   correct  ->  9  == correct!
4635th result -> 8   correct  ->  8  == correct!
4636th result -> 3   correct  ->  3  == correct!
4637th result -> 2   correct  ->  2  == correct!
4638th result -> 5   correct  ->  5  == correct!
4639th result -> 3   correct  ->  3  == correct!
4640th result -> 9   correct  ->  8  == correct!
4641th result -> 8   correct  ->  8  == correct!
4642th result -> 0   correct  ->  0  == correct!
4643th result -> 0   correct  ->  0  == correct!
4644th result -> 1   correct  ->  1  == correct!
4645th result -> 9   correct  ->  9  == correct!
4646th result -> 5   correct  ->  5  == correct!
4647th result -> 1   correct  ->  1  == correct!
4648th result -> 3   correct  ->  3  == correct!
4649th result -> 9   correct  ->  9  == correct!
4650th result -> 6   correct  ->  6  == correct!
4651th result -> 0   correct  ->  0  == correct!
4652th result -> 1   correct  ->  1  == correct!
4653th result -> 4   correct  ->  4  == correct!
4654th result -> 1   correct  ->  1  == correct!
4655th result -> 7   correct  ->  7  == correct!
4656th result -> 1   correct  ->  1  == correct!
4657th result -> 2   correct  ->  2  == correct!
4658th result -> 3   correct  ->  3  == correct!
4659th result -> 7   correct  ->  7  == correct!
4660th result -> 9   correct  ->  9  == correct!
4661th result -> 7   correct  ->  7  == correct!
4662th result -> 4   correct  ->  4  == correct!
4663th result -> 9   correct  ->  9  == correct!
4664th result -> 9   correct  ->  9  == correct!
4665th result -> 3   correct  ->  3  == correct!
4666th result -> 9   correct  ->  9  == correct!
4667th result -> 2   correct  ->  2  == correct!
4668th result -> 8   correct  ->  8  == correct!
4669th result -> 2   correct  ->  2  == correct!
4670th result -> 7   correct  ->  7  == correct!
4671th result -> 1   correct  ->  1  == correct!
4672th result -> 3   correct  ->  8  == correct!
4673th result -> 0   correct  ->  0  == correct!
4674th result -> 9   correct  ->  9  == correct!
4675th result -> 1   correct  ->  1  == correct!
4676th result -> 0   correct  ->  0  == correct!
4677th result -> 1   correct  ->  1  == correct!
4678th result -> 7   correct  ->  7  == correct!
4679th result -> 7   correct  ->  7  == correct!
4680th result -> 9   correct  ->  9  == correct!
4681th result -> 6   correct  ->  6  == correct!
4682th result -> 9   correct  ->  9  == correct!
4683th result -> 9   correct  ->  9  == correct!
4684th result -> 9   correct  ->  9  == correct!
4685th result -> 2   correct  ->  2  == correct!
4686th result -> 1   correct  ->  1  == correct!
4687th result -> 6   correct  ->  6  == correct!
4688th result -> 1   correct  ->  1  == correct!
4689th result -> 3   correct  ->  3  == correct!
4690th result -> 5   correct  ->  5  == correct!
4691th result -> 7   correct  ->  7  == correct!
4692th result -> 1   correct  ->  1  == correct!
4693th result -> 9   correct  ->  9  == correct!
4694th result -> 7   correct  ->  7  == correct!
4695th result -> 6   correct  ->  6  == correct!
4696th result -> 4   correct  ->  4  == correct!
4697th result -> 5   correct  ->  5  == correct!
4698th result -> 7   correct  ->  7  == correct!
4699th result -> 6   correct  ->  6  == correct!
4700th result -> 6   correct  ->  6  == correct!
4701th result -> 9   correct  ->  9  == correct!
4702th result -> 9   correct  ->  9  == correct!
4703th result -> 6   correct  ->  6  == correct!
4704th result -> 3   correct  ->  3  == correct!
4705th result -> 6   correct  ->  6  == correct!
4706th result -> 2   correct  ->  2  == correct!
4707th result -> 9   correct  ->  9  == correct!
4708th result -> 8   correct  ->  8  == correct!
4709th result -> 1   correct  ->  1  == correct!
4710th result -> 2   correct  ->  2  == correct!
4711th result -> 2   correct  ->  2  == correct!
4712th result -> 5   correct  ->  5  == correct!
4713th result -> 5   correct  ->  5  == correct!
4714th result -> 2   correct  ->  2  == correct!
4715th result -> 3   correct  ->  3  == correct!
4716th result -> 7   correct  ->  7  == correct!
4717th result -> 2   correct  ->  2  == correct!
4718th result -> 1   correct  ->  1  == correct!
4719th result -> 0   correct  ->  0  == correct!
4720th result -> 1   correct  ->  1  == correct!
4721th result -> 0   correct  ->  0  == correct!
4722th result -> 4   correct  ->  4  == correct!
4723th result -> 5   correct  ->  5  == correct!
4724th result -> 2   correct  ->  2  == correct!
4725th result -> 8   correct  ->  8  == correct!
4726th result -> 2   correct  ->  2  == correct!
4727th result -> 8   correct  ->  8  == correct!
4728th result -> 3   correct  ->  3  == correct!
4729th result -> 5   correct  ->  5  == correct!
4730th result -> 1   correct  ->  1  == correct!
4731th result -> 7   correct  ->  7  == correct!
4732th result -> 8   correct  ->  8  == correct!
4733th result -> 1   correct  ->  1  == correct!
4734th result -> 1   correct  ->  1  == correct!
4735th result -> 2   correct  ->  2  == correct!
4736th result -> 9   correct  ->  9  == correct!
4737th result -> 7   correct  ->  7  == correct!
4738th result -> 8   correct  ->  8  == correct!
4739th result -> 4   correct  ->  4  == correct!
4740th result -> 0   correct  ->  0  == correct!
4741th result -> 5   correct  ->  3  == correct!
4742th result -> 0   correct  ->  0  == correct!
4743th result -> 7   correct  ->  7  == correct!
4744th result -> 8   correct  ->  8  == correct!
4745th result -> 8   correct  ->  8  == correct!
4746th result -> 4   correct  ->  4  == correct!
4747th result -> 7   correct  ->  7  == correct!
4748th result -> 7   correct  ->  7  == correct!
4749th result -> 8   correct  ->  8  == correct!
4750th result -> 5   correct  ->  5  == correct!
4751th result -> 8   correct  ->  8  == correct!
4752th result -> 6   correct  ->  4  == correct!
4753th result -> 9   correct  ->  9  == correct!
4754th result -> 8   correct  ->  8  == correct!
4755th result -> 1   correct  ->  1  == correct!
4756th result -> 3   correct  ->  3  == correct!
4757th result -> 8   correct  ->  8  == correct!
4758th result -> 0   correct  ->  0  == correct!
4759th result -> 3   correct  ->  3  == correct!
4760th result -> 1   correct  ->  1  == correct!
4761th result -> 7   correct  ->  7  == correct!
4762th result -> 8   correct  ->  9  == correct!
4763th result -> 5   correct  ->  5  == correct!
4764th result -> 5   correct  ->  5  == correct!
4765th result -> 1   correct  ->  1  == correct!
4766th result -> 6   correct  ->  6  == correct!
4767th result -> 5   correct  ->  5  == correct!
4768th result -> 7   correct  ->  7  == correct!
4769th result -> 4   correct  ->  4  == correct!
4770th result -> 9   correct  ->  9  == correct!
4771th result -> 3   correct  ->  3  == correct!
4772th result -> 5   correct  ->  5  == correct!
4773th result -> 4   correct  ->  4  == correct!
4774th result -> 7   correct  ->  7  == correct!
4775th result -> 1   correct  ->  1  == correct!
4776th result -> 2   correct  ->  2  == correct!
4777th result -> 0   correct  ->  0  == correct!
4778th result -> 8   correct  ->  8  == correct!
4779th result -> 1   correct  ->  1  == correct!
4780th result -> 6   correct  ->  6  == correct!
4781th result -> 0   correct  ->  0  == correct!
4782th result -> 7   correct  ->  7  == correct!
4783th result -> 3   correct  ->  3  == correct!
4784th result -> 4   correct  ->  4  == correct!
4785th result -> 7   correct  ->  7  == correct!
4786th result -> 8   correct  ->  3  == correct!
4787th result -> 9   correct  ->  9  == correct!
4788th result -> 6   correct  ->  6  == correct!
4789th result -> 0   correct  ->  0  == correct!
4790th result -> 8   correct  ->  8  == correct!
4791th result -> 6   correct  ->  6  == correct!
4792th result -> 4   correct  ->  4  == correct!
4793th result -> 8   correct  ->  8  == correct!
4794th result -> 7   correct  ->  7  == correct!
4795th result -> 7   correct  ->  7  == correct!
4796th result -> 9   correct  ->  9  == correct!
4797th result -> 3   correct  ->  3  == correct!
4798th result -> 8   correct  ->  8  == correct!
4799th result -> 6   correct  ->  6  == correct!
4800th result -> 9   correct  ->  9  == correct!
4801th result -> 7   correct  ->  7  == correct!
4802th result -> 2   correct  ->  2  == correct!
4803th result -> 3   correct  ->  3  == correct!
4804th result -> 4   correct  ->  4  == correct!
4805th result -> 0   correct  ->  0  == correct!
4806th result -> 2   correct  ->  2  == correct!
4807th result -> 1   correct  ->  1  == correct!
4808th result -> 0   correct  ->  8  == correct!
4809th result -> 5   correct  ->  3  == correct!
4810th result -> 5   correct  ->  5  == correct!
4811th result -> 5   correct  ->  5  == correct!
4812th result -> 7   correct  ->  7  == correct!
4813th result -> 2   correct  ->  2  == correct!
4814th result -> 4   correct  ->  4  == correct!
4815th result -> 6   correct  ->  6  == correct!
4816th result -> 7   correct  ->  7  == correct!
4817th result -> 2   correct  ->  2  == correct!
4818th result -> 8   correct  ->  8  == correct!
4819th result -> 3   correct  ->  3  == correct!
4820th result -> 0   correct  ->  0  == correct!
4821th result -> 8   correct  ->  8  == correct!
4822th result -> 7   correct  ->  7  == correct!
4823th result -> 8   correct  ->  8  == correct!
4824th result -> 4   correct  ->  9  == correct!
4825th result -> 0   correct  ->  0  == correct!
4826th result -> 8   correct  ->  8  == correct!
4827th result -> 4   correct  ->  4  == correct!
4828th result -> 4   correct  ->  4  == correct!
4829th result -> 5   correct  ->  5  == correct!
4830th result -> 8   correct  ->  8  == correct!
4831th result -> 5   correct  ->  5  == correct!
4832th result -> 6   correct  ->  6  == correct!
4833th result -> 6   correct  ->  6  == correct!
4834th result -> 3   correct  ->  3  == correct!
4835th result -> 0   correct  ->  0  == correct!
4836th result -> 9   correct  ->  9  == correct!
4837th result -> 3   correct  ->  3  == correct!
4838th result -> 2   correct  ->  7  == correct!
4839th result -> 6   correct  ->  6  == correct!
4840th result -> 8   correct  ->  8  == correct!
4841th result -> 9   correct  ->  9  == correct!
4842th result -> 3   correct  ->  3  == correct!
4843th result -> 4   correct  ->  4  == correct!
4844th result -> 9   correct  ->  9  == correct!
4845th result -> 5   correct  ->  5  == correct!
4846th result -> 8   correct  ->  8  == correct!
4847th result -> 9   correct  ->  9  == correct!
4848th result -> 1   correct  ->  1  == correct!
4849th result -> 2   correct  ->  2  == correct!
4850th result -> 8   correct  ->  8  == correct!
4851th result -> 8   correct  ->  8  == correct!
4852th result -> 6   correct  ->  6  == correct!
4853th result -> 8   correct  ->  8  == correct!
4854th result -> 1   correct  ->  1  == correct!
4855th result -> 3   correct  ->  3  == correct!
4856th result -> 7   correct  ->  7  == correct!
4857th result -> 9   correct  ->  9  == correct!
4858th result -> 0   correct  ->  0  == correct!
4859th result -> 1   correct  ->  1  == correct!
4860th result -> 1   correct  ->  1  == correct!
4861th result -> 4   correct  ->  4  == correct!
4862th result -> 7   correct  ->  7  == correct!
4863th result -> 0   correct  ->  0  == correct!
4864th result -> 8   correct  ->  8  == correct!
4865th result -> 1   correct  ->  1  == correct!
4866th result -> 7   correct  ->  7  == correct!
4867th result -> 4   correct  ->  4  == correct!
4868th result -> 5   correct  ->  5  == correct!
4869th result -> 7   correct  ->  7  == correct!
4870th result -> 1   correct  ->  1  == correct!
4871th result -> 2   correct  ->  2  == correct!
4872th result -> 1   correct  ->  1  == correct!
4873th result -> 1   correct  ->  1  == correct!
4874th result -> 3   correct  ->  3  == correct!
4875th result -> 0   correct  ->  9  == correct!
4876th result -> 6   correct  ->  6  == correct!
4877th result -> 2   correct  ->  2  == correct!
4878th result -> 1   correct  ->  1  == correct!
4879th result -> 2   correct  ->  2  == correct!
4880th result -> 4   correct  ->  8  == correct!
4881th result -> 8   correct  ->  0  == correct!
4882th result -> 7   correct  ->  7  == correct!
4883th result -> 6   correct  ->  6  == correct!
4884th result -> 6   correct  ->  6  == correct!
4885th result -> 9   correct  ->  9  == correct!
4886th result -> 3   correct  ->  3  == correct!
4887th result -> 1   correct  ->  7  == correct!
4888th result -> 0   correct  ->  0  == correct!
4889th result -> 5   correct  ->  5  == correct!
4890th result -> 2   correct  ->  2  == correct!
4891th result -> 6   correct  ->  8  == correct!
4892th result -> 0   correct  ->  0  == correct!
4893th result -> 5   correct  ->  5  == correct!
4894th result -> 4   correct  ->  4  == correct!
4895th result -> 3   correct  ->  3  == correct!
4896th result -> 8   correct  ->  8  == correct!
4897th result -> 4   correct  ->  4  == correct!
4898th result -> 6   correct  ->  6  == correct!
4899th result -> 6   correct  ->  6  == correct!
4900th result -> 2   correct  ->  2  == correct!
4901th result -> 7   correct  ->  7  == correct!
4902th result -> 9   correct  ->  9  == correct!
4903th result -> 5   correct  ->  5  == correct!
4904th result -> 1   correct  ->  1  == correct!
4905th result -> 3   correct  ->  3  == correct!
4906th result -> 2   correct  ->  2  == correct!
4907th result -> 4   correct  ->  4  == correct!
4908th result -> 3   correct  ->  3  == correct!
4909th result -> 6   correct  ->  6  == correct!
4910th result -> 1   correct  ->  1  == correct!
4911th result -> 9   correct  ->  9  == correct!
4912th result -> 4   correct  ->  4  == correct!
4913th result -> 4   correct  ->  4  == correct!
4914th result -> 7   correct  ->  7  == correct!
4915th result -> 6   correct  ->  6  == correct!
4916th result -> 5   correct  ->  5  == correct!
4917th result -> 4   correct  ->  4  == correct!
4918th result -> 1   correct  ->  1  == correct!
4919th result -> 9   correct  ->  9  == correct!
4920th result -> 9   correct  ->  9  == correct!
4921th result -> 2   correct  ->  2  == correct!
4922th result -> 7   correct  ->  7  == correct!
4923th result -> 8   correct  ->  8  == correct!
4924th result -> 0   correct  ->  0  == correct!
4925th result -> 1   correct  ->  1  == correct!
4926th result -> 3   correct  ->  3  == correct!
4927th result -> 6   correct  ->  6  == correct!
4928th result -> 1   correct  ->  1  == correct!
4929th result -> 3   correct  ->  3  == correct!
4930th result -> 4   correct  ->  4  == correct!
4931th result -> 1   correct  ->  1  == correct!
4932th result -> 1   correct  ->  1  == correct!
4933th result -> 1   correct  ->  1  == correct!
4934th result -> 5   correct  ->  5  == correct!
4935th result -> 6   correct  ->  6  == correct!
4936th result -> 0   correct  ->  0  == correct!
4937th result -> 7   correct  ->  7  == correct!
4938th result -> 0   correct  ->  0  == correct!
4939th result -> 7   correct  ->  7  == correct!
4940th result -> 2   correct  ->  2  == correct!
4941th result -> 3   correct  ->  3  == correct!
4942th result -> 2   correct  ->  2  == correct!
4943th result -> 5   correct  ->  5  == correct!
4944th result -> 2   correct  ->  2  == correct!
4945th result -> 2   correct  ->  2  == correct!
4946th result -> 9   correct  ->  9  == correct!
4947th result -> 4   correct  ->  4  == correct!
4948th result -> 9   correct  ->  9  == correct!
4949th result -> 8   correct  ->  8  == correct!
4950th result -> 1   correct  ->  1  == correct!
4951th result -> 2   correct  ->  2  == correct!
4952th result -> 1   correct  ->  1  == correct!
4953th result -> 6   correct  ->  6  == correct!
4954th result -> 1   correct  ->  1  == correct!
4955th result -> 2   correct  ->  2  == correct!
4956th result -> 7   correct  ->  7  == correct!
4957th result -> 4   correct  ->  8  == correct!
4958th result -> 0   correct  ->  0  == correct!
4959th result -> 0   correct  ->  0  == correct!
4960th result -> 0   correct  ->  0  == correct!
4961th result -> 8   correct  ->  8  == correct!
4962th result -> 2   correct  ->  2  == correct!
4963th result -> 2   correct  ->  2  == correct!
4964th result -> 9   correct  ->  9  == correct!
4965th result -> 2   correct  ->  2  == correct!
4966th result -> 2   correct  ->  2  == correct!
4967th result -> 9   correct  ->  7  == correct!
4968th result -> 9   correct  ->  9  == correct!
4969th result -> 9   correct  ->  9  == correct!
4970th result -> 2   correct  ->  2  == correct!
4971th result -> 7   correct  ->  7  == correct!
4972th result -> 5   correct  ->  5  == correct!
4973th result -> 1   correct  ->  1  == correct!
4974th result -> 3   correct  ->  3  == correct!
4975th result -> 4   correct  ->  4  == correct!
4976th result -> 9   correct  ->  9  == correct!
4977th result -> 4   correct  ->  4  == correct!
4978th result -> 1   correct  ->  1  == correct!
4979th result -> 8   correct  ->  8  == correct!
4980th result -> 5   correct  ->  5  == correct!
4981th result -> 6   correct  ->  6  == correct!
4982th result -> 2   correct  ->  2  == correct!
4983th result -> 8   correct  ->  8  == correct!
4984th result -> 3   correct  ->  3  == correct!
4985th result -> 1   correct  ->  1  == correct!
4986th result -> 2   correct  ->  2  == correct!
4987th result -> 8   correct  ->  8  == correct!
4988th result -> 4   correct  ->  4  == correct!
4989th result -> 9   correct  ->  9  == correct!
4990th result -> 9   correct  ->  9  == correct!
4991th result -> 2   correct  ->  3  == correct!
4992th result -> 7   correct  ->  7  == correct!
4993th result -> 0   correct  ->  0  == correct!
4994th result -> 7   correct  ->  7  == correct!
4995th result -> 7   correct  ->  7  == correct!
4996th result -> 2   correct  ->  2  == correct!
4997th result -> 3   correct  ->  3  == correct!
4998th result -> 3   correct  ->  2  == correct!
4999th result -> 4   correct  ->  4  == correct!
5000th result -> 0   correct  ->  0  == correct!
5001th result -> 3   correct  ->  3  == correct!
5002th result -> 9   correct  ->  9  == correct!
5003th result -> 9   correct  ->  9  == correct!
5004th result -> 8   correct  ->  8  == correct!
5005th result -> 4   correct  ->  4  == correct!
5006th result -> 1   correct  ->  1  == correct!
5007th result -> 0   correct  ->  0  == correct!
5008th result -> 6   correct  ->  6  == correct!
5009th result -> 0   correct  ->  0  == correct!
5010th result -> 9   correct  ->  9  == correct!
5011th result -> 6   correct  ->  6  == correct!
5012th result -> 8   correct  ->  8  == correct!
5013th result -> 6   correct  ->  6  == correct!
5014th result -> 1   correct  ->  1  == correct!
5015th result -> 1   correct  ->  1  == correct!
5016th result -> 9   correct  ->  9  == correct!
5017th result -> 8   correct  ->  8  == correct!
5018th result -> 9   correct  ->  9  == correct!
5019th result -> 2   correct  ->  2  == correct!
5020th result -> 3   correct  ->  3  == correct!
5021th result -> 5   correct  ->  5  == correct!
5022th result -> 5   correct  ->  5  == correct!
5023th result -> 9   correct  ->  9  == correct!
5024th result -> 4   correct  ->  4  == correct!
5025th result -> 2   correct  ->  2  == correct!
5026th result -> 1   correct  ->  1  == correct!
5027th result -> 9   correct  ->  9  == correct!
5028th result -> 4   correct  ->  4  == correct!
5029th result -> 3   correct  ->  3  == correct!
5030th result -> 9   correct  ->  9  == correct!
5031th result -> 6   correct  ->  6  == correct!
5032th result -> 0   correct  ->  0  == correct!
5033th result -> 4   correct  ->  4  == correct!
5034th result -> 0   correct  ->  0  == correct!
5035th result -> 6   correct  ->  6  == correct!
5036th result -> 0   correct  ->  0  == correct!
5037th result -> 1   correct  ->  1  == correct!
5038th result -> 2   correct  ->  2  == correct!
5039th result -> 3   correct  ->  3  == correct!
5040th result -> 4   correct  ->  4  == correct!
5041th result -> 7   correct  ->  7  == correct!
5042th result -> 8   correct  ->  8  == correct!
5043th result -> 9   correct  ->  9  == correct!
5044th result -> 0   correct  ->  0  == correct!
5045th result -> 1   correct  ->  1  == correct!
5046th result -> 2   correct  ->  2  == correct!
5047th result -> 3   correct  ->  3  == correct!
5048th result -> 4   correct  ->  4  == correct!
5049th result -> 7   correct  ->  7  == correct!
5050th result -> 8   correct  ->  8  == correct!
5051th result -> 9   correct  ->  9  == correct!
5052th result -> 0   correct  ->  0  == correct!
5053th result -> 1   correct  ->  1  == correct!
5054th result -> 2   correct  ->  2  == correct!
5055th result -> 3   correct  ->  3  == correct!
5056th result -> 4   correct  ->  4  == correct!
5057th result -> 5   correct  ->  5  == correct!
5058th result -> 6   correct  ->  6  == correct!
5059th result -> 7   correct  ->  7  == correct!
5060th result -> 8   correct  ->  8  == correct!
5061th result -> 9   correct  ->  9  == correct!
5062th result -> 8   correct  ->  8  == correct!
5063th result -> 3   correct  ->  3  == correct!
5064th result -> 4   correct  ->  4  == correct!
5065th result -> 7   correct  ->  7  == correct!
5066th result -> 8   correct  ->  8  == correct!
5067th result -> 6   correct  ->  6  == correct!
5068th result -> 2   correct  ->  3  == correct!
5069th result -> 1   correct  ->  4  == correct!
5070th result -> 0   correct  ->  0  == correct!
5071th result -> 9   correct  ->  9  == correct!
5072th result -> 7   correct  ->  7  == correct!
5073th result -> 1   correct  ->  1  == correct!
5074th result -> 9   correct  ->  9  == correct!
5075th result -> 3   correct  ->  3  == correct!
5076th result -> 8   correct  ->  8  == correct!
5077th result -> 4   correct  ->  4  == correct!
5078th result -> 7   correct  ->  7  == correct!
5079th result -> 3   correct  ->  3  == correct!
5080th result -> 0   correct  ->  0  == correct!
5081th result -> 9   correct  ->  9  == correct!
5082th result -> 1   correct  ->  1  == correct!
5083th result -> 4   correct  ->  4  == correct!
5084th result -> 5   correct  ->  5  == correct!
5085th result -> 4   correct  ->  4  == correct!
5086th result -> 6   correct  ->  6  == correct!
5087th result -> 2   correct  ->  2  == correct!
5088th result -> 0   correct  ->  0  == correct!
5089th result -> 6   correct  ->  6  == correct!
5090th result -> 2   correct  ->  2  == correct!
5091th result -> 1   correct  ->  1  == correct!
5092th result -> 1   correct  ->  1  == correct!
5093th result -> 1   correct  ->  1  == correct!
5094th result -> 1   correct  ->  1  == correct!
5095th result -> 7   correct  ->  7  == correct!
5096th result -> 2   correct  ->  2  == correct!
5097th result -> 4   correct  ->  4  == correct!
5098th result -> 7   correct  ->  7  == correct!
5099th result -> 5   correct  ->  5  == correct!
5100th result -> 2   correct  ->  2  == correct!
5101th result -> 9   correct  ->  9  == correct!
5102th result -> 4   correct  ->  4  == correct!
5103th result -> 5   correct  ->  5  == correct!
5104th result -> 8   correct  ->  8  == correct!
5105th result -> 4   correct  ->  4  == correct!
5106th result -> 2   correct  ->  2  == correct!
5107th result -> 9   correct  ->  9  == correct!
5108th result -> 7   correct  ->  7  == correct!
5109th result -> 0   correct  ->  0  == correct!
5110th result -> 0   correct  ->  0  == correct!
5111th result -> 7   correct  ->  7  == correct!
5112th result -> 5   correct  ->  5  == correct!
5113th result -> 1   correct  ->  1  == correct!
5114th result -> 1   correct  ->  1  == correct!
5115th result -> 7   correct  ->  7  == correct!
5116th result -> 6   correct  ->  6  == correct!
5117th result -> 6   correct  ->  6  == correct!
5118th result -> 6   correct  ->  6  == correct!
5119th result -> 8   correct  ->  8  == correct!
5120th result -> 2   correct  ->  2  == correct!
5121th result -> 2   correct  ->  2  == correct!
5122th result -> 7   correct  ->  7  == correct!
5123th result -> 7   correct  ->  7  == correct!
5124th result -> 4   correct  ->  4  == correct!
5125th result -> 0   correct  ->  0  == correct!
5126th result -> 2   correct  ->  2  == correct!
5127th result -> 4   correct  ->  4  == correct!
5128th result -> 2   correct  ->  2  == correct!
5129th result -> 1   correct  ->  1  == correct!
5130th result -> 8   correct  ->  8  == correct!
5131th result -> 9   correct  ->  9  == correct!
5132th result -> 6   correct  ->  6  == correct!
5133th result -> 1   correct  ->  1  == correct!
5134th result -> 0   correct  ->  0  == correct!
5135th result -> 5   correct  ->  5  == correct!
5136th result -> 9   correct  ->  9  == correct!
5137th result -> 6   correct  ->  6  == correct!
5138th result -> 9   correct  ->  9  == correct!
5139th result -> 8   correct  ->  8  == correct!
5140th result -> 0   correct  ->  0  == correct!
5141th result -> 5   correct  ->  3  == correct!
5142th result -> 0   correct  ->  0  == correct!
5143th result -> 8   correct  ->  8  == correct!
5144th result -> 3   correct  ->  3  == correct!
5145th result -> 9   correct  ->  9  == correct!
5146th result -> 6   correct  ->  6  == correct!
5147th result -> 3   correct  ->  3  == correct!
5148th result -> 0   correct  ->  0  == correct!
5149th result -> 1   correct  ->  1  == correct!
5150th result -> 2   correct  ->  2  == correct!
5151th result -> 3   correct  ->  3  == correct!
5152th result -> 4   correct  ->  4  == correct!
5153th result -> 5   correct  ->  5  == correct!
5154th result -> 6   correct  ->  6  == correct!
5155th result -> 7   correct  ->  7  == correct!
5156th result -> 0   correct  ->  0  == correct!
5157th result -> 1   correct  ->  1  == correct!
5158th result -> 2   correct  ->  2  == correct!
5159th result -> 3   correct  ->  3  == correct!
5160th result -> 4   correct  ->  4  == correct!
5161th result -> 5   correct  ->  5  == correct!
5162th result -> 6   correct  ->  6  == correct!
5163th result -> 7   correct  ->  7  == correct!
5164th result -> 8   correct  ->  8  == correct!
5165th result -> 9   correct  ->  9  == correct!
5166th result -> 0   correct  ->  0  == correct!
5167th result -> 1   correct  ->  1  == correct!
5168th result -> 2   correct  ->  2  == correct!
5169th result -> 3   correct  ->  3  == correct!
5170th result -> 4   correct  ->  4  == correct!
5171th result -> 5   correct  ->  5  == correct!
5172th result -> 6   correct  ->  6  == correct!
5173th result -> 7   correct  ->  7  == correct!
5174th result -> 8   correct  ->  8  == correct!
5175th result -> 5   correct  ->  5  == correct!
5176th result -> 4   correct  ->  4  == correct!
5177th result -> 8   correct  ->  8  == correct!
5178th result -> 7   correct  ->  7  == correct!
5179th result -> 4   correct  ->  4  == correct!
5180th result -> 7   correct  ->  7  == correct!
5181th result -> 7   correct  ->  7  == correct!
5182th result -> 3   correct  ->  3  == correct!
5183th result -> 9   correct  ->  9  == correct!
5184th result -> 8   correct  ->  8  == correct!
5185th result -> 8   correct  ->  8  == correct!
5186th result -> 3   correct  ->  3  == correct!
5187th result -> 1   correct  ->  1  == correct!
5188th result -> 5   correct  ->  5  == correct!
5189th result -> 8   correct  ->  8  == correct!
5190th result -> 2   correct  ->  2  == correct!
5191th result -> 7   correct  ->  7  == correct!
5192th result -> 4   correct  ->  4  == correct!
5193th result -> 2   correct  ->  2  == correct!
5194th result -> 1   correct  ->  1  == correct!
5195th result -> 5   correct  ->  5  == correct!
5196th result -> 4   correct  ->  4  == correct!
5197th result -> 5   correct  ->  5  == correct!
5198th result -> 5   correct  ->  5  == correct!
5199th result -> 8   correct  ->  8  == correct!
5200th result -> 6   correct  ->  6  == correct!
5201th result -> 4   correct  ->  4  == correct!
5202th result -> 4   correct  ->  4  == correct!
5203th result -> 4   correct  ->  4  == correct!
5204th result -> 1   correct  ->  1  == correct!
5205th result -> 8   correct  ->  8  == correct!
5206th result -> 7   correct  ->  7  == correct!
5207th result -> 5   correct  ->  5  == correct!
5208th result -> 5   correct  ->  5  == correct!
5209th result -> 1   correct  ->  1  == correct!
5210th result -> 8   correct  ->  8  == correct!
5211th result -> 9   correct  ->  9  == correct!
5212th result -> 1   correct  ->  1  == correct!
5213th result -> 3   correct  ->  3  == correct!
5214th result -> 6   correct  ->  6  == correct!
5215th result -> 3   correct  ->  3  == correct!
5216th result -> 3   correct  ->  3  == correct!
5217th result -> 2   correct  ->  2  == correct!
5218th result -> 2   correct  ->  2  == correct!
5219th result -> 6   correct  ->  6  == correct!
5220th result -> 9   correct  ->  9  == correct!
5221th result -> 9   correct  ->  9  == correct!
5222th result -> 6   correct  ->  6  == correct!
5223th result -> 5   correct  ->  5  == correct!
5224th result -> 5   correct  ->  5  == correct!
5225th result -> 3   correct  ->  3  == correct!
5226th result -> 3   correct  ->  3  == correct!
5227th result -> 8   correct  ->  8  == correct!
5228th result -> 1   correct  ->  1  == correct!
5229th result -> 6   correct  ->  6  == correct!
5230th result -> 5   correct  ->  5  == correct!
5231th result -> 6   correct  ->  6  == correct!
5232th result -> 8   correct  ->  8  == correct!
5233th result -> 1   correct  ->  1  == correct!
5234th result -> 9   correct  ->  9  == correct!
5235th result -> 7   correct  ->  7  == correct!
5236th result -> 6   correct  ->  6  == correct!
5237th result -> 8   correct  ->  8  == correct!
5238th result -> 3   correct  ->  3  == correct!
5239th result -> 7   correct  ->  7  == correct!
5240th result -> 4   correct  ->  4  == correct!
5241th result -> 7   correct  ->  7  == correct!
5242th result -> 0   correct  ->  0  == correct!
5243th result -> 9   correct  ->  9  == correct!
5244th result -> 0   correct  ->  0  == correct!
5245th result -> 0   correct  ->  0  == correct!
5246th result -> 3   correct  ->  3  == correct!
5247th result -> 2   correct  ->  7  == correct!
5248th result -> 9   correct  ->  9  == correct!
5249th result -> 3   correct  ->  3  == correct!
5250th result -> 0   correct  ->  0  == correct!
5251th result -> 2   correct  ->  2  == correct!
5252th result -> 0   correct  ->  0  == correct!
5253th result -> 1   correct  ->  1  == correct!
5254th result -> 0   correct  ->  0  == correct!
5255th result -> 1   correct  ->  1  == correct!
5256th result -> 0   correct  ->  0  == correct!
5257th result -> 4   correct  ->  4  == correct!
5258th result -> 0   correct  ->  0  == correct!
5259th result -> 1   correct  ->  1  == correct!
5260th result -> 0   correct  ->  0  == correct!
5261th result -> 4   correct  ->  4  == correct!
5262th result -> 7   correct  ->  7  == correct!
5263th result -> 9   correct  ->  9  == correct!
5264th result -> 6   correct  ->  6  == correct!
5265th result -> 2   correct  ->  2  == correct!
5266th result -> 6   correct  ->  6  == correct!
5267th result -> 2   correct  ->  2  == correct!
5268th result -> 2   correct  ->  2  == correct!
5269th result -> 9   correct  ->  9  == correct!
5270th result -> 9   correct  ->  9  == correct!
5271th result -> 0   correct  ->  0  == correct!
5272th result -> 1   correct  ->  1  == correct!
5273th result -> 2   correct  ->  2  == correct!
5274th result -> 3   correct  ->  3  == correct!
5275th result -> 4   correct  ->  4  == correct!
5276th result -> 5   correct  ->  5  == correct!
5277th result -> 6   correct  ->  6  == correct!
5278th result -> 7   correct  ->  7  == correct!
5279th result -> 8   correct  ->  8  == correct!
5280th result -> 9   correct  ->  9  == correct!
5281th result -> 0   correct  ->  0  == correct!
5282th result -> 1   correct  ->  1  == correct!
5283th result -> 2   correct  ->  2  == correct!
5284th result -> 3   correct  ->  3  == correct!
5285th result -> 4   correct  ->  4  == correct!
5286th result -> 5   correct  ->  5  == correct!
5287th result -> 6   correct  ->  6  == correct!
5288th result -> 7   correct  ->  7  == correct!
5289th result -> 8   correct  ->  8  == correct!
5290th result -> 9   correct  ->  9  == correct!
5291th result -> 0   correct  ->  0  == correct!
5292th result -> 1   correct  ->  1  == correct!
5293th result -> 2   correct  ->  2  == correct!
5294th result -> 3   correct  ->  3  == correct!
5295th result -> 4   correct  ->  4  == correct!
5296th result -> 5   correct  ->  5  == correct!
5297th result -> 6   correct  ->  6  == correct!
5298th result -> 7   correct  ->  7  == correct!
5299th result -> 8   correct  ->  8  == correct!
5300th result -> 9   correct  ->  9  == correct!
5301th result -> 8   correct  ->  8  == correct!
5302th result -> 0   correct  ->  0  == correct!
5303th result -> 5   correct  ->  5  == correct!
5304th result -> 6   correct  ->  6  == correct!
5305th result -> 6   correct  ->  6  == correct!
5306th result -> 0   correct  ->  0  == correct!
5307th result -> 8   correct  ->  8  == correct!
5308th result -> 0   correct  ->  0  == correct!
5309th result -> 2   correct  ->  2  == correct!
5310th result -> 3   correct  ->  3  == correct!
5311th result -> 7   correct  ->  7  == correct!
5312th result -> 9   correct  ->  9  == correct!
5313th result -> 4   correct  ->  4  == correct!
5314th result -> 7   correct  ->  7  == correct!
5315th result -> 1   correct  ->  1  == correct!
5316th result -> 9   correct  ->  9  == correct!
5317th result -> 1   correct  ->  1  == correct!
5318th result -> 7   correct  ->  7  == correct!
5319th result -> 1   correct  ->  1  == correct!
5320th result -> 4   correct  ->  4  == correct!
5321th result -> 0   correct  ->  0  == correct!
5322th result -> 0   correct  ->  0  == correct!
5323th result -> 4   correct  ->  4  == correct!
5324th result -> 1   correct  ->  1  == correct!
5325th result -> 7   correct  ->  7  == correct!
5326th result -> 5   correct  ->  5  == correct!
5327th result -> 7   correct  ->  7  == correct!
5328th result -> 1   correct  ->  1  == correct!
5329th result -> 3   correct  ->  3  == correct!
5330th result -> 3   correct  ->  3  == correct!
5331th result -> 3   correct  ->  3  == correct!
5332th result -> 6   correct  ->  1  == correct!
5333th result -> 6   correct  ->  6  == correct!
5334th result -> 9   correct  ->  9  == correct!
5335th result -> 7   correct  ->  7  == correct!
5336th result -> 4   correct  ->  4  == correct!
5337th result -> 3   correct  ->  3  == correct!
5338th result -> 0   correct  ->  0  == correct!
5339th result -> 2   correct  ->  2  == correct!
5340th result -> 5   correct  ->  5  == correct!
5341th result -> 2   correct  ->  2  == correct!
5342th result -> 6   correct  ->  6  == correct!
5343th result -> 0   correct  ->  0  == correct!
5344th result -> 8   correct  ->  8  == correct!
5345th result -> 9   correct  ->  9  == correct!
5346th result -> 4   correct  ->  4  == correct!
5347th result -> 3   correct  ->  3  == correct!
5348th result -> 5   correct  ->  5  == correct!
5349th result -> 4   correct  ->  4  == correct!
5350th result -> 8   correct  ->  8  == correct!
5351th result -> 1   correct  ->  1  == correct!
5352th result -> 5   correct  ->  5  == correct!
5353th result -> 9   correct  ->  9  == correct!
5354th result -> 0   correct  ->  0  == correct!
5355th result -> 6   correct  ->  6  == correct!
5356th result -> 4   correct  ->  4  == correct!
5357th result -> 3   correct  ->  3  == correct!
5358th result -> 6   correct  ->  6  == correct!
5359th result -> 3   correct  ->  3  == correct!
5360th result -> 3   correct  ->  3  == correct!
5361th result -> 8   correct  ->  8  == correct!
5362th result -> 1   correct  ->  1  == correct!
5363th result -> 4   correct  ->  4  == correct!
5364th result -> 7   correct  ->  7  == correct!
5365th result -> 5   correct  ->  5  == correct!
5366th result -> 7   correct  ->  7  == correct!
5367th result -> 2   correct  ->  2  == correct!
5368th result -> 2   correct  ->  2  == correct!
5369th result -> 0   correct  ->  0  == correct!
5370th result -> 0   correct  ->  0  == correct!
5371th result -> 1   correct  ->  1  == correct!
5372th result -> 7   correct  ->  7  == correct!
5373th result -> 7   correct  ->  7  == correct!
5374th result -> 9   correct  ->  9  == correct!
5375th result -> 5   correct  ->  5  == correct!
5376th result -> 9   correct  ->  9  == correct!
5377th result -> 8   correct  ->  8  == correct!
5378th result -> 9   correct  ->  9  == correct!
5379th result -> 6   correct  ->  6  == correct!
5380th result -> 8   correct  ->  8  == correct!
5381th result -> 8   correct  ->  8  == correct!
5382th result -> 2   correct  ->  2  == correct!
5383th result -> 3   correct  ->  3  == correct!
5384th result -> 6   correct  ->  6  == correct!
5385th result -> 1   correct  ->  1  == correct!
5386th result -> 2   correct  ->  2  == correct!
5387th result -> 9   correct  ->  9  == correct!
5388th result -> 8   correct  ->  8  == correct!
5389th result -> 9   correct  ->  9  == correct!
5390th result -> 5   correct  ->  5  == correct!
5391th result -> 2   correct  ->  2  == correct!
5392th result -> 6   correct  ->  6  == correct!
5393th result -> 2   correct  ->  2  == correct!
5394th result -> 4   correct  ->  4  == correct!
5395th result -> 8   correct  ->  8  == correct!
5396th result -> 4   correct  ->  4  == correct!
5397th result -> 6   correct  ->  6  == correct!
5398th result -> 5   correct  ->  5  == correct!
5399th result -> 0   correct  ->  0  == correct!
5400th result -> 1   correct  ->  1  == correct!
5401th result -> 5   correct  ->  5  == correct!
5402th result -> 6   correct  ->  6  == correct!
5403th result -> 7   correct  ->  7  == correct!
5404th result -> 8   correct  ->  8  == correct!
5405th result -> 9   correct  ->  9  == correct!
5406th result -> 0   correct  ->  0  == correct!
5407th result -> 1   correct  ->  1  == correct!
5408th result -> 2   correct  ->  2  == correct!
5409th result -> 3   correct  ->  3  == correct!
5410th result -> 4   correct  ->  4  == correct!
5411th result -> 5   correct  ->  5  == correct!
5412th result -> 6   correct  ->  6  == correct!
5413th result -> 7   correct  ->  7  == correct!
5414th result -> 8   correct  ->  8  == correct!
5415th result -> 9   correct  ->  9  == correct!
5416th result -> 0   correct  ->  0  == correct!
5417th result -> 1   correct  ->  1  == correct!
5418th result -> 2   correct  ->  2  == correct!
5419th result -> 3   correct  ->  3  == correct!
5420th result -> 4   correct  ->  4  == correct!
5421th result -> 5   correct  ->  5  == correct!
5422th result -> 6   correct  ->  6  == correct!
5423th result -> 7   correct  ->  7  == correct!
5424th result -> 8   correct  ->  8  == correct!
5425th result -> 9   correct  ->  9  == correct!
5426th result -> 7   correct  ->  7  == correct!
5427th result -> 4   correct  ->  4  == correct!
5428th result -> 2   correct  ->  2  == correct!
5429th result -> 0   correct  ->  0  == correct!
5430th result -> 9   correct  ->  9  == correct!
5431th result -> 0   correct  ->  0  == correct!
5432th result -> 1   correct  ->  1  == correct!
5433th result -> 5   correct  ->  5  == correct!
5434th result -> 8   correct  ->  8  == correct!
5435th result -> 8   correct  ->  8  == correct!
5436th result -> 0   correct  ->  0  == correct!
5437th result -> 2   correct  ->  2  == correct!
5438th result -> 7   correct  ->  7  == correct!
5439th result -> 8   correct  ->  8  == correct!
5440th result -> 4   correct  ->  4  == correct!
5441th result -> 4   correct  ->  4  == correct!
5442th result -> 6   correct  ->  6  == correct!
5443th result -> 1   correct  ->  1  == correct!
5444th result -> 0   correct  ->  0  == correct!
5445th result -> 4   correct  ->  4  == correct!
5446th result -> 5   correct  ->  5  == correct!
5447th result -> 3   correct  ->  3  == correct!
5448th result -> 9   correct  ->  9  == correct!
5449th result -> 4   correct  ->  4  == correct!
5450th result -> 2   correct  ->  2  == correct!
5451th result -> 0   correct  ->  0  == correct!
5452th result -> 5   correct  ->  5  == correct!
5453th result -> 0   correct  ->  0  == correct!
5454th result -> 1   correct  ->  1  == correct!
5455th result -> 3   correct  ->  3  == correct!
5456th result -> 2   correct  ->  2  == correct!
5457th result -> 9   correct  ->  9  == correct!
5458th result -> 1   correct  ->  1  == correct!
5459th result -> 6   correct  ->  6  == correct!
5460th result -> 0   correct  ->  0  == correct!
5461th result -> 1   correct  ->  1  == correct!
5462th result -> 1   correct  ->  1  == correct!
5463th result -> 8   correct  ->  8  == correct!
5464th result -> 0   correct  ->  0  == correct!
5465th result -> 4   correct  ->  4  == correct!
5466th result -> 7   correct  ->  7  == correct!
5467th result -> 7   correct  ->  7  == correct!
5468th result -> 6   correct  ->  6  == correct!
5469th result -> 3   correct  ->  3  == correct!
5470th result -> 6   correct  ->  6  == correct!
5471th result -> 0   correct  ->  0  == correct!
5472th result -> 7   correct  ->  7  == correct!
5473th result -> 3   correct  ->  3  == correct!
5474th result -> 5   correct  ->  5  == correct!
5475th result -> 4   correct  ->  4  == correct!
5476th result -> 2   correct  ->  2  == correct!
5477th result -> 4   correct  ->  4  == correct!
5478th result -> 1   correct  ->  1  == correct!
5479th result -> 8   correct  ->  8  == correct!
5480th result -> 3   correct  ->  3  == correct!
5481th result -> 5   correct  ->  5  == correct!
5482th result -> 6   correct  ->  6  == correct!
5483th result -> 7   correct  ->  7  == correct!
5484th result -> 0   correct  ->  0  == correct!
5485th result -> 6   correct  ->  6  == correct!
5486th result -> 7   correct  ->  7  == correct!
5487th result -> 1   correct  ->  1  == correct!
5488th result -> 2   correct  ->  2  == correct!
5489th result -> 5   correct  ->  5  == correct!
5490th result -> 8   correct  ->  8  == correct!
5491th result -> 1   correct  ->  1  == correct!
5492th result -> 9   correct  ->  9  == correct!
5493th result -> 3   correct  ->  3  == correct!
5494th result -> 8   correct  ->  8  == correct!
5495th result -> 2   correct  ->  2  == correct!
5496th result -> 8   correct  ->  8  == correct!
5497th result -> 7   correct  ->  7  == correct!
5498th result -> 6   correct  ->  6  == correct!
5499th result -> 7   correct  ->  7  == correct!
5500th result -> 1   correct  ->  1  == correct!
5501th result -> 4   correct  ->  4  == correct!
5502th result -> 6   correct  ->  6  == correct!
5503th result -> 2   correct  ->  2  == correct!
5504th result -> 9   correct  ->  9  == correct!
5505th result -> 3   correct  ->  3  == correct!
5506th result -> 0   correct  ->  0  == correct!
5507th result -> 1   correct  ->  1  == correct!
5508th result -> 2   correct  ->  2  == correct!
5509th result -> 3   correct  ->  3  == correct!
5510th result -> 4   correct  ->  4  == correct!
5511th result -> 5   correct  ->  5  == correct!
5512th result -> 6   correct  ->  6  == correct!
5513th result -> 7   correct  ->  7  == correct!
5514th result -> 0   correct  ->  0  == correct!
5515th result -> 1   correct  ->  1  == correct!
5516th result -> 2   correct  ->  2  == correct!
5517th result -> 3   correct  ->  3  == correct!
5518th result -> 4   correct  ->  4  == correct!
5519th result -> 5   correct  ->  5  == correct!
5520th result -> 0   correct  ->  0  == correct!
5521th result -> 1   correct  ->  1  == correct!
5522th result -> 2   correct  ->  2  == correct!
5523th result -> 8   correct  ->  8  == correct!
5524th result -> 9   correct  ->  9  == correct!
5525th result -> 1   correct  ->  1  == correct!
5526th result -> 4   correct  ->  4  == correct!
5527th result -> 0   correct  ->  0  == correct!
5528th result -> 9   correct  ->  9  == correct!
5529th result -> 5   correct  ->  5  == correct!
5530th result -> 0   correct  ->  0  == correct!
5531th result -> 8   correct  ->  8  == correct!
5532th result -> 0   correct  ->  0  == correct!
5533th result -> 7   correct  ->  7  == correct!
5534th result -> 7   correct  ->  7  == correct!
5535th result -> 1   correct  ->  1  == correct!
5536th result -> 1   correct  ->  1  == correct!
5537th result -> 2   correct  ->  2  == correct!
5538th result -> 9   correct  ->  9  == correct!
5539th result -> 3   correct  ->  3  == correct!
5540th result -> 6   correct  ->  6  == correct!
5541th result -> 7   correct  ->  7  == correct!
5542th result -> 2   correct  ->  2  == correct!
5543th result -> 3   correct  ->  3  == correct!
5544th result -> 8   correct  ->  8  == correct!
5545th result -> 1   correct  ->  1  == correct!
5546th result -> 2   correct  ->  2  == correct!
5547th result -> 9   correct  ->  9  == correct!
5548th result -> 8   correct  ->  8  == correct!
5549th result -> 8   correct  ->  8  == correct!
5550th result -> 7   correct  ->  7  == correct!
5551th result -> 1   correct  ->  1  == correct!
5552th result -> 7   correct  ->  7  == correct!
5553th result -> 1   correct  ->  1  == correct!
5554th result -> 1   correct  ->  1  == correct!
5555th result -> 0   correct  ->  0  == correct!
5556th result -> 3   correct  ->  3  == correct!
5557th result -> 4   correct  ->  4  == correct!
5558th result -> 2   correct  ->  2  == correct!
5559th result -> 6   correct  ->  6  == correct!
5560th result -> 4   correct  ->  4  == correct!
5561th result -> 7   correct  ->  7  == correct!
5562th result -> 4   correct  ->  4  == correct!
5563th result -> 8   correct  ->  2  == correct!
5564th result -> 7   correct  ->  7  == correct!
5565th result -> 4   correct  ->  4  == correct!
5566th result -> 9   correct  ->  9  == correct!
5567th result -> 1   correct  ->  1  == correct!
5568th result -> 0   correct  ->  0  == correct!
5569th result -> 6   correct  ->  6  == correct!
5570th result -> 8   correct  ->  8  == correct!
5571th result -> 5   correct  ->  5  == correct!
5572th result -> 5   correct  ->  5  == correct!
5573th result -> 5   correct  ->  5  == correct!
5574th result -> 3   correct  ->  3  == correct!
5575th result -> 5   correct  ->  5  == correct!
5576th result -> 9   correct  ->  9  == correct!
5577th result -> 7   correct  ->  7  == correct!
5578th result -> 4   correct  ->  4  == correct!
5579th result -> 8   correct  ->  8  == correct!
5580th result -> 5   correct  ->  5  == correct!
5581th result -> 9   correct  ->  9  == correct!
5582th result -> 6   correct  ->  6  == correct!
5583th result -> 9   correct  ->  9  == correct!
5584th result -> 3   correct  ->  3  == correct!
5585th result -> 0   correct  ->  0  == correct!
5586th result -> 3   correct  ->  3  == correct!
5587th result -> 8   correct  ->  8  == correct!
5588th result -> 9   correct  ->  9  == correct!
5589th result -> 1   correct  ->  1  == correct!
5590th result -> 8   correct  ->  8  == correct!
5591th result -> 1   correct  ->  1  == correct!
5592th result -> 6   correct  ->  6  == correct!
5593th result -> 0   correct  ->  0  == correct!
5594th result -> 0   correct  ->  0  == correct!
5595th result -> 1   correct  ->  1  == correct!
5596th result -> 2   correct  ->  2  == correct!
5597th result -> 3   correct  ->  3  == correct!
5598th result -> 4   correct  ->  4  == correct!
5599th result -> 5   correct  ->  5  == correct!
5600th result -> 6   correct  ->  6  == correct!
5601th result -> 9   correct  ->  7  == correct!
5602th result -> 8   correct  ->  8  == correct!
5603th result -> 9   correct  ->  9  == correct!
5604th result -> 0   correct  ->  0  == correct!
5605th result -> 1   correct  ->  1  == correct!
5606th result -> 2   correct  ->  2  == correct!
5607th result -> 3   correct  ->  3  == correct!
5608th result -> 4   correct  ->  4  == correct!
5609th result -> 5   correct  ->  5  == correct!
5610th result -> 6   correct  ->  6  == correct!
5611th result -> 7   correct  ->  7  == correct!
5612th result -> 6   correct  ->  8  == correct!
5613th result -> 9   correct  ->  9  == correct!
5614th result -> 0   correct  ->  0  == correct!
5615th result -> 1   correct  ->  1  == correct!
5616th result -> 2   correct  ->  2  == correct!
5617th result -> 3   correct  ->  3  == correct!
5618th result -> 4   correct  ->  4  == correct!
5619th result -> 5   correct  ->  5  == correct!
5620th result -> 6   correct  ->  6  == correct!
5621th result -> 9   correct  ->  7  == correct!
5622th result -> 8   correct  ->  8  == correct!
5623th result -> 9   correct  ->  9  == correct!
5624th result -> 3   correct  ->  3  == correct!
5625th result -> 5   correct  ->  5  == correct!
5626th result -> 3   correct  ->  3  == correct!
5627th result -> 2   correct  ->  2  == correct!
5628th result -> 9   correct  ->  9  == correct!
5629th result -> 3   correct  ->  3  == correct!
5630th result -> 2   correct  ->  2  == correct!
5631th result -> 1   correct  ->  1  == correct!
5632th result -> 4   correct  ->  4  == correct!
5633th result -> 5   correct  ->  5  == correct!
5634th result -> 5   correct  ->  5  == correct!
5635th result -> 3   correct  ->  2  == correct!
5636th result -> 3   correct  ->  3  == correct!
5637th result -> 2   correct  ->  2  == correct!
5638th result -> 1   correct  ->  1  == correct!
5639th result -> 3   correct  ->  3  == correct!
5640th result -> 9   correct  ->  9  == correct!
5641th result -> 7   correct  ->  7  == correct!
5642th result -> 2   correct  ->  2  == correct!
5643th result -> 8   correct  ->  1  == correct!
5644th result -> 2   correct  ->  2  == correct!
5645th result -> 8   correct  ->  8  == correct!
5646th result -> 9   correct  ->  9  == correct!
5647th result -> 1   correct  ->  1  == correct!
5648th result -> 8   correct  ->  8  == correct!
5649th result -> 8   correct  ->  8  == correct!
5650th result -> 7   correct  ->  7  == correct!
5651th result -> 8   correct  ->  8  == correct!
5652th result -> 1   correct  ->  1  == correct!
5653th result -> 0   correct  ->  0  == correct!
5654th result -> 0   correct  ->  0  == correct!
5655th result -> 7   correct  ->  7  == correct!
5656th result -> 7   correct  ->  7  == correct!
5657th result -> 8   correct  ->  8  == correct!
5658th result -> 7   correct  ->  7  == correct!
5659th result -> 5   correct  ->  5  == correct!
5660th result -> 0   correct  ->  0  == correct!
5661th result -> 6   correct  ->  6  == correct!
5662th result -> 1   correct  ->  1  == correct!
5663th result -> 5   correct  ->  5  == correct!
5664th result -> 7   correct  ->  7  == correct!
5665th result -> 4   correct  ->  4  == correct!
5666th result -> 6   correct  ->  6  == correct!
5667th result -> 1   correct  ->  1  == correct!
5668th result -> 2   correct  ->  2  == correct!
5669th result -> 5   correct  ->  5  == correct!
5670th result -> 0   correct  ->  0  == correct!
5671th result -> 7   correct  ->  7  == correct!
5672th result -> 9   correct  ->  9  == correct!
5673th result -> 9   correct  ->  9  == correct!
5674th result -> 0   correct  ->  0  == correct!
5675th result -> 3   correct  ->  3  == correct!
5676th result -> 8   correct  ->  8  == correct!
5677th result -> 4   correct  ->  4  == correct!
5678th result -> 4   correct  ->  4  == correct!
5679th result -> 8   correct  ->  8  == correct!
5680th result -> 1   correct  ->  1  == correct!
5681th result -> 8   correct  ->  8  == correct!
5682th result -> 6   correct  ->  6  == correct!
5683th result -> 5   correct  ->  5  == correct!
5684th result -> 9   correct  ->  9  == correct!
5685th result -> 0   correct  ->  0  == correct!
5686th result -> 0   correct  ->  0  == correct!
5687th result -> 0   correct  ->  0  == correct!
5688th result -> 3   correct  ->  3  == correct!
5689th result -> 7   correct  ->  7  == correct!
5690th result -> 1   correct  ->  1  == correct!
5691th result -> 6   correct  ->  6  == correct!
5692th result -> 4   correct  ->  4  == correct!
5693th result -> 2   correct  ->  2  == correct!
5694th result -> 6   correct  ->  6  == correct!
5695th result -> 6   correct  ->  6  == correct!
5696th result -> 0   correct  ->  0  == correct!
5697th result -> 4   correct  ->  4  == correct!
5698th result -> 5   correct  ->  5  == correct!
5699th result -> 4   correct  ->  4  == correct!
5700th result -> 1   correct  ->  1  == correct!
5701th result -> 3   correct  ->  3  == correct!
5702th result -> 8   correct  ->  8  == correct!
5703th result -> 6   correct  ->  6  == correct!
5704th result -> 3   correct  ->  3  == correct!
5705th result -> 9   correct  ->  9  == correct!
5706th result -> 9   correct  ->  9  == correct!
5707th result -> 5   correct  ->  5  == correct!
5708th result -> 9   correct  ->  9  == correct!
5709th result -> 3   correct  ->  3  == correct!
5710th result -> 7   correct  ->  7  == correct!
5711th result -> 8   correct  ->  8  == correct!
5712th result -> 5   correct  ->  5  == correct!
5713th result -> 6   correct  ->  6  == correct!
5714th result -> 4   correct  ->  4  == correct!
5715th result -> 7   correct  ->  7  == correct!
5716th result -> 6   correct  ->  6  == correct!
5717th result -> 2   correct  ->  2  == correct!
5718th result -> 2   correct  ->  2  == correct!
5719th result -> 0   correct  ->  0  == correct!
5720th result -> 9   correct  ->  9  == correct!
5721th result -> 4   correct  ->  4  == correct!
5722th result -> 0   correct  ->  0  == correct!
5723th result -> 1   correct  ->  1  == correct!
5724th result -> 2   correct  ->  2  == correct!
5725th result -> 3   correct  ->  3  == correct!
5726th result -> 4   correct  ->  4  == correct!
5727th result -> 5   correct  ->  5  == correct!
5728th result -> 6   correct  ->  6  == correct!
5729th result -> 7   correct  ->  7  == correct!
5730th result -> 8   correct  ->  8  == correct!
5731th result -> 9   correct  ->  9  == correct!
5732th result -> 0   correct  ->  0  == correct!
5733th result -> 1   correct  ->  1  == correct!
5734th result -> 2   correct  ->  2  == correct!
5735th result -> 7   correct  ->  3  == correct!
5736th result -> 5   correct  ->  5  == correct!
5737th result -> 6   correct  ->  6  == correct!
5738th result -> 0   correct  ->  0  == correct!
5739th result -> 1   correct  ->  1  == correct!
5740th result -> 2   correct  ->  2  == correct!
5741th result -> 3   correct  ->  3  == correct!
5742th result -> 4   correct  ->  4  == correct!
5743th result -> 5   correct  ->  5  == correct!
5744th result -> 6   correct  ->  6  == correct!
5745th result -> 8   correct  ->  8  == correct!
5746th result -> 7   correct  ->  7  == correct!
5747th result -> 1   correct  ->  1  == correct!
5748th result -> 3   correct  ->  3  == correct!
5749th result -> 2   correct  ->  2  == correct!
5750th result -> 8   correct  ->  8  == correct!
5751th result -> 0   correct  ->  0  == correct!
5752th result -> 7   correct  ->  7  == correct!
5753th result -> 5   correct  ->  5  == correct!
5754th result -> 9   correct  ->  9  == correct!
5755th result -> 9   correct  ->  9  == correct!
5756th result -> 6   correct  ->  6  == correct!
5757th result -> 0   correct  ->  0  == correct!
5758th result -> 9   correct  ->  9  == correct!
5759th result -> 4   correct  ->  4  == correct!
5760th result -> 1   correct  ->  1  == correct!
5761th result -> 3   correct  ->  3  == correct!
5762th result -> 2   correct  ->  2  == correct!
5763th result -> 1   correct  ->  1  == correct!
5764th result -> 2   correct  ->  2  == correct!
5765th result -> 3   correct  ->  3  == correct!
5766th result -> 8   correct  ->  8  == correct!
5767th result -> 3   correct  ->  3  == correct!
5768th result -> 2   correct  ->  2  == correct!
5769th result -> 6   correct  ->  6  == correct!
5770th result -> 5   correct  ->  5  == correct!
5771th result -> 6   correct  ->  6  == correct!
5772th result -> 8   correct  ->  8  == correct!
5773th result -> 2   correct  ->  2  == correct!
5774th result -> 7   correct  ->  7  == correct!
5775th result -> 4   correct  ->  4  == correct!
5776th result -> 8   correct  ->  8  == correct!
5777th result -> 1   correct  ->  1  == correct!
5778th result -> 8   correct  ->  8  == correct!
5779th result -> 0   correct  ->  0  == correct!
5780th result -> 5   correct  ->  5  == correct!
5781th result -> 3   correct  ->  3  == correct!
5782th result -> 9   correct  ->  9  == correct!
5783th result -> 4   correct  ->  4  == correct!
5784th result -> 1   correct  ->  1  == correct!
5785th result -> 9   correct  ->  9  == correct!
5786th result -> 2   correct  ->  2  == correct!
5787th result -> 1   correct  ->  1  == correct!
5788th result -> 9   correct  ->  9  == correct!
5789th result -> 6   correct  ->  6  == correct!
5790th result -> 7   correct  ->  7  == correct!
5791th result -> 9   correct  ->  9  == correct!
5792th result -> 0   correct  ->  0  == correct!
5793th result -> 4   correct  ->  4  == correct!
5794th result -> 6   correct  ->  6  == correct!
5795th result -> 1   correct  ->  1  == correct!
5796th result -> 7   correct  ->  7  == correct!
5797th result -> 3   correct  ->  3  == correct!
5798th result -> 8   correct  ->  8  == correct!
5799th result -> 7   correct  ->  7  == correct!
5800th result -> 2   correct  ->  2  == correct!
5801th result -> 9   correct  ->  9  == correct!
5802th result -> 6   correct  ->  6  == correct!
5803th result -> 5   correct  ->  5  == correct!
5804th result -> 8   correct  ->  8  == correct!
5805th result -> 3   correct  ->  3  == correct!
5806th result -> 9   correct  ->  9  == correct!
5807th result -> 0   correct  ->  0  == correct!
5808th result -> 5   correct  ->  5  == correct!
5809th result -> 7   correct  ->  7  == correct!
5810th result -> 1   correct  ->  1  == correct!
5811th result -> 6   correct  ->  6  == correct!
5812th result -> 1   correct  ->  1  == correct!
5813th result -> 0   correct  ->  0  == correct!
5814th result -> 9   correct  ->  9  == correct!
5815th result -> 3   correct  ->  3  == correct!
5816th result -> 3   correct  ->  3  == correct!
5817th result -> 4   correct  ->  4  == correct!
5818th result -> 4   correct  ->  4  == correct!
5819th result -> 0   correct  ->  0  == correct!
5820th result -> 6   correct  ->  6  == correct!
5821th result -> 2   correct  ->  2  == correct!
5822th result -> 5   correct  ->  5  == correct!
5823th result -> 4   correct  ->  4  == correct!
5824th result -> 2   correct  ->  2  == correct!
5825th result -> 3   correct  ->  3  == correct!
5826th result -> 4   correct  ->  4  == correct!
5827th result -> 6   correct  ->  6  == correct!
5828th result -> 0   correct  ->  0  == correct!
5829th result -> 0   correct  ->  0  == correct!
5830th result -> 2   correct  ->  2  == correct!
5831th result -> 0   correct  ->  0  == correct!
5832th result -> 1   correct  ->  1  == correct!
5833th result -> 4   correct  ->  4  == correct!
5834th result -> 5   correct  ->  5  == correct!
5835th result -> 6   correct  ->  6  == correct!
5836th result -> 7   correct  ->  7  == correct!
5837th result -> 8   correct  ->  8  == correct!
5838th result -> 9   correct  ->  9  == correct!
5839th result -> 0   correct  ->  0  == correct!
5840th result -> 1   correct  ->  1  == correct!
5841th result -> 2   correct  ->  2  == correct!
5842th result -> 3   correct  ->  3  == correct!
5843th result -> 7   correct  ->  4  == correct!
5844th result -> 5   correct  ->  5  == correct!
5845th result -> 6   correct  ->  6  == correct!
5846th result -> 7   correct  ->  7  == correct!
5847th result -> 8   correct  ->  8  == correct!
5848th result -> 0   correct  ->  0  == correct!
5849th result -> 1   correct  ->  1  == correct!
5850th result -> 2   correct  ->  2  == correct!
5851th result -> 3   correct  ->  3  == correct!
5852th result -> 4   correct  ->  4  == correct!
5853th result -> 5   correct  ->  5  == correct!
5854th result -> 6   correct  ->  6  == correct!
5855th result -> 7   correct  ->  7  == correct!
5856th result -> 8   correct  ->  8  == correct!
5857th result -> 9   correct  ->  9  == correct!
5858th result -> 8   correct  ->  8  == correct!
5859th result -> 7   correct  ->  7  == correct!
5860th result -> 1   correct  ->  1  == correct!
5861th result -> 3   correct  ->  3  == correct!
5862th result -> 7   correct  ->  7  == correct!
5863th result -> 5   correct  ->  5  == correct!
5864th result -> 2   correct  ->  2  == correct!
5865th result -> 8   correct  ->  8  == correct!
5866th result -> 0   correct  ->  0  == correct!
5867th result -> 7   correct  ->  7  == correct!
5868th result -> 5   correct  ->  5  == correct!
5869th result -> 9   correct  ->  9  == correct!
5870th result -> 9   correct  ->  9  == correct!
5871th result -> 0   correct  ->  0  == correct!
5872th result -> 9   correct  ->  9  == correct!
5873th result -> 1   correct  ->  1  == correct!
5874th result -> 1   correct  ->  1  == correct!
5875th result -> 5   correct  ->  5  == correct!
5876th result -> 8   correct  ->  8  == correct!
5877th result -> 8   correct  ->  8  == correct!
5878th result -> 6   correct  ->  6  == correct!
5879th result -> 3   correct  ->  3  == correct!
5880th result -> 2   correct  ->  2  == correct!
5881th result -> 1   correct  ->  1  == correct!
5882th result -> 8   correct  ->  8  == correct!
5883th result -> 3   correct  ->  3  == correct!
5884th result -> 2   correct  ->  2  == correct!
5885th result -> 6   correct  ->  6  == correct!
5886th result -> 5   correct  ->  5  == correct!
5887th result -> 6   correct  ->  6  == correct!
5888th result -> 0   correct  ->  7  == correct!
5889th result -> 0   correct  ->  4  == correct!
5890th result -> 1   correct  ->  1  == correct!
5891th result -> 0   correct  ->  0  == correct!
5892th result -> 6   correct  ->  5  == correct!
5893th result -> 3   correct  ->  3  == correct!
5894th result -> 1   correct  ->  1  == correct!
5895th result -> 9   correct  ->  9  == correct!
5896th result -> 2   correct  ->  2  == correct!
5897th result -> 1   correct  ->  1  == correct!
5898th result -> 9   correct  ->  9  == correct!
5899th result -> 6   correct  ->  6  == correct!
5900th result -> 0   correct  ->  0  == correct!
5901th result -> 4   correct  ->  4  == correct!
5902th result -> 6   correct  ->  6  == correct!
5903th result -> 1   correct  ->  1  == correct!
5904th result -> 7   correct  ->  7  == correct!
5905th result -> 3   correct  ->  3  == correct!
5906th result -> 8   correct  ->  8  == correct!
5907th result -> 7   correct  ->  7  == correct!
5908th result -> 2   correct  ->  2  == correct!
5909th result -> 9   correct  ->  9  == correct!
5910th result -> 6   correct  ->  6  == correct!
5911th result -> 5   correct  ->  5  == correct!
5912th result -> 8   correct  ->  8  == correct!
5913th result -> 3   correct  ->  3  == correct!
5914th result -> 3   correct  ->  5  == correct!
5915th result -> 7   correct  ->  7  == correct!
5916th result -> 1   correct  ->  1  == correct!
5917th result -> 6   correct  ->  6  == correct!
5918th result -> 1   correct  ->  1  == correct!
5919th result -> 0   correct  ->  0  == correct!
5920th result -> 9   correct  ->  9  == correct!
5921th result -> 6   correct  ->  6  == correct!
5922th result -> 2   correct  ->  2  == correct!
5923th result -> 3   correct  ->  5  == correct!
5924th result -> 4   correct  ->  4  == correct!
5925th result -> 2   correct  ->  2  == correct!
5926th result -> 3   correct  ->  3  == correct!
5927th result -> 4   correct  ->  4  == correct!
5928th result -> 4   correct  ->  4  == correct!
5929th result -> 6   correct  ->  6  == correct!
5930th result -> 0   correct  ->  0  == correct!
5931th result -> 0   correct  ->  0  == correct!
5932th result -> 2   correct  ->  2  == correct!
5933th result -> 0   correct  ->  0  == correct!
5934th result -> 1   correct  ->  1  == correct!
5935th result -> 2   correct  ->  2  == correct!
5936th result -> 3   correct  ->  3  == correct!
5937th result -> 9   correct  ->  4  == correct!
5938th result -> 5   correct  ->  5  == correct!
5939th result -> 6   correct  ->  6  == correct!
5940th result -> 7   correct  ->  7  == correct!
5941th result -> 8   correct  ->  8  == correct!
5942th result -> 9   correct  ->  9  == correct!
5943th result -> 0   correct  ->  0  == correct!
5944th result -> 1   correct  ->  1  == correct!
5945th result -> 2   correct  ->  2  == correct!
5946th result -> 3   correct  ->  3  == correct!
5947th result -> 4   correct  ->  4  == correct!
5948th result -> 5   correct  ->  5  == correct!
5949th result -> 6   correct  ->  6  == correct!
5950th result -> 7   correct  ->  7  == correct!
5951th result -> 8   correct  ->  8  == correct!
5952th result -> 9   correct  ->  9  == correct!
5953th result -> 0   correct  ->  0  == correct!
5954th result -> 1   correct  ->  1  == correct!
5955th result -> 2   correct  ->  2  == correct!
5956th result -> 8   correct  ->  3  == correct!
5957th result -> 4   correct  ->  4  == correct!
5958th result -> 5   correct  ->  5  == correct!
5959th result -> 6   correct  ->  6  == correct!
5960th result -> 7   correct  ->  7  == correct!
5961th result -> 8   correct  ->  8  == correct!
5962th result -> 9   correct  ->  9  == correct!
5963th result -> 8   correct  ->  8  == correct!
5964th result -> 6   correct  ->  6  == correct!
5965th result -> 5   correct  ->  5  == correct!
5966th result -> 0   correct  ->  0  == correct!
5967th result -> 6   correct  ->  6  == correct!
5968th result -> 8   correct  ->  8  == correct!
5969th result -> 9   correct  ->  9  == correct!
5970th result -> 4   correct  ->  4  == correct!
5971th result -> 1   correct  ->  1  == correct!
5972th result -> 9   correct  ->  9  == correct!
5973th result -> 5   correct  ->  5  == correct!
5974th result -> 8   correct  ->  3  == correct!
5975th result -> 0   correct  ->  0  == correct!
5976th result -> 4   correct  ->  4  == correct!
5977th result -> 8   correct  ->  8  == correct!
5978th result -> 9   correct  ->  9  == correct!
5979th result -> 1   correct  ->  1  == correct!
5980th result -> 4   correct  ->  4  == correct!
5981th result -> 0   correct  ->  0  == correct!
5982th result -> 3   correct  ->  5  == correct!
5983th result -> 5   correct  ->  5  == correct!
5984th result -> 2   correct  ->  2  == correct!
5985th result -> 1   correct  ->  1  == correct!
5986th result -> 5   correct  ->  5  == correct!
5987th result -> 4   correct  ->  4  == correct!
5988th result -> 0   correct  ->  0  == correct!
5989th result -> 7   correct  ->  7  == correct!
5990th result -> 6   correct  ->  6  == correct!
5991th result -> 0   correct  ->  0  == correct!
5992th result -> 1   correct  ->  1  == correct!
5993th result -> 7   correct  ->  7  == correct!
5994th result -> 0   correct  ->  0  == correct!
5995th result -> 6   correct  ->  6  == correct!
5996th result -> 8   correct  ->  8  == correct!
5997th result -> 9   correct  ->  9  == correct!
5998th result -> 5   correct  ->  5  == correct!
5999th result -> 1   correct  ->  1  == correct!
6000th result -> 7   correct  ->  7  == correct!
6001th result -> 9   correct  ->  9  == correct!
6002th result -> 8   correct  ->  8  == correct!
6003th result -> 6   correct  ->  6  == correct!
6004th result -> 0   correct  ->  0  == correct!
6005th result -> 8   correct  ->  8  == correct!
6006th result -> 1   correct  ->  1  == correct!
6007th result -> 7   correct  ->  7  == correct!
6008th result -> 7   correct  ->  7  == correct!
6009th result -> 1   correct  ->  1  == correct!
6010th result -> 3   correct  ->  3  == correct!
6011th result -> 2   correct  ->  2  == correct!
6012th result -> 3   correct  ->  3  == correct!
6013th result -> 1   correct  ->  1  == correct!
6014th result -> 4   correct  ->  4  == correct!
6015th result -> 2   correct  ->  2  == correct!
6016th result -> 0   correct  ->  0  == correct!
6017th result -> 0   correct  ->  0  == correct!
6018th result -> 7   correct  ->  7  == correct!
6019th result -> 8   correct  ->  8  == correct!
6020th result -> 4   correct  ->  4  == correct!
6021th result -> 6   correct  ->  6  == correct!
6022th result -> 4   correct  ->  4  == correct!
6023th result -> 9   correct  ->  9  == correct!
6024th result -> 8   correct  ->  3  == correct!
6025th result -> 8   correct  ->  8  == correct!
6026th result -> 4   correct  ->  4  == correct!
6027th result -> 7   correct  ->  7  == correct!
6028th result -> 2   correct  ->  2  == correct!
6029th result -> 5   correct  ->  5  == correct!
6030th result -> 6   correct  ->  6  == correct!
6031th result -> 3   correct  ->  3  == correct!
6032th result -> 6   correct  ->  6  == correct!
6033th result -> 9   correct  ->  9  == correct!
6034th result -> 6   correct  ->  6  == correct!
6035th result -> 3   correct  ->  3  == correct!
6036th result -> 0   correct  ->  2  == correct!
6037th result -> 2   correct  ->  2  == correct!
6038th result -> 9   correct  ->  4  == correct!
6039th result -> 6   correct  ->  6  == correct!
6040th result -> 9   correct  ->  9  == correct!
6041th result -> 0   correct  ->  0  == correct!
6042th result -> 2   correct  ->  2  == correct!
6043th result -> 5   correct  ->  5  == correct!
6044th result -> 5   correct  ->  5  == correct!
6045th result -> 1   correct  ->  1  == correct!
6046th result -> 8   correct  ->  3  == correct!
6047th result -> 3   correct  ->  3  == correct!
6048th result -> 9   correct  ->  9  == correct!
6049th result -> 7   correct  ->  7  == correct!
6050th result -> 8   correct  ->  8  == correct!
6051th result -> 7   correct  ->  7  == correct!
6052th result -> 2   correct  ->  2  == correct!
6053th result -> 2   correct  ->  2  == correct!
6054th result -> 5   correct  ->  5  == correct!
6055th result -> 7   correct  ->  7  == correct!
6056th result -> 9   correct  ->  9  == correct!
6057th result -> 8   correct  ->  8  == correct!
6058th result -> 2   correct  ->  2  == correct!
6059th result -> 1   correct  ->  1  == correct!
6060th result -> 8   correct  ->  3  == correct!
6061th result -> 1   correct  ->  1  == correct!
6062th result -> 3   correct  ->  3  == correct!
6063th result -> 0   correct  ->  0  == correct!
6064th result -> 1   correct  ->  1  == correct!
6065th result -> 2   correct  ->  2  == correct!
6066th result -> 8   correct  ->  3  == correct!
6067th result -> 4   correct  ->  4  == correct!
6068th result -> 5   correct  ->  5  == correct!
6069th result -> 6   correct  ->  6  == correct!
6070th result -> 7   correct  ->  7  == correct!
6071th result -> 8   correct  ->  8  == correct!
6072th result -> 3   correct  ->  9  == correct!
6073th result -> 0   correct  ->  0  == correct!
6074th result -> 1   correct  ->  1  == correct!
6075th result -> 2   correct  ->  2  == correct!
6076th result -> 3   correct  ->  3  == correct!
6077th result -> 4   correct  ->  4  == correct!
6078th result -> 5   correct  ->  5  == correct!
6079th result -> 6   correct  ->  6  == correct!
6080th result -> 7   correct  ->  7  == correct!
6081th result -> 8   correct  ->  8  == correct!
6082th result -> 3   correct  ->  9  == correct!
6083th result -> 0   correct  ->  0  == correct!
6084th result -> 1   correct  ->  1  == correct!
6085th result -> 2   correct  ->  2  == correct!
6086th result -> 3   correct  ->  3  == correct!
6087th result -> 4   correct  ->  4  == correct!
6088th result -> 5   correct  ->  5  == correct!
6089th result -> 6   correct  ->  6  == correct!
6090th result -> 7   correct  ->  7  == correct!
6091th result -> 8   correct  ->  8  == correct!
6092th result -> 0   correct  ->  9  == correct!
6093th result -> 1   correct  ->  1  == correct!
6094th result -> 2   correct  ->  2  == correct!
6095th result -> 6   correct  ->  6  == correct!
6096th result -> 5   correct  ->  5  == correct!
6097th result -> 3   correct  ->  3  == correct!
6098th result -> 0   correct  ->  0  == correct!
6099th result -> 7   correct  ->  7  == correct!
6100th result -> 0   correct  ->  0  == correct!
6101th result -> 4   correct  ->  4  == correct!
6102th result -> 1   correct  ->  1  == correct!
6103th result -> 4   correct  ->  4  == correct!
6104th result -> 3   correct  ->  3  == correct!
6105th result -> 6   correct  ->  6  == correct!
6106th result -> 7   correct  ->  7  == correct!
6107th result -> 2   correct  ->  2  == correct!
6108th result -> 3   correct  ->  3  == correct!
6109th result -> 1   correct  ->  1  == correct!
6110th result -> 2   correct  ->  2  == correct!
6111th result -> 1   correct  ->  1  == correct!
6112th result -> 2   correct  ->  2  == correct!
6113th result -> 9   correct  ->  9  == correct!
6114th result -> 6   correct  ->  6  == correct!
6115th result -> 0   correct  ->  0  == correct!
6116th result -> 1   correct  ->  1  == correct!
6117th result -> 3   correct  ->  3  == correct!
6118th result -> 0   correct  ->  0  == correct!
6119th result -> 2   correct  ->  2  == correct!
6120th result -> 7   correct  ->  7  == correct!
6121th result -> 5   correct  ->  5  == correct!
6122th result -> 7   correct  ->  7  == correct!
6123th result -> 6   correct  ->  6  == correct!
6124th result -> 2   correct  ->  2  == correct!
6125th result -> 9   correct  ->  9  == correct!
6126th result -> 1   correct  ->  1  == correct!
6127th result -> 9   correct  ->  9  == correct!
6128th result -> 0   correct  ->  0  == correct!
6129th result -> 6   correct  ->  6  == correct!
6130th result -> 0   correct  ->  0  == correct!
6131th result -> 6   correct  ->  6  == correct!
6132th result -> 0   correct  ->  0  == correct!
6133th result -> 2   correct  ->  2  == correct!
6134th result -> 0   correct  ->  0  == correct!
6135th result -> 6   correct  ->  6  == correct!
6136th result -> 1   correct  ->  1  == correct!
6137th result -> 5   correct  ->  5  == correct!
6138th result -> 8   correct  ->  8  == correct!
6139th result -> 4   correct  ->  4  == correct!
6140th result -> 3   correct  ->  3  == correct!
6141th result -> 0   correct  ->  0  == correct!
6142th result -> 1   correct  ->  1  == correct!
6143th result -> 5   correct  ->  5  == correct!
6144th result -> 4   correct  ->  4  == correct!
6145th result -> 4   correct  ->  4  == correct!
6146th result -> 8   correct  ->  8  == correct!
6147th result -> 5   correct  ->  5  == correct!
6148th result -> 7   correct  ->  7  == correct!
6149th result -> 5   correct  ->  5  == correct!
6150th result -> 7   correct  ->  7  == correct!
6151th result -> 8   correct  ->  8  == correct!
6152th result -> 3   correct  ->  3  == correct!
6153th result -> 4   correct  ->  4  == correct!
6154th result -> 8   correct  ->  8  == correct!
6155th result -> 8   correct  ->  8  == correct!
6156th result -> 5   correct  ->  5  == correct!
6157th result -> 2   correct  ->  2  == correct!
6158th result -> 0   correct  ->  9  == correct!
6159th result -> 7   correct  ->  7  == correct!
6160th result -> 1   correct  ->  1  == correct!
6161th result -> 3   correct  ->  3  == correct!
6162th result -> 8   correct  ->  8  == correct!
6163th result -> 1   correct  ->  1  == correct!
6164th result -> 0   correct  ->  0  == correct!
6165th result -> 7   correct  ->  7  == correct!
6166th result -> 5   correct  ->  5  == correct!
6167th result -> 3   correct  ->  9  == correct!
6168th result -> 6   correct  ->  6  == correct!
6169th result -> 9   correct  ->  9  == correct!
6170th result -> 4   correct  ->  4  == correct!
6171th result -> 7   correct  ->  7  == correct!
6172th result -> 7   correct  ->  7  == correct!
6173th result -> 0   correct  ->  9  == correct!
6174th result -> 0   correct  ->  9  == correct!
6175th result -> 3   correct  ->  3  == correct!
6176th result -> 4   correct  ->  4  == correct!
6177th result -> 4   correct  ->  4  == correct!
6178th result -> 3   correct  ->  3  == correct!
6179th result -> 8   correct  ->  8  == correct!
6180th result -> 6   correct  ->  6  == correct!
6181th result -> 2   correct  ->  2  == correct!
6182th result -> 0   correct  ->  0  == correct!
6183th result -> 1   correct  ->  1  == correct!
6184th result -> 2   correct  ->  2  == correct!
6185th result -> 3   correct  ->  3  == correct!
6186th result -> 4   correct  ->  4  == correct!
6187th result -> 5   correct  ->  5  == correct!
6188th result -> 6   correct  ->  6  == correct!
6189th result -> 7   correct  ->  7  == correct!
6190th result -> 8   correct  ->  8  == correct!
6191th result -> 9   correct  ->  9  == correct!
6192th result -> 0   correct  ->  0  == correct!
6193th result -> 1   correct  ->  1  == correct!
6194th result -> 2   correct  ->  2  == correct!
6195th result -> 3   correct  ->  3  == correct!
6196th result -> 4   correct  ->  4  == correct!
6197th result -> 5   correct  ->  5  == correct!
6198th result -> 6   correct  ->  6  == correct!
6199th result -> 7   correct  ->  7  == correct!
6200th result -> 8   correct  ->  8  == correct!
6201th result -> 9   correct  ->  9  == correct!
6202th result -> 0   correct  ->  0  == correct!
6203th result -> 1   correct  ->  1  == correct!
6204th result -> 2   correct  ->  2  == correct!
6205th result -> 3   correct  ->  3  == correct!
6206th result -> 4   correct  ->  4  == correct!
6207th result -> 5   correct  ->  5  == correct!
6208th result -> 6   correct  ->  6  == correct!
6209th result -> 7   correct  ->  7  == correct!
6210th result -> 8   correct  ->  8  == correct!
6211th result -> 9   correct  ->  9  == correct!
6212th result -> 0   correct  ->  0  == correct!
6213th result -> 8   correct  ->  8  == correct!
6214th result -> 3   correct  ->  3  == correct!
6215th result -> 9   correct  ->  9  == correct!
6216th result -> 5   correct  ->  5  == correct!
6217th result -> 5   correct  ->  5  == correct!
6218th result -> 2   correct  ->  2  == correct!
6219th result -> 6   correct  ->  6  == correct!
6220th result -> 8   correct  ->  8  == correct!
6221th result -> 4   correct  ->  4  == correct!
6222th result -> 9   correct  ->  9  == correct!
6223th result -> 1   correct  ->  1  == correct!
6224th result -> 7   correct  ->  7  == correct!
6225th result -> 1   correct  ->  1  == correct!
6226th result -> 2   correct  ->  2  == correct!
6227th result -> 3   correct  ->  3  == correct!
6228th result -> 5   correct  ->  5  == correct!
6229th result -> 9   correct  ->  9  == correct!
6230th result -> 6   correct  ->  6  == correct!
6231th result -> 9   correct  ->  9  == correct!
6232th result -> 1   correct  ->  1  == correct!
6233th result -> 1   correct  ->  1  == correct!
6234th result -> 1   correct  ->  1  == correct!
6235th result -> 2   correct  ->  2  == correct!
6236th result -> 9   correct  ->  9  == correct!
6237th result -> 5   correct  ->  5  == correct!
6238th result -> 6   correct  ->  6  == correct!
6239th result -> 8   correct  ->  8  == correct!
6240th result -> 1   correct  ->  1  == correct!
6241th result -> 2   correct  ->  2  == correct!
6242th result -> 0   correct  ->  0  == correct!
6243th result -> 7   correct  ->  7  == correct!
6244th result -> 7   correct  ->  7  == correct!
6245th result -> 5   correct  ->  5  == correct!
6246th result -> 8   correct  ->  8  == correct!
6247th result -> 2   correct  ->  2  == correct!
6248th result -> 9   correct  ->  9  == correct!
6249th result -> 8   correct  ->  8  == correct!
6250th result -> 9   correct  ->  9  == correct!
6251th result -> 0   correct  ->  0  == correct!
6252th result -> 4   correct  ->  4  == correct!
6253th result -> 6   correct  ->  6  == correct!
6254th result -> 7   correct  ->  7  == correct!
6255th result -> 1   correct  ->  1  == correct!
6256th result -> 3   correct  ->  3  == correct!
6257th result -> 4   correct  ->  4  == correct!
6258th result -> 5   correct  ->  5  == correct!
6259th result -> 6   correct  ->  6  == correct!
6260th result -> 0   correct  ->  0  == correct!
6261th result -> 3   correct  ->  3  == correct!
6262th result -> 6   correct  ->  6  == correct!
6263th result -> 8   correct  ->  8  == correct!
6264th result -> 7   correct  ->  7  == correct!
6265th result -> 0   correct  ->  0  == correct!
6266th result -> 4   correct  ->  4  == correct!
6267th result -> 2   correct  ->  2  == correct!
6268th result -> 7   correct  ->  7  == correct!
6269th result -> 4   correct  ->  4  == correct!
6270th result -> 7   correct  ->  7  == correct!
6271th result -> 5   correct  ->  5  == correct!
6272th result -> 4   correct  ->  4  == correct!
6273th result -> 3   correct  ->  3  == correct!
6274th result -> 4   correct  ->  4  == correct!
6275th result -> 2   correct  ->  2  == correct!
6276th result -> 8   correct  ->  8  == correct!
6277th result -> 1   correct  ->  1  == correct!
6278th result -> 5   correct  ->  5  == correct!
6279th result -> 1   correct  ->  1  == correct!
6280th result -> 2   correct  ->  2  == correct!
6281th result -> 0   correct  ->  0  == correct!
6282th result -> 2   correct  ->  2  == correct!
6283th result -> 5   correct  ->  5  == correct!
6284th result -> 6   correct  ->  6  == correct!
6285th result -> 4   correct  ->  4  == correct!
6286th result -> 3   correct  ->  3  == correct!
6287th result -> 0   correct  ->  0  == correct!
6288th result -> 0   correct  ->  0  == correct!
6289th result -> 0   correct  ->  0  == correct!
6290th result -> 3   correct  ->  3  == correct!
6291th result -> 3   correct  ->  3  == correct!
6292th result -> 5   correct  ->  5  == correct!
6293th result -> 7   correct  ->  7  == correct!
6294th result -> 0   correct  ->  0  == correct!
6295th result -> 6   correct  ->  6  == correct!
6296th result -> 4   correct  ->  4  == correct!
6297th result -> 8   correct  ->  8  == correct!
6298th result -> 8   correct  ->  8  == correct!
6299th result -> 6   correct  ->  6  == correct!
6300th result -> 3   correct  ->  3  == correct!
6301th result -> 4   correct  ->  4  == correct!
6302th result -> 6   correct  ->  6  == correct!
6303th result -> 9   correct  ->  9  == correct!
6304th result -> 9   correct  ->  9  == correct!
6305th result -> 8   correct  ->  8  == correct!
6306th result -> 2   correct  ->  2  == correct!
6307th result -> 7   correct  ->  7  == correct!
6308th result -> 7   correct  ->  7  == correct!
6309th result -> 1   correct  ->  1  == correct!
6310th result -> 0   correct  ->  0  == correct!
6311th result -> 1   correct  ->  1  == correct!
6312th result -> 2   correct  ->  2  == correct!
6313th result -> 3   correct  ->  3  == correct!
6314th result -> 4   correct  ->  4  == correct!
6315th result -> 5   correct  ->  5  == correct!
6316th result -> 6   correct  ->  6  == correct!
6317th result -> 7   correct  ->  7  == correct!
6318th result -> 8   correct  ->  8  == correct!
6319th result -> 9   correct  ->  9  == correct!
6320th result -> 0   correct  ->  0  == correct!
6321th result -> 1   correct  ->  1  == correct!
6322th result -> 2   correct  ->  2  == correct!
6323th result -> 3   correct  ->  3  == correct!
6324th result -> 4   correct  ->  4  == correct!
6325th result -> 5   correct  ->  5  == correct!
6326th result -> 6   correct  ->  6  == correct!
6327th result -> 7   correct  ->  7  == correct!
6328th result -> 8   correct  ->  8  == correct!
6329th result -> 0   correct  ->  0  == correct!
6330th result -> 1   correct  ->  1  == correct!
6331th result -> 2   correct  ->  2  == correct!
6332th result -> 3   correct  ->  3  == correct!
6333th result -> 4   correct  ->  4  == correct!
6334th result -> 5   correct  ->  5  == correct!
6335th result -> 6   correct  ->  6  == correct!
6336th result -> 7   correct  ->  7  == correct!
6337th result -> 8   correct  ->  8  == correct!
6338th result -> 2   correct  ->  2  == correct!
6339th result -> 1   correct  ->  1  == correct!
6340th result -> 7   correct  ->  7  == correct!
6341th result -> 2   correct  ->  2  == correct!
6342th result -> 5   correct  ->  5  == correct!
6343th result -> 0   correct  ->  0  == correct!
6344th result -> 8   correct  ->  8  == correct!
6345th result -> 0   correct  ->  0  == correct!
6346th result -> 2   correct  ->  2  == correct!
6347th result -> 7   correct  ->  7  == correct!
6348th result -> 6   correct  ->  8  == correct!
6349th result -> 8   correct  ->  8  == correct!
6350th result -> 3   correct  ->  3  == correct!
6351th result -> 6   correct  ->  6  == correct!
6352th result -> 0   correct  ->  0  == correct!
6353th result -> 2   correct  ->  2  == correct!
6354th result -> 7   correct  ->  7  == correct!
6355th result -> 6   correct  ->  6  == correct!
6356th result -> 6   correct  ->  6  == correct!
6357th result -> 1   correct  ->  1  == correct!
6358th result -> 2   correct  ->  2  == correct!
6359th result -> 8   correct  ->  8  == correct!
6360th result -> 8   correct  ->  8  == correct!
6361th result -> 7   correct  ->  7  == correct!
6362th result -> 7   correct  ->  7  == correct!
6363th result -> 4   correct  ->  4  == correct!
6364th result -> 7   correct  ->  7  == correct!
6365th result -> 7   correct  ->  7  == correct!
6366th result -> 3   correct  ->  3  == correct!
6367th result -> 7   correct  ->  7  == correct!
6368th result -> 4   correct  ->  4  == correct!
6369th result -> 5   correct  ->  5  == correct!
6370th result -> 4   correct  ->  4  == correct!
6371th result -> 3   correct  ->  3  == correct!
6372th result -> 3   correct  ->  3  == correct!
6373th result -> 8   correct  ->  8  == correct!
6374th result -> 4   correct  ->  4  == correct!
6375th result -> 1   correct  ->  1  == correct!
6376th result -> 1   correct  ->  1  == correct!
6377th result -> 9   correct  ->  9  == correct!
6378th result -> 7   correct  ->  7  == correct!
6379th result -> 4   correct  ->  4  == correct!
6380th result -> 3   correct  ->  3  == correct!
6381th result -> 7   correct  ->  7  == correct!
6382th result -> 3   correct  ->  3  == correct!
6383th result -> 3   correct  ->  3  == correct!
6384th result -> 0   correct  ->  0  == correct!
6385th result -> 2   correct  ->  2  == correct!
6386th result -> 5   correct  ->  5  == correct!
6387th result -> 5   correct  ->  5  == correct!
6388th result -> 6   correct  ->  6  == correct!
6389th result -> 6   correct  ->  6  == correct!
6390th result -> 3   correct  ->  3  == correct!
6391th result -> 5   correct  ->  5  == correct!
6392th result -> 2   correct  ->  2  == correct!
6393th result -> 5   correct  ->  5  == correct!
6394th result -> 9   correct  ->  9  == correct!
6395th result -> 9   correct  ->  9  == correct!
6396th result -> 8   correct  ->  8  == correct!
6397th result -> 4   correct  ->  4  == correct!
6398th result -> 1   correct  ->  1  == correct!
6399th result -> 0   correct  ->  0  == correct!
6400th result -> 6   correct  ->  6  == correct!
6401th result -> 0   correct  ->  0  == correct!
6402th result -> 9   correct  ->  9  == correct!
6403th result -> 6   correct  ->  6  == correct!
6404th result -> 8   correct  ->  8  == correct!
6405th result -> 8   correct  ->  8  == correct!
6406th result -> 5   correct  ->  5  == correct!
6407th result -> 6   correct  ->  6  == correct!
6408th result -> 1   correct  ->  1  == correct!
6409th result -> 1   correct  ->  1  == correct!
6410th result -> 9   correct  ->  9  == correct!
6411th result -> 8   correct  ->  8  == correct!
6412th result -> 9   correct  ->  9  == correct!
6413th result -> 2   correct  ->  2  == correct!
6414th result -> 3   correct  ->  3  == correct!
6415th result -> 5   correct  ->  5  == correct!
6416th result -> 5   correct  ->  5  == correct!
6417th result -> 9   correct  ->  9  == correct!
6418th result -> 4   correct  ->  4  == correct!
6419th result -> 2   correct  ->  2  == correct!
6420th result -> 1   correct  ->  1  == correct!
6421th result -> 9   correct  ->  9  == correct!
6422th result -> 2   correct  ->  3  == correct!
6423th result -> 9   correct  ->  9  == correct!
6424th result -> 2   correct  ->  2  == correct!
6425th result -> 0   correct  ->  0  == correct!
6426th result -> 6   correct  ->  6  == correct!
6427th result -> 6   correct  ->  0  == correct!
6428th result -> 4   correct  ->  4  == correct!
6429th result -> 0   correct  ->  0  == correct!
6430th result -> 0   correct  ->  0  == correct!
6431th result -> 1   correct  ->  1  == correct!
6432th result -> 2   correct  ->  2  == correct!
6433th result -> 3   correct  ->  3  == correct!
6434th result -> 4   correct  ->  4  == correct!
6435th result -> 7   correct  ->  7  == correct!
6436th result -> 8   correct  ->  8  == correct!
6437th result -> 9   correct  ->  9  == correct!
6438th result -> 0   correct  ->  0  == correct!
6439th result -> 1   correct  ->  1  == correct!
6440th result -> 2   correct  ->  2  == correct!
6441th result -> 3   correct  ->  3  == correct!
6442th result -> 7   correct  ->  7  == correct!
6443th result -> 8   correct  ->  8  == correct!
6444th result -> 9   correct  ->  9  == correct!
6445th result -> 0   correct  ->  0  == correct!
6446th result -> 1   correct  ->  1  == correct!
6447th result -> 2   correct  ->  2  == correct!
6448th result -> 3   correct  ->  3  == correct!
6449th result -> 4   correct  ->  4  == correct!
6450th result -> 7   correct  ->  7  == correct!
6451th result -> 8   correct  ->  8  == correct!
6452th result -> 9   correct  ->  9  == correct!
6453th result -> 7   correct  ->  7  == correct!
6454th result -> 3   correct  ->  3  == correct!
6455th result -> 0   correct  ->  0  == correct!
6456th result -> 3   correct  ->  3  == correct!
6457th result -> 1   correct  ->  1  == correct!
6458th result -> 8   correct  ->  8  == correct!
6459th result -> 7   correct  ->  7  == correct!
6460th result -> 6   correct  ->  6  == correct!
6461th result -> 4   correct  ->  4  == correct!
6462th result -> 0   correct  ->  0  == correct!
6463th result -> 2   correct  ->  2  == correct!
6464th result -> 6   correct  ->  6  == correct!
6465th result -> 8   correct  ->  8  == correct!
6466th result -> 3   correct  ->  3  == correct!
6467th result -> 2   correct  ->  2  == correct!
6468th result -> 8   correct  ->  8  == correct!
6469th result -> 1   correct  ->  1  == correct!
6470th result -> 2   correct  ->  2  == correct!
6471th result -> 0   correct  ->  0  == correct!
6472th result -> 7   correct  ->  7  == correct!
6473th result -> 1   correct  ->  1  == correct!
6474th result -> 0   correct  ->  0  == correct!
6475th result -> 4   correct  ->  4  == correct!
6476th result -> 4   correct  ->  4  == correct!
6477th result -> 5   correct  ->  5  == correct!
6478th result -> 8   correct  ->  8  == correct!
6479th result -> 0   correct  ->  0  == correct!
6480th result -> 6   correct  ->  6  == correct!
6481th result -> 2   correct  ->  2  == correct!
6482th result -> 3   correct  ->  3  == correct!
6483th result -> 1   correct  ->  1  == correct!
6484th result -> 5   correct  ->  5  == correct!
6485th result -> 1   correct  ->  1  == correct!
6486th result -> 8   correct  ->  8  == correct!
6487th result -> 5   correct  ->  5  == correct!
6488th result -> 9   correct  ->  9  == correct!
6489th result -> 4   correct  ->  4  == correct!
6490th result -> 0   correct  ->  0  == correct!
6491th result -> 7   correct  ->  7  == correct!
6492th result -> 5   correct  ->  5  == correct!
6493th result -> 8   correct  ->  8  == correct!
6494th result -> 8   correct  ->  8  == correct!
6495th result -> 3   correct  ->  3  == correct!
6496th result -> 8   correct  ->  8  == correct!
6497th result -> 9   correct  ->  9  == correct!
6498th result -> 2   correct  ->  2  == correct!
6499th result -> 6   correct  ->  6  == correct!
6500th result -> 2   correct  ->  2  == correct!
6501th result -> 5   correct  ->  5  == correct!
6502th result -> 3   correct  ->  3  == correct!
6503th result -> 1   correct  ->  1  == correct!
6504th result -> 7   correct  ->  7  == correct!
6505th result -> 3   correct  ->  3  == correct!
6506th result -> 0   correct  ->  9  == correct!
6507th result -> 1   correct  ->  1  == correct!
6508th result -> 9   correct  ->  9  == correct!
6509th result -> 9   correct  ->  9  == correct!
6510th result -> 6   correct  ->  6  == correct!
6511th result -> 0   correct  ->  0  == correct!
6512th result -> 3   correct  ->  3  == correct!
6513th result -> 9   correct  ->  9  == correct!
6514th result -> 2   correct  ->  2  == correct!
6515th result -> 8   correct  ->  8  == correct!
6516th result -> 1   correct  ->  1  == correct!
6517th result -> 4   correct  ->  4  == correct!
6518th result -> 3   correct  ->  3  == correct!
6519th result -> 5   correct  ->  5  == correct!
6520th result -> 2   correct  ->  2  == correct!
6521th result -> 9   correct  ->  9  == correct!
6522th result -> 2   correct  ->  2  == correct!
6523th result -> 5   correct  ->  5  == correct!
6524th result -> 8   correct  ->  8  == correct!
6525th result -> 9   correct  ->  9  == correct!
6526th result -> 5   correct  ->  5  == correct!
6527th result -> 0   correct  ->  0  == correct!
6528th result -> 1   correct  ->  1  == correct!
6529th result -> 2   correct  ->  2  == correct!
6530th result -> 4   correct  ->  4  == correct!
6531th result -> 5   correct  ->  5  == correct!
6532th result -> 6   correct  ->  6  == correct!
6533th result -> 0   correct  ->  0  == correct!
6534th result -> 1   correct  ->  1  == correct!
6535th result -> 2   correct  ->  2  == correct!
6536th result -> 3   correct  ->  3  == correct!
6537th result -> 4   correct  ->  4  == correct!
6538th result -> 5   correct  ->  5  == correct!
6539th result -> 6   correct  ->  6  == correct!
6540th result -> 7   correct  ->  7  == correct!
6541th result -> 1   correct  ->  1  == correct!
6542th result -> 2   correct  ->  2  == correct!
6543th result -> 3   correct  ->  3  == correct!
6544th result -> 4   correct  ->  4  == correct!
6545th result -> 5   correct  ->  5  == correct!
6546th result -> 1   correct  ->  1  == correct!
6547th result -> 0   correct  ->  0  == correct!
6548th result -> 4   correct  ->  4  == correct!
6549th result -> 5   correct  ->  5  == correct!
6550th result -> 6   correct  ->  6  == correct!
6551th result -> 6   correct  ->  6  == correct!
6552th result -> 3   correct  ->  3  == correct!
6553th result -> 4   correct  ->  4  == correct!
6554th result -> 4   correct  ->  4  == correct!
6555th result -> 2   correct  ->  2  == correct!
6556th result -> 9   correct  ->  8  == correct!
6557th result -> 1   correct  ->  1  == correct!
6558th result -> 0   correct  ->  0  == correct!
6559th result -> 6   correct  ->  6  == correct!
6560th result -> 4   correct  ->  4  == correct!
6561th result -> 9   correct  ->  9  == correct!
6562th result -> 7   correct  ->  7  == correct!
6563th result -> 2   correct  ->  2  == correct!
6564th result -> 3   correct  ->  3  == correct!
6565th result -> 3   correct  ->  3  == correct!
6566th result -> 9   correct  ->  9  == correct!
6567th result -> 2   correct  ->  2  == correct!
6568th result -> 0   correct  ->  0  == correct!
6569th result -> 9   correct  ->  9  == correct!
6570th result -> 9   correct  ->  3  == correct!
6571th result -> 3   correct  ->  3  == correct!
6572th result -> 9   correct  ->  9  == correct!
6573th result -> 1   correct  ->  1  == correct!
6574th result -> 5   correct  ->  5  == correct!
6575th result -> 6   correct  ->  2  == correct!
6576th result -> 3   correct  ->  3  == correct!
6577th result -> 7   correct  ->  7  == correct!
6578th result -> 7   correct  ->  7  == correct!
6579th result -> 8   correct  ->  8  == correct!
6580th result -> 4   correct  ->  4  == correct!
6581th result -> 0   correct  ->  0  == correct!
6582th result -> 2   correct  ->  2  == correct!
6583th result -> 4   correct  ->  4  == correct!
6584th result -> 0   correct  ->  0  == correct!
6585th result -> 2   correct  ->  2  == correct!
6586th result -> 4   correct  ->  4  == correct!
6587th result -> 7   correct  ->  7  == correct!
6588th result -> 8   correct  ->  8  == correct!
6589th result -> 0   correct  ->  0  == correct!
6590th result -> 7   correct  ->  7  == correct!
6591th result -> 0   correct  ->  0  == correct!
6592th result -> 6   correct  ->  6  == correct!
6593th result -> 9   correct  ->  9  == correct!
6594th result -> 3   correct  ->  3  == correct!
6595th result -> 2   correct  ->  2  == correct!
6596th result -> 8   correct  ->  8  == correct!
6597th result -> 6   correct  ->  6  == correct!
6598th result -> 7   correct  ->  0  == correct!
6599th result -> 6   correct  ->  5  == correct!
6600th result -> 7   correct  ->  7  == correct!
6601th result -> 5   correct  ->  5  == correct!
6602th result -> 1   correct  ->  1  == correct!
6603th result -> 0   correct  ->  0  == correct!
6604th result -> 7   correct  ->  8  == correct!
6605th result -> 1   correct  ->  1  == correct!
6606th result -> 6   correct  ->  6  == correct!
6607th result -> 7   correct  ->  7  == correct!
6608th result -> 2   correct  ->  2  == correct!
6609th result -> 9   correct  ->  9  == correct!
6610th result -> 7   correct  ->  7  == correct!
6611th result -> 9   correct  ->  9  == correct!
6612th result -> 5   correct  ->  5  == correct!
6613th result -> 8   correct  ->  8  == correct!
6614th result -> 6   correct  ->  6  == correct!
6615th result -> 2   correct  ->  2  == correct!
6616th result -> 6   correct  ->  6  == correct!
6617th result -> 2   correct  ->  2  == correct!
6618th result -> 8   correct  ->  8  == correct!
6619th result -> 1   correct  ->  1  == correct!
6620th result -> 7   correct  ->  7  == correct!
6621th result -> 5   correct  ->  5  == correct!
6622th result -> 0   correct  ->  0  == correct!
6623th result -> 1   correct  ->  1  == correct!
6624th result -> 1   correct  ->  1  == correct!
6625th result -> 3   correct  ->  3  == correct!
6626th result -> 4   correct  ->  8  == correct!
6627th result -> 4   correct  ->  4  == correct!
6628th result -> 9   correct  ->  9  == correct!
6629th result -> 1   correct  ->  1  == correct!
6630th result -> 8   correct  ->  8  == correct!
6631th result -> 6   correct  ->  6  == correct!
6632th result -> 8   correct  ->  8  == correct!
6633th result -> 9   correct  ->  9  == correct!
6634th result -> 0   correct  ->  0  == correct!
6635th result -> 1   correct  ->  1  == correct!
6636th result -> 2   correct  ->  2  == correct!
6637th result -> 3   correct  ->  3  == correct!
6638th result -> 4   correct  ->  4  == correct!
6639th result -> 5   correct  ->  5  == correct!
6640th result -> 6   correct  ->  6  == correct!
6641th result -> 7   correct  ->  7  == correct!
6642th result -> 5   correct  ->  8  == correct!
6643th result -> 9   correct  ->  9  == correct!
6644th result -> 0   correct  ->  0  == correct!
6645th result -> 1   correct  ->  1  == correct!
6646th result -> 2   correct  ->  2  == correct!
6647th result -> 3   correct  ->  3  == correct!
6648th result -> 4   correct  ->  4  == correct!
6649th result -> 7   correct  ->  7  == correct!
6650th result -> 8   correct  ->  8  == correct!
6651th result -> 9   correct  ->  9  == correct!
6652th result -> 5   correct  ->  0  == correct!
6653th result -> 1   correct  ->  1  == correct!
6654th result -> 7   correct  ->  7  == correct!
6655th result -> 8   correct  ->  8  == correct!
6656th result -> 9   correct  ->  9  == correct!
6657th result -> 9   correct  ->  9  == correct!
6658th result -> 8   correct  ->  8  == correct!
6659th result -> 9   correct  ->  9  == correct!
6660th result -> 8   correct  ->  8  == correct!
6661th result -> 4   correct  ->  4  == correct!
6662th result -> 1   correct  ->  1  == correct!
6663th result -> 7   correct  ->  7  == correct!
6664th result -> 7   correct  ->  7  == correct!
6665th result -> 3   correct  ->  3  == correct!
6666th result -> 3   correct  ->  3  == correct!
6667th result -> 7   correct  ->  7  == correct!
6668th result -> 6   correct  ->  6  == correct!
6669th result -> 6   correct  ->  6  == correct!
6670th result -> 6   correct  ->  6  == correct!
6671th result -> 1   correct  ->  1  == correct!
6672th result -> 9   correct  ->  9  == correct!
6673th result -> 0   correct  ->  0  == correct!
6674th result -> 1   correct  ->  1  == correct!
6675th result -> 7   correct  ->  7  == correct!
6676th result -> 6   correct  ->  6  == correct!
6677th result -> 3   correct  ->  3  == correct!
6678th result -> 2   correct  ->  2  == correct!
6679th result -> 1   correct  ->  1  == correct!
6680th result -> 7   correct  ->  7  == correct!
6681th result -> 1   correct  ->  1  == correct!
6682th result -> 3   correct  ->  3  == correct!
6683th result -> 9   correct  ->  9  == correct!
6684th result -> 1   correct  ->  1  == correct!
6685th result -> 7   correct  ->  7  == correct!
6686th result -> 6   correct  ->  6  == correct!
6687th result -> 8   correct  ->  8  == correct!
6688th result -> 4   correct  ->  4  == correct!
6689th result -> 1   correct  ->  1  == correct!
6690th result -> 4   correct  ->  4  == correct!
6691th result -> 3   correct  ->  3  == correct!
6692th result -> 6   correct  ->  6  == correct!
6693th result -> 9   correct  ->  9  == correct!
6694th result -> 6   correct  ->  6  == correct!
6695th result -> 1   correct  ->  1  == correct!
6696th result -> 4   correct  ->  4  == correct!
6697th result -> 4   correct  ->  4  == correct!
6698th result -> 7   correct  ->  7  == correct!
6699th result -> 2   correct  ->  2  == correct!
6700th result -> 4   correct  ->  4  == correct!
6701th result -> 4   correct  ->  4  == correct!
6702th result -> 0   correct  ->  0  == correct!
6703th result -> 1   correct  ->  1  == correct!
6704th result -> 2   correct  ->  2  == correct!
6705th result -> 3   correct  ->  3  == correct!
6706th result -> 4   correct  ->  4  == correct!
6707th result -> 5   correct  ->  5  == correct!
6708th result -> 6   correct  ->  6  == correct!
6709th result -> 7   correct  ->  7  == correct!
6710th result -> 8   correct  ->  8  == correct!
6711th result -> 9   correct  ->  9  == correct!
6712th result -> 0   correct  ->  0  == correct!
6713th result -> 1   correct  ->  1  == correct!
6714th result -> 2   correct  ->  2  == correct!
6715th result -> 3   correct  ->  3  == correct!
6716th result -> 4   correct  ->  4  == correct!
6717th result -> 5   correct  ->  5  == correct!
6718th result -> 6   correct  ->  6  == correct!
6719th result -> 9   correct  ->  9  == correct!
6720th result -> 0   correct  ->  0  == correct!
6721th result -> 1   correct  ->  1  == correct!
6722th result -> 2   correct  ->  2  == correct!
6723th result -> 3   correct  ->  3  == correct!
6724th result -> 4   correct  ->  4  == correct!
6725th result -> 7   correct  ->  7  == correct!
6726th result -> 8   correct  ->  8  == correct!
6727th result -> 1   correct  ->  1  == correct!
6728th result -> 3   correct  ->  3  == correct!
6729th result -> 5   correct  ->  5  == correct!
6730th result -> 1   correct  ->  1  == correct!
6731th result -> 7   correct  ->  7  == correct!
6732th result -> 7   correct  ->  7  == correct!
6733th result -> 2   correct  ->  2  == correct!
6734th result -> 1   correct  ->  1  == correct!
6735th result -> 4   correct  ->  4  == correct!
6736th result -> 8   correct  ->  8  == correct!
6737th result -> 3   correct  ->  3  == correct!
6738th result -> 4   correct  ->  4  == correct!
6739th result -> 4   correct  ->  4  == correct!
6740th result -> 3   correct  ->  3  == correct!
6741th result -> 0   correct  ->  9  == correct!
6742th result -> 7   correct  ->  7  == correct!
6743th result -> 4   correct  ->  4  == correct!
6744th result -> 1   correct  ->  1  == correct!
6745th result -> 8   correct  ->  2  == correct!
6746th result -> 3   correct  ->  3  == correct!
6747th result -> 5   correct  ->  5  == correct!
6748th result -> 9   correct  ->  9  == correct!
6749th result -> 1   correct  ->  1  == correct!
6750th result -> 6   correct  ->  6  == correct!
6751th result -> 0   correct  ->  0  == correct!
6752th result -> 1   correct  ->  1  == correct!
6753th result -> 0   correct  ->  0  == correct!
6754th result -> 0   correct  ->  0  == correct!
6755th result -> 2   correct  ->  2  == correct!
6756th result -> 3   correct  ->  8  == correct!
6757th result -> 7   correct  ->  7  == correct!
6758th result -> 1   correct  ->  1  == correct!
6759th result -> 1   correct  ->  1  == correct!
6760th result -> 4   correct  ->  4  == correct!
6761th result -> 0   correct  ->  0  == correct!
6762th result -> 4   correct  ->  4  == correct!
6763th result -> 7   correct  ->  7  == correct!
6764th result -> 3   correct  ->  3  == correct!
6765th result -> 6   correct  ->  6  == correct!
6766th result -> 8   correct  ->  8  == correct!
6767th result -> 0   correct  ->  0  == correct!
6768th result -> 3   correct  ->  3  == correct!
6769th result -> 7   correct  ->  7  == correct!
6770th result -> 4   correct  ->  4  == correct!
6771th result -> 0   correct  ->  0  == correct!
6772th result -> 6   correct  ->  6  == correct!
6773th result -> 9   correct  ->  9  == correct!
6774th result -> 2   correct  ->  2  == correct!
6775th result -> 6   correct  ->  6  == correct!
6776th result -> 5   correct  ->  5  == correct!
6777th result -> 8   correct  ->  8  == correct!
6778th result -> 6   correct  ->  6  == correct!
6779th result -> 9   correct  ->  9  == correct!
6780th result -> 0   correct  ->  0  == correct!
6781th result -> 4   correct  ->  4  == correct!
6782th result -> 0   correct  ->  0  == correct!
6783th result -> 6   correct  ->  6  == correct!
6784th result -> 1   correct  ->  1  == correct!
6785th result -> 9   correct  ->  9  == correct!
6786th result -> 4   correct  ->  2  == correct!
6787th result -> 0   correct  ->  0  == correct!
6788th result -> 9   correct  ->  9  == correct!
6789th result -> 5   correct  ->  5  == correct!
6790th result -> 1   correct  ->  1  == correct!
6791th result -> 3   correct  ->  3  == correct!
6792th result -> 7   correct  ->  7  == correct!
6793th result -> 6   correct  ->  6  == correct!
6794th result -> 9   correct  ->  9  == correct!
6795th result -> 3   correct  ->  3  == correct!
6796th result -> 0   correct  ->  0  == correct!
6797th result -> 2   correct  ->  2  == correct!
6798th result -> 2   correct  ->  2  == correct!
6799th result -> 0   correct  ->  0  == correct!
6800th result -> 1   correct  ->  1  == correct!
6801th result -> 2   correct  ->  2  == correct!
6802th result -> 3   correct  ->  3  == correct!
6803th result -> 4   correct  ->  4  == correct!
6804th result -> 5   correct  ->  5  == correct!
6805th result -> 6   correct  ->  6  == correct!
6806th result -> 7   correct  ->  7  == correct!
6807th result -> 8   correct  ->  8  == correct!
6808th result -> 9   correct  ->  9  == correct!
6809th result -> 0   correct  ->  0  == correct!
6810th result -> 1   correct  ->  1  == correct!
6811th result -> 2   correct  ->  2  == correct!
6812th result -> 3   correct  ->  3  == correct!
6813th result -> 4   correct  ->  4  == correct!
6814th result -> 5   correct  ->  5  == correct!
6815th result -> 6   correct  ->  6  == correct!
6816th result -> 7   correct  ->  7  == correct!
6817th result -> 8   correct  ->  8  == correct!
6818th result -> 9   correct  ->  9  == correct!
6819th result -> 0   correct  ->  0  == correct!
6820th result -> 1   correct  ->  1  == correct!
6821th result -> 2   correct  ->  2  == correct!
6822th result -> 3   correct  ->  3  == correct!
6823th result -> 4   correct  ->  4  == correct!
6824th result -> 5   correct  ->  5  == correct!
6825th result -> 6   correct  ->  6  == correct!
6826th result -> 7   correct  ->  7  == correct!
6827th result -> 8   correct  ->  8  == correct!
6828th result -> 9   correct  ->  9  == correct!
6829th result -> 2   correct  ->  2  == correct!
6830th result -> 1   correct  ->  1  == correct!
6831th result -> 7   correct  ->  7  == correct!
6832th result -> 2   correct  ->  2  == correct!
6833th result -> 5   correct  ->  5  == correct!
6834th result -> 0   correct  ->  0  == correct!
6835th result -> 8   correct  ->  8  == correct!
6836th result -> 0   correct  ->  0  == correct!
6837th result -> 2   correct  ->  2  == correct!
6838th result -> 7   correct  ->  7  == correct!
6839th result -> 8   correct  ->  8  == correct!
6840th result -> 8   correct  ->  8  == correct!
6841th result -> 3   correct  ->  3  == correct!
6842th result -> 0   correct  ->  0  == correct!
6843th result -> 6   correct  ->  6  == correct!
6844th result -> 0   correct  ->  0  == correct!
6845th result -> 2   correct  ->  2  == correct!
6846th result -> 7   correct  ->  7  == correct!
6847th result -> 6   correct  ->  6  == correct!
6848th result -> 6   correct  ->  6  == correct!
6849th result -> 1   correct  ->  1  == correct!
6850th result -> 2   correct  ->  2  == correct!
6851th result -> 8   correct  ->  8  == correct!
6852th result -> 8   correct  ->  8  == correct!
6853th result -> 7   correct  ->  7  == correct!
6854th result -> 7   correct  ->  7  == correct!
6855th result -> 4   correct  ->  4  == correct!
6856th result -> 7   correct  ->  7  == correct!
6857th result -> 7   correct  ->  7  == correct!
6858th result -> 3   correct  ->  3  == correct!
6859th result -> 7   correct  ->  7  == correct!
6860th result -> 4   correct  ->  4  == correct!
6861th result -> 5   correct  ->  5  == correct!
6862th result -> 4   correct  ->  4  == correct!
6863th result -> 3   correct  ->  3  == correct!
6864th result -> 3   correct  ->  3  == correct!
6865th result -> 8   correct  ->  8  == correct!
6866th result -> 4   correct  ->  4  == correct!
6867th result -> 5   correct  ->  5  == correct!
6868th result -> 4   correct  ->  4  == correct!
6869th result -> 1   correct  ->  1  == correct!
6870th result -> 1   correct  ->  1  == correct!
6871th result -> 9   correct  ->  9  == correct!
6872th result -> 7   correct  ->  7  == correct!
6873th result -> 4   correct  ->  4  == correct!
6874th result -> 3   correct  ->  3  == correct!
6875th result -> 7   correct  ->  7  == correct!
6876th result -> 3   correct  ->  3  == correct!
6877th result -> 3   correct  ->  3  == correct!
6878th result -> 0   correct  ->  0  == correct!
6879th result -> 2   correct  ->  2  == correct!
6880th result -> 5   correct  ->  5  == correct!
6881th result -> 5   correct  ->  5  == correct!
6882th result -> 6   correct  ->  6  == correct!
6883th result -> 3   correct  ->  3  == correct!
6884th result -> 1   correct  ->  1  == correct!
6885th result -> 5   correct  ->  5  == correct!
6886th result -> 2   correct  ->  2  == correct!
6887th result -> 5   correct  ->  5  == correct!
6888th result -> 9   correct  ->  9  == correct!
6889th result -> 9   correct  ->  9  == correct!
6890th result -> 8   correct  ->  8  == correct!
6891th result -> 4   correct  ->  4  == correct!
6892th result -> 1   correct  ->  1  == correct!
6893th result -> 0   correct  ->  0  == correct!
6894th result -> 6   correct  ->  6  == correct!
6895th result -> 0   correct  ->  0  == correct!
6896th result -> 9   correct  ->  9  == correct!
6897th result -> 6   correct  ->  6  == correct!
6898th result -> 8   correct  ->  8  == correct!
6899th result -> 8   correct  ->  8  == correct!
6900th result -> 5   correct  ->  5  == correct!
6901th result -> 6   correct  ->  6  == correct!
6902th result -> 1   correct  ->  1  == correct!
6903th result -> 1   correct  ->  1  == correct!
6904th result -> 9   correct  ->  9  == correct!
6905th result -> 8   correct  ->  8  == correct!
6906th result -> 9   correct  ->  9  == correct!
6907th result -> 2   correct  ->  2  == correct!
6908th result -> 3   correct  ->  3  == correct!
6909th result -> 5   correct  ->  5  == correct!
6910th result -> 5   correct  ->  5  == correct!
6911th result -> 9   correct  ->  9  == correct!
6912th result -> 4   correct  ->  4  == correct!
6913th result -> 2   correct  ->  2  == correct!
6914th result -> 1   correct  ->  1  == correct!
6915th result -> 9   correct  ->  9  == correct!
6916th result -> 4   correct  ->  4  == correct!
6917th result -> 9   correct  ->  9  == correct!
6918th result -> 1   correct  ->  1  == correct!
6919th result -> 3   correct  ->  3  == correct!
6920th result -> 9   correct  ->  9  == correct!
6921th result -> 2   correct  ->  2  == correct!
6922th result -> 0   correct  ->  0  == correct!
6923th result -> 6   correct  ->  6  == correct!
6924th result -> 0   correct  ->  0  == correct!
6925th result -> 4   correct  ->  4  == correct!
6926th result -> 0   correct  ->  0  == correct!
6927th result -> 6   correct  ->  6  == correct!
6928th result -> 0   correct  ->  0  == correct!
6929th result -> 1   correct  ->  1  == correct!
6930th result -> 2   correct  ->  2  == correct!
6931th result -> 3   correct  ->  3  == correct!
6932th result -> 4   correct  ->  4  == correct!
6933th result -> 5   correct  ->  5  == correct!
6934th result -> 6   correct  ->  6  == correct!
6935th result -> 7   correct  ->  7  == correct!
6936th result -> 8   correct  ->  8  == correct!
6937th result -> 9   correct  ->  9  == correct!
6938th result -> 0   correct  ->  0  == correct!
6939th result -> 1   correct  ->  1  == correct!
6940th result -> 2   correct  ->  2  == correct!
6941th result -> 3   correct  ->  3  == correct!
6942th result -> 4   correct  ->  4  == correct!
6943th result -> 5   correct  ->  5  == correct!
6944th result -> 6   correct  ->  6  == correct!
6945th result -> 7   correct  ->  7  == correct!
6946th result -> 8   correct  ->  8  == correct!
6947th result -> 9   correct  ->  9  == correct!
6948th result -> 0   correct  ->  0  == correct!
6949th result -> 1   correct  ->  1  == correct!
6950th result -> 2   correct  ->  2  == correct!
6951th result -> 3   correct  ->  3  == correct!
6952th result -> 4   correct  ->  4  == correct!
6953th result -> 5   correct  ->  5  == correct!
6954th result -> 6   correct  ->  6  == correct!
6955th result -> 7   correct  ->  7  == correct!
6956th result -> 8   correct  ->  8  == correct!
6957th result -> 9   correct  ->  9  == correct!
6958th result -> 3   correct  ->  3  == correct!
6959th result -> 8   correct  ->  8  == correct!
6960th result -> 0   correct  ->  0  == correct!
6961th result -> 7   correct  ->  7  == correct!
6962th result -> 1   correct  ->  1  == correct!
6963th result -> 0   correct  ->  0  == correct!
6964th result -> 7   correct  ->  7  == correct!
6965th result -> 5   correct  ->  5  == correct!
6966th result -> 5   correct  ->  5  == correct!
6967th result -> 6   correct  ->  6  == correct!
6968th result -> 9   correct  ->  9  == correct!
6969th result -> 0   correct  ->  0  == correct!
6970th result -> 1   correct  ->  1  == correct!
6971th result -> 0   correct  ->  0  == correct!
6972th result -> 0   correct  ->  0  == correct!
6973th result -> 8   correct  ->  8  == correct!
6974th result -> 3   correct  ->  3  == correct!
6975th result -> 4   correct  ->  4  == correct!
6976th result -> 3   correct  ->  3  == correct!
6977th result -> 1   correct  ->  1  == correct!
6978th result -> 5   correct  ->  5  == correct!
6979th result -> 0   correct  ->  0  == correct!
6980th result -> 0   correct  ->  0  == correct!
6981th result -> 9   correct  ->  9  == correct!
6982th result -> 5   correct  ->  5  == correct!
6983th result -> 3   correct  ->  3  == correct!
6984th result -> 4   correct  ->  4  == correct!
6985th result -> 9   correct  ->  9  == correct!
6986th result -> 3   correct  ->  3  == correct!
6987th result -> 7   correct  ->  7  == correct!
6988th result -> 6   correct  ->  6  == correct!
6989th result -> 9   correct  ->  9  == correct!
6990th result -> 2   correct  ->  2  == correct!
6991th result -> 4   correct  ->  4  == correct!
6992th result -> 5   correct  ->  5  == correct!
6993th result -> 7   correct  ->  7  == correct!
6994th result -> 2   correct  ->  2  == correct!
6995th result -> 6   correct  ->  6  == correct!
6996th result -> 4   correct  ->  4  == correct!
6997th result -> 9   correct  ->  9  == correct!
6998th result -> 4   correct  ->  4  == correct!
6999th result -> 9   correct  ->  9  == correct!
7000th result -> 4   correct  ->  4  == correct!
7001th result -> 1   correct  ->  1  == correct!
7002th result -> 2   correct  ->  2  == correct!
7003th result -> 2   correct  ->  2  == correct!
7004th result -> 5   correct  ->  5  == correct!
7005th result -> 8   correct  ->  8  == correct!
7006th result -> 1   correct  ->  1  == correct!
7007th result -> 3   correct  ->  3  == correct!
7008th result -> 2   correct  ->  2  == correct!
7009th result -> 9   correct  ->  9  == correct!
7010th result -> 4   correct  ->  4  == correct!
7011th result -> 3   correct  ->  3  == correct!
7012th result -> 8   correct  ->  8  == correct!
7013th result -> 2   correct  ->  2  == correct!
7014th result -> 2   correct  ->  2  == correct!
7015th result -> 1   correct  ->  1  == correct!
7016th result -> 2   correct  ->  2  == correct!
7017th result -> 8   correct  ->  8  == correct!
7018th result -> 6   correct  ->  6  == correct!
7019th result -> 5   correct  ->  5  == correct!
7020th result -> 1   correct  ->  1  == correct!
7021th result -> 6   correct  ->  6  == correct!
7022th result -> 7   correct  ->  7  == correct!
7023th result -> 2   correct  ->  2  == correct!
7024th result -> 1   correct  ->  1  == correct!
7025th result -> 3   correct  ->  3  == correct!
7026th result -> 9   correct  ->  9  == correct!
7027th result -> 3   correct  ->  3  == correct!
7028th result -> 8   correct  ->  8  == correct!
7029th result -> 7   correct  ->  7  == correct!
7030th result -> 5   correct  ->  5  == correct!
7031th result -> 7   correct  ->  7  == correct!
7032th result -> 0   correct  ->  0  == correct!
7033th result -> 7   correct  ->  7  == correct!
7034th result -> 4   correct  ->  4  == correct!
7035th result -> 8   correct  ->  8  == correct!
7036th result -> 8   correct  ->  8  == correct!
7037th result -> 5   correct  ->  5  == correct!
7038th result -> 0   correct  ->  0  == correct!
7039th result -> 6   correct  ->  6  == correct!
7040th result -> 6   correct  ->  6  == correct!
7041th result -> 3   correct  ->  3  == correct!
7042th result -> 7   correct  ->  7  == correct!
7043th result -> 6   correct  ->  6  == correct!
7044th result -> 9   correct  ->  9  == correct!
7045th result -> 9   correct  ->  9  == correct!
7046th result -> 4   correct  ->  4  == correct!
7047th result -> 8   correct  ->  8  == correct!
7048th result -> 4   correct  ->  4  == correct!
7049th result -> 1   correct  ->  1  == correct!
7050th result -> 0   correct  ->  0  == correct!
7051th result -> 6   correct  ->  6  == correct!
7052th result -> 6   correct  ->  6  == correct!
7053th result -> 0   correct  ->  0  == correct!
7054th result -> 1   correct  ->  1  == correct!
7055th result -> 2   correct  ->  2  == correct!
7056th result -> 3   correct  ->  3  == correct!
7057th result -> 4   correct  ->  4  == correct!
7058th result -> 5   correct  ->  5  == correct!
7059th result -> 6   correct  ->  6  == correct!
7060th result -> 7   correct  ->  7  == correct!
7061th result -> 8   correct  ->  8  == correct!
7062th result -> 9   correct  ->  9  == correct!
7063th result -> 0   correct  ->  0  == correct!
7064th result -> 1   correct  ->  1  == correct!
7065th result -> 2   correct  ->  2  == correct!
7066th result -> 3   correct  ->  3  == correct!
7067th result -> 4   correct  ->  4  == correct!
7068th result -> 5   correct  ->  5  == correct!
7069th result -> 6   correct  ->  6  == correct!
7070th result -> 7   correct  ->  7  == correct!
7071th result -> 8   correct  ->  8  == correct!
7072th result -> 9   correct  ->  9  == correct!
7073th result -> 0   correct  ->  0  == correct!
7074th result -> 1   correct  ->  1  == correct!
7075th result -> 2   correct  ->  2  == correct!
7076th result -> 3   correct  ->  3  == correct!
7077th result -> 4   correct  ->  4  == correct!
7078th result -> 5   correct  ->  5  == correct!
7079th result -> 6   correct  ->  6  == correct!
7080th result -> 7   correct  ->  7  == correct!
7081th result -> 8   correct  ->  8  == correct!
7082th result -> 9   correct  ->  9  == correct!
7083th result -> 7   correct  ->  7  == correct!
7084th result -> 4   correct  ->  4  == correct!
7085th result -> 0   correct  ->  0  == correct!
7086th result -> 4   correct  ->  4  == correct!
7087th result -> 0   correct  ->  0  == correct!
7088th result -> 1   correct  ->  1  == correct!
7089th result -> 7   correct  ->  7  == correct!
7090th result -> 9   correct  ->  9  == correct!
7091th result -> 5   correct  ->  5  == correct!
7092th result -> 1   correct  ->  1  == correct!
7093th result -> 4   correct  ->  4  == correct!
7094th result -> 2   correct  ->  2  == correct!
7095th result -> 8   correct  ->  8  == correct!
7096th result -> 9   correct  ->  9  == correct!
7097th result -> 4   correct  ->  4  == correct!
7098th result -> 3   correct  ->  3  == correct!
7099th result -> 7   correct  ->  7  == correct!
7100th result -> 8   correct  ->  8  == correct!
7101th result -> 2   correct  ->  2  == correct!
7102th result -> 4   correct  ->  4  == correct!
7103th result -> 4   correct  ->  4  == correct!
7104th result -> 3   correct  ->  3  == correct!
7105th result -> 3   correct  ->  3  == correct!
7106th result -> 6   correct  ->  6  == correct!
7107th result -> 9   correct  ->  9  == correct!
7108th result -> 9   correct  ->  9  == correct!
7109th result -> 5   correct  ->  5  == correct!
7110th result -> 8   correct  ->  8  == correct!
7111th result -> 6   correct  ->  6  == correct!
7112th result -> 7   correct  ->  7  == correct!
7113th result -> 0   correct  ->  0  == correct!
7114th result -> 6   correct  ->  6  == correct!
7115th result -> 8   correct  ->  8  == correct!
7116th result -> 2   correct  ->  2  == correct!
7117th result -> 6   correct  ->  6  == correct!
7118th result -> 3   correct  ->  3  == correct!
7119th result -> 9   correct  ->  9  == correct!
7120th result -> 3   correct  ->  3  == correct!
7121th result -> 2   correct  ->  2  == correct!
7122th result -> 9   correct  ->  8  == correct!
7123th result -> 6   correct  ->  6  == correct!
7124th result -> 1   correct  ->  1  == correct!
7125th result -> 7   correct  ->  7  == correct!
7126th result -> 4   correct  ->  4  == correct!
7127th result -> 8   correct  ->  8  == correct!
7128th result -> 8   correct  ->  8  == correct!
7129th result -> 9   correct  ->  9  == correct!
7130th result -> 0   correct  ->  0  == correct!
7131th result -> 3   correct  ->  3  == correct!
7132th result -> 3   correct  ->  3  == correct!
7133th result -> 9   correct  ->  9  == correct!
7134th result -> 0   correct  ->  0  == correct!
7135th result -> 5   correct  ->  5  == correct!
7136th result -> 2   correct  ->  2  == correct!
7137th result -> 9   correct  ->  9  == correct!
7138th result -> 4   correct  ->  4  == correct!
7139th result -> 1   correct  ->  1  == correct!
7140th result -> 0   correct  ->  0  == correct!
7141th result -> 3   correct  ->  3  == correct!
7142th result -> 7   correct  ->  7  == correct!
7143th result -> 5   correct  ->  5  == correct!
7144th result -> 8   correct  ->  8  == correct!
7145th result -> 7   correct  ->  7  == correct!
7146th result -> 7   correct  ->  7  == correct!
7147th result -> 8   correct  ->  8  == correct!
7148th result -> 2   correct  ->  2  == correct!
7149th result -> 9   correct  ->  9  == correct!
7150th result -> 7   correct  ->  7  == correct!
7151th result -> 1   correct  ->  1  == correct!
7152th result -> 2   correct  ->  2  == correct!
7153th result -> 6   correct  ->  6  == correct!
7154th result -> 4   correct  ->  4  == correct!
7155th result -> 2   correct  ->  2  == correct!
7156th result -> 5   correct  ->  5  == correct!
7157th result -> 2   correct  ->  2  == correct!
7158th result -> 3   correct  ->  3  == correct!
7159th result -> 6   correct  ->  6  == correct!
7160th result -> 6   correct  ->  6  == correct!
7161th result -> 5   correct  ->  5  == correct!
7162th result -> 0   correct  ->  0  == correct!
7163th result -> 0   correct  ->  0  == correct!
7164th result -> 2   correct  ->  2  == correct!
7165th result -> 8   correct  ->  8  == correct!
7166th result -> 1   correct  ->  1  == correct!
7167th result -> 6   correct  ->  6  == correct!
7168th result -> 1   correct  ->  1  == correct!
7169th result -> 0   correct  ->  0  == correct!
7170th result -> 4   correct  ->  4  == correct!
7171th result -> 3   correct  ->  3  == correct!
7172th result -> 1   correct  ->  1  == correct!
7173th result -> 6   correct  ->  6  == correct!
7174th result -> 1   correct  ->  1  == correct!
7175th result -> 9   correct  ->  9  == correct!
7176th result -> 0   correct  ->  0  == correct!
7177th result -> 1   correct  ->  1  == correct!
7178th result -> 4   correct  ->  4  == correct!
7179th result -> 5   correct  ->  5  == correct!
7180th result -> 6   correct  ->  6  == correct!
7181th result -> 7   correct  ->  7  == correct!
7182th result -> 8   correct  ->  8  == correct!
7183th result -> 9   correct  ->  9  == correct!
7184th result -> 1   correct  ->  1  == correct!
7185th result -> 2   correct  ->  2  == correct!
7186th result -> 3   correct  ->  3  == correct!
7187th result -> 4   correct  ->  4  == correct!
7188th result -> 5   correct  ->  5  == correct!
7189th result -> 6   correct  ->  6  == correct!
7190th result -> 7   correct  ->  7  == correct!
7191th result -> 0   correct  ->  0  == correct!
7192th result -> 1   correct  ->  1  == correct!
7193th result -> 2   correct  ->  2  == correct!
7194th result -> 3   correct  ->  3  == correct!
7195th result -> 4   correct  ->  4  == correct!
7196th result -> 5   correct  ->  5  == correct!
7197th result -> 6   correct  ->  6  == correct!
7198th result -> 7   correct  ->  7  == correct!
7199th result -> 8   correct  ->  8  == correct!
7200th result -> 9   correct  ->  9  == correct!
7201th result -> 8   correct  ->  8  == correct!
7202th result -> 4   correct  ->  4  == correct!
7203th result -> 0   correct  ->  0  == correct!
7204th result -> 0   correct  ->  0  == correct!
7205th result -> 7   correct  ->  7  == correct!
7206th result -> 2   correct  ->  2  == correct!
7207th result -> 4   correct  ->  4  == correct!
7208th result -> 3   correct  ->  3  == correct!
7209th result -> 8   correct  ->  8  == correct!
7210th result -> 6   correct  ->  6  == correct!
7211th result -> 6   correct  ->  6  == correct!
7212th result -> 3   correct  ->  3  == correct!
7213th result -> 2   correct  ->  2  == correct!
7214th result -> 6   correct  ->  6  == correct!
7215th result -> 3   correct  ->  3  == correct!
7216th result -> 3   correct  ->  3  == correct!
7217th result -> 0   correct  ->  0  == correct!
7218th result -> 1   correct  ->  1  == correct!
7219th result -> 4   correct  ->  4  == correct!
7220th result -> 7   correct  ->  7  == correct!
7221th result -> 8   correct  ->  8  == correct!
7222th result -> 0   correct  ->  0  == correct!
7223th result -> 3   correct  ->  3  == correct!
7224th result -> 1   correct  ->  1  == correct!
7225th result -> 9   correct  ->  9  == correct!
7226th result -> 0   correct  ->  0  == correct!
7227th result -> 1   correct  ->  1  == correct!
7228th result -> 9   correct  ->  9  == correct!
7229th result -> 1   correct  ->  1  == correct!
7230th result -> 2   correct  ->  2  == correct!
7231th result -> 7   correct  ->  7  == correct!
7232th result -> 0   correct  ->  0  == correct!
7233th result -> 1   correct  ->  1  == correct!
7234th result -> 3   correct  ->  3  == correct!
7235th result -> 8   correct  ->  8  == correct!
7236th result -> 2   correct  ->  2  == correct!
7237th result -> 9   correct  ->  9  == correct!
7238th result -> 2   correct  ->  2  == correct!
7239th result -> 7   correct  ->  7  == correct!
7240th result -> 6   correct  ->  6  == correct!
7241th result -> 5   correct  ->  5  == correct!
7242th result -> 5   correct  ->  5  == correct!
7243th result -> 9   correct  ->  9  == correct!
7244th result -> 9   correct  ->  9  == correct!
7245th result -> 8   correct  ->  8  == correct!
7246th result -> 2   correct  ->  2  == correct!
7247th result -> 9   correct  ->  9  == correct!
7248th result -> 1   correct  ->  1  == correct!
7249th result -> 3   correct  ->  3  == correct!
7250th result -> 2   correct  ->  2  == correct!
7251th result -> 3   correct  ->  3  == correct!
7252th result -> 4   correct  ->  4  == correct!
7253th result -> 3   correct  ->  3  == correct!
7254th result -> 1   correct  ->  1  == correct!
7255th result -> 9   correct  ->  9  == correct!
7256th result -> 0   correct  ->  0  == correct!
7257th result -> 9   correct  ->  9  == correct!
7258th result -> 3   correct  ->  3  == correct!
7259th result -> 6   correct  ->  6  == correct!
7260th result -> 8   correct  ->  8  == correct!
7261th result -> 7   correct  ->  7  == correct!
7262th result -> 0   correct  ->  0  == correct!
7263th result -> 1   correct  ->  1  == correct!
7264th result -> 0   correct  ->  0  == correct!
7265th result -> 5   correct  ->  5  == correct!
7266th result -> 8   correct  ->  8  == correct!
7267th result -> 2   correct  ->  2  == correct!
7268th result -> 7   correct  ->  7  == correct!
7269th result -> 7   correct  ->  7  == correct!
7270th result -> 0   correct  ->  0  == correct!
7271th result -> 1   correct  ->  1  == correct!
7272th result -> 2   correct  ->  2  == correct!
7273th result -> 3   correct  ->  3  == correct!
7274th result -> 4   correct  ->  4  == correct!
7275th result -> 5   correct  ->  5  == correct!
7276th result -> 6   correct  ->  6  == correct!
7277th result -> 7   correct  ->  7  == correct!
7278th result -> 8   correct  ->  8  == correct!
7279th result -> 9   correct  ->  9  == correct!
7280th result -> 0   correct  ->  0  == correct!
7281th result -> 1   correct  ->  1  == correct!
7282th result -> 2   correct  ->  2  == correct!
7283th result -> 3   correct  ->  3  == correct!
7284th result -> 4   correct  ->  4  == correct!
7285th result -> 5   correct  ->  5  == correct!
7286th result -> 6   correct  ->  6  == correct!
7287th result -> 7   correct  ->  7  == correct!
7288th result -> 8   correct  ->  8  == correct!
7289th result -> 9   correct  ->  9  == correct!
7290th result -> 0   correct  ->  0  == correct!
7291th result -> 1   correct  ->  1  == correct!
7292th result -> 2   correct  ->  2  == correct!
7293th result -> 3   correct  ->  3  == correct!
7294th result -> 4   correct  ->  4  == correct!
7295th result -> 5   correct  ->  5  == correct!
7296th result -> 6   correct  ->  6  == correct!
7297th result -> 7   correct  ->  7  == correct!
7298th result -> 8   correct  ->  8  == correct!
7299th result -> 9   correct  ->  9  == correct!
7300th result -> 1   correct  ->  1  == correct!
7301th result -> 7   correct  ->  7  == correct!
7302th result -> 4   correct  ->  4  == correct!
7303th result -> 8   correct  ->  8  == correct!
7304th result -> 1   correct  ->  1  == correct!
7305th result -> 5   correct  ->  5  == correct!
7306th result -> 6   correct  ->  6  == correct!
7307th result -> 5   correct  ->  5  == correct!
7308th result -> 7   correct  ->  7  == correct!
7309th result -> 2   correct  ->  2  == correct!
7310th result -> 8   correct  ->  8  == correct!
7311th result -> 6   correct  ->  6  == correct!
7312th result -> 3   correct  ->  3  == correct!
7313th result -> 3   correct  ->  3  == correct!
7314th result -> 8   correct  ->  8  == correct!
7315th result -> 6   correct  ->  6  == correct!
7316th result -> 5   correct  ->  5  == correct!
7317th result -> 4   correct  ->  4  == correct!
7318th result -> 0   correct  ->  0  == correct!
7319th result -> 9   correct  ->  9  == correct!
7320th result -> 1   correct  ->  1  == correct!
7321th result -> 7   correct  ->  7  == correct!
7322th result -> 2   correct  ->  2  == correct!
7323th result -> 9   correct  ->  9  == correct!
7324th result -> 1   correct  ->  1  == correct!
7325th result -> 5   correct  ->  5  == correct!
7326th result -> 1   correct  ->  1  == correct!
7327th result -> 3   correct  ->  3  == correct!
7328th result -> 2   correct  ->  2  == correct!
7329th result -> 2   correct  ->  2  == correct!
7330th result -> 3   correct  ->  3  == correct!
7331th result -> 0   correct  ->  0  == correct!
7332th result -> 6   correct  ->  6  == correct!
7333th result -> 4   correct  ->  4  == correct!
7334th result -> 3   correct  ->  3  == correct!
7335th result -> 7   correct  ->  7  == correct!
7336th result -> 6   correct  ->  6  == correct!
7337th result -> 9   correct  ->  9  == correct!
7338th result -> 0   correct  ->  0  == correct!
7339th result -> 4   correct  ->  4  == correct!
7340th result -> 8   correct  ->  8  == correct!
7341th result -> 1   correct  ->  1  == correct!
7342th result -> 4   correct  ->  4  == correct!
7343th result -> 0   correct  ->  0  == correct!
7344th result -> 6   correct  ->  6  == correct!
7345th result -> 1   correct  ->  1  == correct!
7346th result -> 2   correct  ->  2  == correct!
7347th result -> 6   correct  ->  6  == correct!
7348th result -> 9   correct  ->  9  == correct!
7349th result -> 2   correct  ->  2  == correct!
7350th result -> 2   correct  ->  2  == correct!
7351th result -> 3   correct  ->  3  == correct!
7352th result -> 5   correct  ->  5  == correct!
7353th result -> 5   correct  ->  5  == correct!
7354th result -> 1   correct  ->  1  == correct!
7355th result -> 0   correct  ->  0  == correct!
7356th result -> 7   correct  ->  7  == correct!
7357th result -> 7   correct  ->  7  == correct!
7358th result -> 9   correct  ->  9  == correct!
7359th result -> 6   correct  ->  6  == correct!
7360th result -> 2   correct  ->  2  == correct!
7361th result -> 9   correct  ->  9  == correct!
7362th result -> 4   correct  ->  4  == correct!
7363th result -> 7   correct  ->  7  == correct!
7364th result -> 0   correct  ->  0  == correct!
7365th result -> 2   correct  ->  2  == correct!
7366th result -> 3   correct  ->  3  == correct!
7367th result -> 4   correct  ->  4  == correct!
7368th result -> 0   correct  ->  0  == correct!
7369th result -> 0   correct  ->  0  == correct!
7370th result -> 8   correct  ->  8  == correct!
7371th result -> 8   correct  ->  8  == correct!
7372th result -> 8   correct  ->  8  == correct!
7373th result -> 5   correct  ->  5  == correct!
7374th result -> 1   correct  ->  1  == correct!
7375th result -> 3   correct  ->  3  == correct!
7376th result -> 7   correct  ->  7  == correct!
7377th result -> 4   correct  ->  4  == correct!
7378th result -> 9   correct  ->  9  == correct!
7379th result -> 8   correct  ->  8  == correct!
7380th result -> 8   correct  ->  8  == correct!
7381th result -> 9   correct  ->  9  == correct!
7382th result -> 0   correct  ->  0  == correct!
7383th result -> 9   correct  ->  9  == correct!
7384th result -> 8   correct  ->  8  == correct!
7385th result -> 9   correct  ->  9  == correct!
7386th result -> 0   correct  ->  0  == correct!
7387th result -> 2   correct  ->  2  == correct!
7388th result -> 6   correct  ->  6  == correct!
7389th result -> 5   correct  ->  5  == correct!
7390th result -> 6   correct  ->  6  == correct!
7391th result -> 7   correct  ->  7  == correct!
7392th result -> 4   correct  ->  4  == correct!
7393th result -> 7   correct  ->  7  == correct!
7394th result -> 5   correct  ->  5  == correct!
7395th result -> 4   correct  ->  4  == correct!
7396th result -> 1   correct  ->  1  == correct!
7397th result -> 3   correct  ->  3  == correct!
7398th result -> 5   correct  ->  5  == correct!
7399th result -> 3   correct  ->  3  == correct!
7400th result -> 1   correct  ->  1  == correct!
7401th result -> 2   correct  ->  2  == correct!
7402th result -> 3   correct  ->  3  == correct!
7403th result -> 4   correct  ->  4  == correct!
7404th result -> 5   correct  ->  5  == correct!
7405th result -> 6   correct  ->  6  == correct!
7406th result -> 1   correct  ->  1  == correct!
7407th result -> 2   correct  ->  2  == correct!
7408th result -> 3   correct  ->  3  == correct!
7409th result -> 4   correct  ->  4  == correct!
7410th result -> 6   correct  ->  6  == correct!
7411th result -> 0   correct  ->  0  == correct!
7412th result -> 1   correct  ->  1  == correct!
7413th result -> 2   correct  ->  2  == correct!
7414th result -> 4   correct  ->  4  == correct!
7415th result -> 5   correct  ->  5  == correct!
7416th result -> 6   correct  ->  6  == correct!
7417th result -> 7   correct  ->  7  == correct!
7418th result -> 8   correct  ->  8  == correct!
7419th result -> 1   correct  ->  1  == correct!
7420th result -> 7   correct  ->  7  == correct!
7421th result -> 2   correct  ->  2  == correct!
7422th result -> 4   correct  ->  4  == correct!
7423th result -> 1   correct  ->  1  == correct!
7424th result -> 4   correct  ->  4  == correct!
7425th result -> 1   correct  ->  1  == correct!
7426th result -> 4   correct  ->  4  == correct!
7427th result -> 9   correct  ->  9  == correct!
7428th result -> 6   correct  ->  6  == correct!
7429th result -> 8   correct  ->  8  == correct!
7430th result -> 4   correct  ->  4  == correct!
7431th result -> 5   correct  ->  5  == correct!
7432th result -> 3   correct  ->  3  == correct!
7433th result -> 2   correct  ->  7  == correct!
7434th result -> 8   correct  ->  8  == correct!
7435th result -> 8   correct  ->  4  == correct!
7436th result -> 3   correct  ->  3  == correct!
7437th result -> 3   correct  ->  3  == correct!
7438th result -> 5   correct  ->  5  == correct!
7439th result -> 6   correct  ->  6  == correct!
7440th result -> 7   correct  ->  7  == correct!
7441th result -> 0   correct  ->  0  == correct!
7442th result -> 6   correct  ->  6  == correct!
7443th result -> 1   correct  ->  1  == correct!
7444th result -> 6   correct  ->  6  == correct!
7445th result -> 8   correct  ->  8  == correct!
7446th result -> 7   correct  ->  7  == correct!
7447th result -> 0   correct  ->  0  == correct!
7448th result -> 1   correct  ->  1  == correct!
7449th result -> 5   correct  ->  5  == correct!
7450th result -> 0   correct  ->  0  == correct!
7451th result -> 8   correct  ->  8  == correct!
7452th result -> 6   correct  ->  5  == correct!
7453th result -> 0   correct  ->  0  == correct!
7454th result -> 1   correct  ->  1  == correct!
7455th result -> 5   correct  ->  5  == correct!
7456th result -> 8   correct  ->  8  == correct!
7457th result -> 4   correct  ->  4  == correct!
7458th result -> 2   correct  ->  2  == correct!
7459th result -> 3   correct  ->  3  == correct!
7460th result -> 9   correct  ->  9  == correct!
7461th result -> 7   correct  ->  7  == correct!
7462th result -> 6   correct  ->  6  == correct!
7463th result -> 9   correct  ->  9  == correct!
7464th result -> 1   correct  ->  1  == correct!
7465th result -> 9   correct  ->  9  == correct!
7466th result -> 0   correct  ->  0  == correct!
7467th result -> 6   correct  ->  6  == correct!
7468th result -> 7   correct  ->  7  == correct!
7469th result -> 1   correct  ->  1  == correct!
7470th result -> 2   correct  ->  2  == correct!
7471th result -> 3   correct  ->  3  == correct!
7472th result -> 9   correct  ->  9  == correct!
7473th result -> 2   correct  ->  2  == correct!
7474th result -> 4   correct  ->  4  == correct!
7475th result -> 5   correct  ->  5  == correct!
7476th result -> 5   correct  ->  5  == correct!
7477th result -> 3   correct  ->  3  == correct!
7478th result -> 7   correct  ->  7  == correct!
7479th result -> 5   correct  ->  5  == correct!
7480th result -> 3   correct  ->  3  == correct!
7481th result -> 1   correct  ->  1  == correct!
7482th result -> 8   correct  ->  8  == correct!
7483th result -> 2   correct  ->  2  == correct!
7484th result -> 2   correct  ->  2  == correct!
7485th result -> 3   correct  ->  3  == correct!
7486th result -> 0   correct  ->  0  == correct!
7487th result -> 2   correct  ->  2  == correct!
7488th result -> 9   correct  ->  9  == correct!
7489th result -> 4   correct  ->  4  == correct!
7490th result -> 9   correct  ->  9  == correct!
7491th result -> 7   correct  ->  7  == correct!
7492th result -> 0   correct  ->  0  == correct!
7493th result -> 7   correct  ->  2  == correct!
7494th result -> 7   correct  ->  7  == correct!
7495th result -> 4   correct  ->  4  == correct!
7496th result -> 9   correct  ->  9  == correct!
7497th result -> 9   correct  ->  9  == correct!
7498th result -> 2   correct  ->  2  == correct!
7499th result -> 5   correct  ->  5  == correct!
7500th result -> 9   correct  ->  9  == correct!
7501th result -> 8   correct  ->  8  == correct!
7502th result -> 3   correct  ->  3  == correct!
7503th result -> 8   correct  ->  8  == correct!
7504th result -> 6   correct  ->  6  == correct!
7505th result -> 7   correct  ->  7  == correct!
7506th result -> 0   correct  ->  0  == correct!
7507th result -> 0   correct  ->  0  == correct!
7508th result -> 1   correct  ->  1  == correct!
7509th result -> 2   correct  ->  2  == correct!
7510th result -> 3   correct  ->  3  == correct!
7511th result -> 4   correct  ->  4  == correct!
7512th result -> 5   correct  ->  5  == correct!
7513th result -> 6   correct  ->  6  == correct!
7514th result -> 7   correct  ->  7  == correct!
7515th result -> 8   correct  ->  8  == correct!
7516th result -> 9   correct  ->  9  == correct!
7517th result -> 0   correct  ->  0  == correct!
7518th result -> 1   correct  ->  1  == correct!
7519th result -> 2   correct  ->  2  == correct!
7520th result -> 3   correct  ->  3  == correct!
7521th result -> 4   correct  ->  4  == correct!
7522th result -> 5   correct  ->  5  == correct!
7523th result -> 6   correct  ->  6  == correct!
7524th result -> 7   correct  ->  7  == correct!
7525th result -> 8   correct  ->  8  == correct!
7526th result -> 9   correct  ->  9  == correct!
7527th result -> 0   correct  ->  0  == correct!
7528th result -> 1   correct  ->  1  == correct!
7529th result -> 2   correct  ->  2  == correct!
7530th result -> 3   correct  ->  3  == correct!
7531th result -> 4   correct  ->  4  == correct!
7532th result -> 5   correct  ->  5  == correct!
7533th result -> 6   correct  ->  6  == correct!
7534th result -> 7   correct  ->  7  == correct!
7535th result -> 8   correct  ->  8  == correct!
7536th result -> 9   correct  ->  9  == correct!
7537th result -> 0   correct  ->  0  == correct!
7538th result -> 0   correct  ->  0  == correct!
7539th result -> 7   correct  ->  7  == correct!
7540th result -> 2   correct  ->  2  == correct!
7541th result -> 6   correct  ->  6  == correct!
7542th result -> 5   correct  ->  5  == correct!
7543th result -> 5   correct  ->  5  == correct!
7544th result -> 3   correct  ->  3  == correct!
7545th result -> 7   correct  ->  7  == correct!
7546th result -> 8   correct  ->  8  == correct!
7547th result -> 6   correct  ->  6  == correct!
7548th result -> 6   correct  ->  6  == correct!
7549th result -> 6   correct  ->  6  == correct!
7550th result -> 6   correct  ->  6  == correct!
7551th result -> 4   correct  ->  4  == correct!
7552th result -> 3   correct  ->  3  == correct!
7553th result -> 8   correct  ->  8  == correct!
7554th result -> 8   correct  ->  8  == correct!
7555th result -> 3   correct  ->  3  == correct!
7556th result -> 0   correct  ->  0  == correct!
7557th result -> 1   correct  ->  1  == correct!
7558th result -> 9   correct  ->  9  == correct!
7559th result -> 0   correct  ->  0  == correct!
7560th result -> 5   correct  ->  5  == correct!
7561th result -> 4   correct  ->  4  == correct!
7562th result -> 1   correct  ->  1  == correct!
7563th result -> 9   correct  ->  9  == correct!
7564th result -> 1   correct  ->  1  == correct!
7565th result -> 2   correct  ->  2  == correct!
7566th result -> 4   correct  ->  7  == correct!
7567th result -> 0   correct  ->  0  == correct!
7568th result -> 1   correct  ->  1  == correct!
7569th result -> 3   correct  ->  3  == correct!
7570th result -> 8   correct  ->  8  == correct!
7571th result -> 2   correct  ->  2  == correct!
7572th result -> 9   correct  ->  9  == correct!
7573th result -> 2   correct  ->  2  == correct!
7574th result -> 7   correct  ->  7  == correct!
7575th result -> 4   correct  ->  4  == correct!
7576th result -> 2   correct  ->  2  == correct!
7577th result -> 6   correct  ->  6  == correct!
7578th result -> 5   correct  ->  5  == correct!
7579th result -> 5   correct  ->  5  == correct!
7580th result -> 9   correct  ->  9  == correct!
7581th result -> 9   correct  ->  9  == correct!
7582th result -> 1   correct  ->  1  == correct!
7583th result -> 1   correct  ->  1  == correct!
7584th result -> 5   correct  ->  5  == correct!
7585th result -> 7   correct  ->  7  == correct!
7586th result -> 6   correct  ->  6  == correct!
7587th result -> 8   correct  ->  8  == correct!
7588th result -> 2   correct  ->  2  == correct!
7589th result -> 9   correct  ->  9  == correct!
7590th result -> 4   correct  ->  4  == correct!
7591th result -> 3   correct  ->  3  == correct!
7592th result -> 1   correct  ->  1  == correct!
7593th result -> 9   correct  ->  9  == correct!
7594th result -> 0   correct  ->  0  == correct!
7595th result -> 9   correct  ->  9  == correct!
7596th result -> 3   correct  ->  3  == correct!
7597th result -> 6   correct  ->  6  == correct!
7598th result -> 8   correct  ->  8  == correct!
7599th result -> 7   correct  ->  7  == correct!
7600th result -> 0   correct  ->  0  == correct!
7601th result -> 1   correct  ->  1  == correct!
7602th result -> 0   correct  ->  0  == correct!
7603th result -> 5   correct  ->  5  == correct!
7604th result -> 8   correct  ->  8  == correct!
7605th result -> 2   correct  ->  2  == correct!
7606th result -> 7   correct  ->  7  == correct!
7607th result -> 7   correct  ->  7  == correct!
7608th result -> 0   correct  ->  0  == correct!
7609th result -> 1   correct  ->  1  == correct!
7610th result -> 2   correct  ->  2  == correct!
7611th result -> 3   correct  ->  3  == correct!
7612th result -> 4   correct  ->  4  == correct!
7613th result -> 5   correct  ->  5  == correct!
7614th result -> 6   correct  ->  6  == correct!
7615th result -> 7   correct  ->  7  == correct!
7616th result -> 8   correct  ->  8  == correct!
7617th result -> 9   correct  ->  9  == correct!
7618th result -> 0   correct  ->  0  == correct!
7619th result -> 1   correct  ->  1  == correct!
7620th result -> 2   correct  ->  2  == correct!
7621th result -> 3   correct  ->  3  == correct!
7622th result -> 4   correct  ->  4  == correct!
7623th result -> 5   correct  ->  5  == correct!
7624th result -> 8   correct  ->  8  == correct!
7625th result -> 9   correct  ->  9  == correct!
7626th result -> 0   correct  ->  0  == correct!
7627th result -> 1   correct  ->  1  == correct!
7628th result -> 2   correct  ->  2  == correct!
7629th result -> 3   correct  ->  3  == correct!
7630th result -> 4   correct  ->  4  == correct!
7631th result -> 5   correct  ->  5  == correct!
7632th result -> 6   correct  ->  6  == correct!
7633th result -> 7   correct  ->  7  == correct!
7634th result -> 8   correct  ->  8  == correct!
7635th result -> 9   correct  ->  9  == correct!
7636th result -> 2   correct  ->  2  == correct!
7637th result -> 1   correct  ->  1  == correct!
7638th result -> 2   correct  ->  2  == correct!
7639th result -> 1   correct  ->  1  == correct!
7640th result -> 3   correct  ->  3  == correct!
7641th result -> 9   correct  ->  9  == correct!
7642th result -> 9   correct  ->  9  == correct!
7643th result -> 8   correct  ->  8  == correct!
7644th result -> 5   correct  ->  5  == correct!
7645th result -> 3   correct  ->  3  == correct!
7646th result -> 7   correct  ->  7  == correct!
7647th result -> 0   correct  ->  0  == correct!
7648th result -> 7   correct  ->  7  == correct!
7649th result -> 7   correct  ->  7  == correct!
7650th result -> 5   correct  ->  5  == correct!
7651th result -> 7   correct  ->  7  == correct!
7652th result -> 9   correct  ->  9  == correct!
7653th result -> 9   correct  ->  9  == correct!
7654th result -> 4   correct  ->  4  == correct!
7655th result -> 7   correct  ->  7  == correct!
7656th result -> 0   correct  ->  0  == correct!
7657th result -> 3   correct  ->  3  == correct!
7658th result -> 4   correct  ->  4  == correct!
7659th result -> 1   correct  ->  1  == correct!
7660th result -> 5   correct  ->  5  == correct!
7661th result -> 8   correct  ->  8  == correct!
7662th result -> 1   correct  ->  1  == correct!
7663th result -> 4   correct  ->  4  == correct!
7664th result -> 8   correct  ->  8  == correct!
7665th result -> 4   correct  ->  4  == correct!
7666th result -> 1   correct  ->  1  == correct!
7667th result -> 8   correct  ->  8  == correct!
7668th result -> 6   correct  ->  6  == correct!
7669th result -> 6   correct  ->  6  == correct!
7670th result -> 4   correct  ->  4  == correct!
7671th result -> 6   correct  ->  6  == correct!
7672th result -> 0   correct  ->  0  == correct!
7673th result -> 5   correct  ->  5  == correct!
7674th result -> 5   correct  ->  5  == correct!
7675th result -> 3   correct  ->  3  == correct!
7676th result -> 3   correct  ->  3  == correct!
7677th result -> 5   correct  ->  5  == correct!
7678th result -> 7   correct  ->  7  == correct!
7679th result -> 2   correct  ->  2  == correct!
7680th result -> 5   correct  ->  5  == correct!
7681th result -> 9   correct  ->  9  == correct!
7682th result -> 6   correct  ->  6  == correct!
7683th result -> 9   correct  ->  9  == correct!
7684th result -> 2   correct  ->  2  == correct!
7685th result -> 6   correct  ->  6  == correct!
7686th result -> 2   correct  ->  2  == correct!
7687th result -> 1   correct  ->  1  == correct!
7688th result -> 2   correct  ->  2  == correct!
7689th result -> 0   correct  ->  0  == correct!
7690th result -> 8   correct  ->  8  == correct!
7691th result -> 3   correct  ->  3  == correct!
7692th result -> 8   correct  ->  8  == correct!
7693th result -> 3   correct  ->  3  == correct!
7694th result -> 0   correct  ->  0  == correct!
7695th result -> 8   correct  ->  8  == correct!
7696th result -> 7   correct  ->  7  == correct!
7697th result -> 4   correct  ->  4  == correct!
7698th result -> 9   correct  ->  9  == correct!
7699th result -> 5   correct  ->  5  == correct!
7700th result -> 0   correct  ->  0  == correct!
7701th result -> 9   correct  ->  9  == correct!
7702th result -> 7   correct  ->  7  == correct!
7703th result -> 0   correct  ->  0  == correct!
7704th result -> 0   correct  ->  0  == correct!
7705th result -> 4   correct  ->  4  == correct!
7706th result -> 6   correct  ->  6  == correct!
7707th result -> 0   correct  ->  0  == correct!
7708th result -> 9   correct  ->  9  == correct!
7709th result -> 1   correct  ->  1  == correct!
7710th result -> 6   correct  ->  6  == correct!
7711th result -> 2   correct  ->  2  == correct!
7712th result -> 7   correct  ->  7  == correct!
7713th result -> 6   correct  ->  6  == correct!
7714th result -> 8   correct  ->  8  == correct!
7715th result -> 3   correct  ->  3  == correct!
7716th result -> 5   correct  ->  5  == correct!
7717th result -> 2   correct  ->  2  == correct!
7718th result -> 1   correct  ->  1  == correct!
7719th result -> 8   correct  ->  8  == correct!
7720th result -> 3   correct  ->  3  == correct!
7721th result -> 8   correct  ->  8  == correct!
7722th result -> 6   correct  ->  6  == correct!
7723th result -> 1   correct  ->  1  == correct!
7724th result -> 0   correct  ->  0  == correct!
7725th result -> 2   correct  ->  2  == correct!
7726th result -> 1   correct  ->  1  == correct!
7727th result -> 4   correct  ->  4  == correct!
7728th result -> 0   correct  ->  0  == correct!
7729th result -> 1   correct  ->  1  == correct!
7730th result -> 2   correct  ->  2  == correct!
7731th result -> 3   correct  ->  3  == correct!
7732th result -> 4   correct  ->  4  == correct!
7733th result -> 5   correct  ->  5  == correct!
7734th result -> 6   correct  ->  6  == correct!
7735th result -> 7   correct  ->  7  == correct!
7736th result -> 8   correct  ->  8  == correct!
7737th result -> 9   correct  ->  9  == correct!
7738th result -> 0   correct  ->  0  == correct!
7739th result -> 1   correct  ->  1  == correct!
7740th result -> 2   correct  ->  2  == correct!
7741th result -> 3   correct  ->  3  == correct!
7742th result -> 4   correct  ->  4  == correct!
7743th result -> 5   correct  ->  5  == correct!
7744th result -> 6   correct  ->  6  == correct!
7745th result -> 7   correct  ->  7  == correct!
7746th result -> 8   correct  ->  8  == correct!
7747th result -> 9   correct  ->  9  == correct!
7748th result -> 0   correct  ->  0  == correct!
7749th result -> 1   correct  ->  1  == correct!
7750th result -> 2   correct  ->  2  == correct!
7751th result -> 3   correct  ->  3  == correct!
7752th result -> 4   correct  ->  4  == correct!
7753th result -> 5   correct  ->  5  == correct!
7754th result -> 6   correct  ->  6  == correct!
7755th result -> 7   correct  ->  7  == correct!
7756th result -> 8   correct  ->  8  == correct!
7757th result -> 9   correct  ->  9  == correct!
7758th result -> 7   correct  ->  7  == correct!
7759th result -> 6   correct  ->  6  == correct!
7760th result -> 4   correct  ->  4  == correct!
7761th result -> 7   correct  ->  7  == correct!
7762th result -> 6   correct  ->  6  == correct!
7763th result -> 2   correct  ->  2  == correct!
7764th result -> 3   correct  ->  3  == correct!
7765th result -> 4   correct  ->  4  == correct!
7766th result -> 8   correct  ->  8  == correct!
7767th result -> 7   correct  ->  7  == correct!
7768th result -> 8   correct  ->  8  == correct!
7769th result -> 6   correct  ->  6  == correct!
7770th result -> 9   correct  ->  9  == correct!
7771th result -> 8   correct  ->  8  == correct!
7772th result -> 3   correct  ->  3  == correct!
7773th result -> 2   correct  ->  2  == correct!
7774th result -> 2   correct  ->  2  == correct!
7775th result -> 8   correct  ->  8  == correct!
7776th result -> 4   correct  ->  4  == correct!
7777th result -> 8   correct  ->  8  == correct!
7778th result -> 5   correct  ->  5  == correct!
7779th result -> 6   correct  ->  6  == correct!
7780th result -> 5   correct  ->  5  == correct!
7781th result -> 0   correct  ->  0  == correct!
7782th result -> 2   correct  ->  2  == correct!
7783th result -> 0   correct  ->  0  == correct!
7784th result -> 1   correct  ->  1  == correct!
7785th result -> 1   correct  ->  1  == correct!
7786th result -> 2   correct  ->  2  == correct!
7787th result -> 9   correct  ->  9  == correct!
7788th result -> 6   correct  ->  6  == correct!
7789th result -> 8   correct  ->  8  == correct!
7790th result -> 2   correct  ->  2  == correct!
7791th result -> 1   correct  ->  1  == correct!
7792th result -> 0   correct  ->  0  == correct!
7793th result -> 6   correct  ->  6  == correct!
7794th result -> 5   correct  ->  5  == correct!
7795th result -> 2   correct  ->  2  == correct!
7796th result -> 9   correct  ->  9  == correct!
7797th result -> 7   correct  ->  7  == correct!
7798th result -> 5   correct  ->  5  == correct!
7799th result -> 3   correct  ->  3  == correct!
7800th result -> 9   correct  ->  9  == correct!
7801th result -> 2   correct  ->  3  == correct!
7802th result -> 7   correct  ->  7  == correct!
7803th result -> 1   correct  ->  1  == correct!
7804th result -> 8   correct  ->  8  == correct!
7805th result -> 3   correct  ->  3  == correct!
7806th result -> 8   correct  ->  8  == correct!
7807th result -> 1   correct  ->  1  == correct!
7808th result -> 9   correct  ->  9  == correct!
7809th result -> 5   correct  ->  5  == correct!
7810th result -> 5   correct  ->  5  == correct!
7811th result -> 0   correct  ->  0  == correct!
7812th result -> 1   correct  ->  1  == correct!
7813th result -> 1   correct  ->  1  == correct!
7814th result -> 9   correct  ->  9  == correct!
7815th result -> 8   correct  ->  8  == correct!
7816th result -> 2   correct  ->  2  == correct!
7817th result -> 6   correct  ->  6  == correct!
7818th result -> 0   correct  ->  0  == correct!
7819th result -> 4   correct  ->  4  == correct!
7820th result -> 5   correct  ->  5  == correct!
7821th result -> 0   correct  ->  0  == correct!
7822th result -> 2   correct  ->  3  == correct!
7823th result -> 2   correct  ->  1  == correct!
7824th result -> 8   correct  ->  8  == correct!
7825th result -> 6   correct  ->  6  == correct!
7826th result -> 7   correct  ->  7  == correct!
7827th result -> 5   correct  ->  5  == correct!
7828th result -> 9   correct  ->  9  == correct!
7829th result -> 9   correct  ->  9  == correct!
7830th result -> 3   correct  ->  3  == correct!
7831th result -> 0   correct  ->  0  == correct!
7832th result -> 3   correct  ->  3  == correct!
7833th result -> 1   correct  ->  1  == correct!
7834th result -> 4   correct  ->  4  == correct!
7835th result -> 4   correct  ->  4  == correct!
7836th result -> 0   correct  ->  0  == correct!
7837th result -> 4   correct  ->  4  == correct!
7838th result -> 9   correct  ->  9  == correct!
7839th result -> 0   correct  ->  0  == correct!
7840th result -> 8   correct  ->  1  == correct!
7841th result -> 2   correct  ->  2  == correct!
7842th result -> 3   correct  ->  3  == correct!
7843th result -> 5   correct  ->  5  == correct!
7844th result -> 6   correct  ->  6  == correct!
7845th result -> 7   correct  ->  7  == correct!
7846th result -> 8   correct  ->  8  == correct!
7847th result -> 0   correct  ->  0  == correct!
7848th result -> 1   correct  ->  1  == correct!
7849th result -> 2   correct  ->  2  == correct!
7850th result -> 3   correct  ->  3  == correct!
7851th result -> 5   correct  ->  5  == correct!
7852th result -> 6   correct  ->  6  == correct!
7853th result -> 7   correct  ->  7  == correct!
7854th result -> 8   correct  ->  8  == correct!
7855th result -> 9   correct  ->  9  == correct!
7856th result -> 0   correct  ->  0  == correct!
7857th result -> 1   correct  ->  1  == correct!
7858th result -> 2   correct  ->  2  == correct!
7859th result -> 3   correct  ->  3  == correct!
7860th result -> 5   correct  ->  5  == correct!
7861th result -> 6   correct  ->  6  == correct!
7862th result -> 7   correct  ->  7  == correct!
7863th result -> 8   correct  ->  8  == correct!
7864th result -> 9   correct  ->  9  == correct!
7865th result -> 9   correct  ->  9  == correct!
7866th result -> 7   correct  ->  7  == correct!
7867th result -> 0   correct  ->  0  == correct!
7868th result -> 9   correct  ->  9  == correct!
7869th result -> 0   correct  ->  0  == correct!
7870th result -> 1   correct  ->  1  == correct!
7871th result -> 5   correct  ->  5  == correct!
7872th result -> 8   correct  ->  8  == correct!
7873th result -> 8   correct  ->  8  == correct!
7874th result -> 0   correct  ->  0  == correct!
7875th result -> 9   correct  ->  9  == correct!
7876th result -> 3   correct  ->  3  == correct!
7877th result -> 2   correct  ->  2  == correct!
7878th result -> 7   correct  ->  7  == correct!
7879th result -> 8   correct  ->  8  == correct!
7880th result -> 4   correct  ->  4  == correct!
7881th result -> 6   correct  ->  6  == correct!
7882th result -> 1   correct  ->  1  == correct!
7883th result -> 0   correct  ->  0  == correct!
7884th result -> 4   correct  ->  4  == correct!
7885th result -> 9   correct  ->  9  == correct!
7886th result -> 4   correct  ->  4  == correct!
7887th result -> 4   correct  ->  2  == correct!
7888th result -> 0   correct  ->  0  == correct!
7889th result -> 5   correct  ->  5  == correct!
7890th result -> 0   correct  ->  0  == correct!
7891th result -> 1   correct  ->  1  == correct!
7892th result -> 6   correct  ->  6  == correct!
7893th result -> 9   correct  ->  9  == correct!
7894th result -> 3   correct  ->  3  == correct!
7895th result -> 2   correct  ->  2  == correct!
7896th result -> 9   correct  ->  9  == correct!
7897th result -> 1   correct  ->  1  == correct!
7898th result -> 6   correct  ->  6  == correct!
7899th result -> 0   correct  ->  0  == correct!
7900th result -> 8   correct  ->  1  == correct!
7901th result -> 1   correct  ->  1  == correct!
7902th result -> 8   correct  ->  8  == correct!
7903th result -> 7   correct  ->  7  == correct!
7904th result -> 7   correct  ->  7  == correct!
7905th result -> 6   correct  ->  6  == correct!
7906th result -> 3   correct  ->  3  == correct!
7907th result -> 6   correct  ->  6  == correct!
7908th result -> 0   correct  ->  0  == correct!
7909th result -> 7   correct  ->  7  == correct!
7910th result -> 2   correct  ->  2  == correct!
7911th result -> 4   correct  ->  4  == correct!
7912th result -> 1   correct  ->  1  == correct!
7913th result -> 7   correct  ->  7  == correct!
7914th result -> 0   correct  ->  0  == correct!
7915th result -> 6   correct  ->  6  == correct!
7916th result -> 8   correct  ->  7  == correct!
7917th result -> 1   correct  ->  1  == correct!
7918th result -> 2   correct  ->  2  == correct!
7919th result -> 5   correct  ->  5  == correct!
7920th result -> 8   correct  ->  8  == correct!
7921th result -> 1   correct  ->  1  == correct!
7922th result -> 8   correct  ->  8  == correct!
7923th result -> 2   correct  ->  2  == correct!
7924th result -> 8   correct  ->  8  == correct!
7925th result -> 7   correct  ->  7  == correct!
7926th result -> 6   correct  ->  6  == correct!
7927th result -> 8   correct  ->  8  == correct!
7928th result -> 7   correct  ->  7  == correct!
7929th result -> 1   correct  ->  1  == correct!
7930th result -> 6   correct  ->  6  == correct!
7931th result -> 2   correct  ->  2  == correct!
7932th result -> 9   correct  ->  9  == correct!
7933th result -> 3   correct  ->  3  == correct!
7934th result -> 0   correct  ->  0  == correct!
7935th result -> 1   correct  ->  1  == correct!
7936th result -> 2   correct  ->  2  == correct!
7937th result -> 3   correct  ->  3  == correct!
7938th result -> 4   correct  ->  4  == correct!
7939th result -> 5   correct  ->  5  == correct!
7940th result -> 6   correct  ->  6  == correct!
7941th result -> 7   correct  ->  7  == correct!
7942th result -> 8   correct  ->  8  == correct!
7943th result -> 9   correct  ->  9  == correct!
7944th result -> 0   correct  ->  0  == correct!
7945th result -> 1   correct  ->  1  == correct!
7946th result -> 6   correct  ->  2  == correct!
7947th result -> 3   correct  ->  3  == correct!
7948th result -> 4   correct  ->  4  == correct!
7949th result -> 5   correct  ->  5  == correct!
7950th result -> 6   correct  ->  6  == correct!
7951th result -> 7   correct  ->  7  == correct!
7952th result -> 8   correct  ->  8  == correct!
7953th result -> 9   correct  ->  9  == correct!
7954th result -> 0   correct  ->  0  == correct!
7955th result -> 1   correct  ->  1  == correct!
7956th result -> 2   correct  ->  2  == correct!
7957th result -> 3   correct  ->  3  == correct!
7958th result -> 4   correct  ->  4  == correct!
7959th result -> 5   correct  ->  5  == correct!
7960th result -> 6   correct  ->  6  == correct!
7961th result -> 7   correct  ->  7  == correct!
7962th result -> 8   correct  ->  8  == correct!
7963th result -> 9   correct  ->  9  == correct!
7964th result -> 8   correct  ->  8  == correct!
7965th result -> 9   correct  ->  9  == correct!
7966th result -> 5   correct  ->  5  == correct!
7967th result -> 7   correct  ->  7  == correct!
7968th result -> 0   correct  ->  0  == correct!
7969th result -> 3   correct  ->  3  == correct!
7970th result -> 1   correct  ->  1  == correct!
7971th result -> 6   correct  ->  6  == correct!
7972th result -> 8   correct  ->  8  == correct!
7973th result -> 4   correct  ->  4  == correct!
7974th result -> 1   correct  ->  1  == correct!
7975th result -> 5   correct  ->  5  == correct!
7976th result -> 6   correct  ->  6  == correct!
7977th result -> 4   correct  ->  4  == correct!
7978th result -> 2   correct  ->  2  == correct!
7979th result -> 7   correct  ->  7  == correct!
7980th result -> 8   correct  ->  8  == correct!
7981th result -> 1   correct  ->  1  == correct!
7982th result -> 3   correct  ->  3  == correct!
7983th result -> 4   correct  ->  4  == correct!
7984th result -> 3   correct  ->  3  == correct!
7985th result -> 4   correct  ->  4  == correct!
7986th result -> 7   correct  ->  7  == correct!
7987th result -> 2   correct  ->  2  == correct!
7988th result -> 0   correct  ->  0  == correct!
7989th result -> 5   correct  ->  5  == correct!
7990th result -> 0   correct  ->  0  == correct!
7991th result -> 1   correct  ->  1  == correct!
7992th result -> 9   correct  ->  9  == correct!
7993th result -> 2   correct  ->  2  == correct!
7994th result -> 3   correct  ->  3  == correct!
7995th result -> 2   correct  ->  2  == correct!
7996th result -> 3   correct  ->  3  == correct!
7997th result -> 5   correct  ->  5  == correct!
7998th result -> 5   correct  ->  5  == correct!
7999th result -> 7   correct  ->  7  == correct!
8000th result -> 8   correct  ->  8  == correct!
8001th result -> 4   correct  ->  4  == correct!
8002th result -> 9   correct  ->  9  == correct!
8003th result -> 9   correct  ->  9  == correct!
8004th result -> 7   correct  ->  7  == correct!
8005th result -> 1   correct  ->  1  == correct!
8006th result -> 1   correct  ->  1  == correct!
8007th result -> 9   correct  ->  9  == correct!
8008th result -> 0   correct  ->  0  == correct!
8009th result -> 7   correct  ->  7  == correct!
8010th result -> 8   correct  ->  8  == correct!
8011th result -> 3   correct  ->  3  == correct!
8012th result -> 4   correct  ->  4  == correct!
8013th result -> 8   correct  ->  8  == correct!
8014th result -> 6   correct  ->  6  == correct!
8015th result -> 3   correct  ->  3  == correct!
8016th result -> 8   correct  ->  8  == correct!
8017th result -> 0   correct  ->  0  == correct!
8018th result -> 9   correct  ->  9  == correct!
8019th result -> 6   correct  ->  6  == correct!
8020th result -> 2   correct  ->  2  == correct!
8021th result -> 8   correct  ->  1  == correct!
8022th result -> 0   correct  ->  0  == correct!
8023th result -> 1   correct  ->  1  == correct!
8024th result -> 0   correct  ->  0  == correct!
8025th result -> 6   correct  ->  6  == correct!
8026th result -> 2   correct  ->  2  == correct!
8027th result -> 3   correct  ->  3  == correct!
8028th result -> 8   correct  ->  8  == correct!
8029th result -> 9   correct  ->  9  == correct!
8030th result -> 0   correct  ->  0  == correct!
8031th result -> 7   correct  ->  7  == correct!
8032th result -> 2   correct  ->  2  == correct!
8033th result -> 3   correct  ->  3  == correct!
8034th result -> 4   correct  ->  4  == correct!
8035th result -> 5   correct  ->  5  == correct!
8036th result -> 5   correct  ->  5  == correct!
8037th result -> 2   correct  ->  2  == correct!
8038th result -> 8   correct  ->  8  == correct!
8039th result -> 5   correct  ->  5  == correct!
8040th result -> 4   correct  ->  4  == correct!
8041th result -> 6   correct  ->  6  == correct!
8042th result -> 6   correct  ->  6  == correct!
8043th result -> 6   correct  ->  6  == correct!
8044th result -> 7   correct  ->  7  == correct!
8045th result -> 9   correct  ->  9  == correct!
8046th result -> 1   correct  ->  1  == correct!
8047th result -> 8   correct  ->  8  == correct!
8048th result -> 2   correct  ->  2  == correct!
8049th result -> 1   correct  ->  1  == correct!
8050th result -> 5   correct  ->  5  == correct!
8051th result -> 3   correct  ->  3  == correct!
8052th result -> 4   correct  ->  4  == correct!
8053th result -> 7   correct  ->  7  == correct!
8054th result -> 9   correct  ->  9  == correct!
8055th result -> 4   correct  ->  4  == correct!
8056th result -> 0   correct  ->  0  == correct!
8057th result -> 0   correct  ->  0  == correct!
8058th result -> 0   correct  ->  0  == correct!
8059th result -> 1   correct  ->  1  == correct!
8060th result -> 2   correct  ->  2  == correct!
8061th result -> 3   correct  ->  3  == correct!
8062th result -> 4   correct  ->  4  == correct!
8063th result -> 8   correct  ->  5  == correct!
8064th result -> 6   correct  ->  6  == correct!
8065th result -> 7   correct  ->  7  == correct!
8066th result -> 8   correct  ->  8  == correct!
8067th result -> 9   correct  ->  9  == correct!
8068th result -> 0   correct  ->  0  == correct!
8069th result -> 1   correct  ->  1  == correct!
8070th result -> 2   correct  ->  2  == correct!
8071th result -> 3   correct  ->  3  == correct!
8072th result -> 4   correct  ->  4  == correct!
8073th result -> 5   correct  ->  5  == correct!
8074th result -> 6   correct  ->  6  == correct!
8075th result -> 7   correct  ->  7  == correct!
8076th result -> 8   correct  ->  8  == correct!
8077th result -> 9   correct  ->  9  == correct!
8078th result -> 0   correct  ->  0  == correct!
8079th result -> 1   correct  ->  1  == correct!
8080th result -> 2   correct  ->  2  == correct!
8081th result -> 3   correct  ->  3  == correct!
8082th result -> 4   correct  ->  4  == correct!
8083th result -> 5   correct  ->  5  == correct!
8084th result -> 6   correct  ->  6  == correct!
8085th result -> 9   correct  ->  9  == correct!
8086th result -> 0   correct  ->  0  == correct!
8087th result -> 1   correct  ->  1  == correct!
8088th result -> 3   correct  ->  3  == correct!
8089th result -> 1   correct  ->  1  == correct!
8090th result -> 5   correct  ->  5  == correct!
8091th result -> 1   correct  ->  1  == correct!
8092th result -> 1   correct  ->  2  == correct!
8093th result -> 4   correct  ->  4  == correct!
8094th result -> 9   correct  ->  9  == correct!
8095th result -> 8   correct  ->  2  == correct!
8096th result -> 8   correct  ->  4  == correct!
8097th result -> 6   correct  ->  6  == correct!
8098th result -> 8   correct  ->  8  == correct!
8099th result -> 0   correct  ->  0  == correct!
8100th result -> 1   correct  ->  1  == correct!
8101th result -> 1   correct  ->  1  == correct!
8102th result -> 9   correct  ->  9  == correct!
8103th result -> 2   correct  ->  2  == correct!
8104th result -> 6   correct  ->  6  == correct!
8105th result -> 6   correct  ->  6  == correct!
8106th result -> 8   correct  ->  8  == correct!
8107th result -> 7   correct  ->  7  == correct!
8108th result -> 4   correct  ->  4  == correct!
8109th result -> 2   correct  ->  2  == correct!
8110th result -> 9   correct  ->  9  == correct!
8111th result -> 7   correct  ->  7  == correct!
8112th result -> 0   correct  ->  0  == correct!
8113th result -> 2   correct  ->  2  == correct!
8114th result -> 1   correct  ->  1  == correct!
8115th result -> 0   correct  ->  0  == correct!
8116th result -> 3   correct  ->  3  == correct!
8117th result -> 6   correct  ->  6  == correct!
8118th result -> 0   correct  ->  0  == correct!
8119th result -> 1   correct  ->  1  == correct!
8120th result -> 2   correct  ->  2  == correct!
8121th result -> 3   correct  ->  3  == correct!
8122th result -> 4   correct  ->  4  == correct!
8123th result -> 5   correct  ->  5  == correct!
8124th result -> 6   correct  ->  6  == correct!
8125th result -> 7   correct  ->  7  == correct!
8126th result -> 8   correct  ->  8  == correct!
8127th result -> 9   correct  ->  9  == correct!
8128th result -> 0   correct  ->  0  == correct!
8129th result -> 1   correct  ->  1  == correct!
8130th result -> 2   correct  ->  2  == correct!
8131th result -> 3   correct  ->  3  == correct!
8132th result -> 4   correct  ->  4  == correct!
8133th result -> 5   correct  ->  5  == correct!
8134th result -> 6   correct  ->  6  == correct!
8135th result -> 7   correct  ->  7  == correct!
8136th result -> 8   correct  ->  8  == correct!
8137th result -> 9   correct  ->  9  == correct!
8138th result -> 0   correct  ->  0  == correct!
8139th result -> 1   correct  ->  1  == correct!
8140th result -> 2   correct  ->  2  == correct!
8141th result -> 3   correct  ->  3  == correct!
8142th result -> 4   correct  ->  4  == correct!
8143th result -> 5   correct  ->  5  == correct!
8144th result -> 6   correct  ->  6  == correct!
8145th result -> 7   correct  ->  7  == correct!
8146th result -> 8   correct  ->  8  == correct!
8147th result -> 9   correct  ->  9  == correct!
8148th result -> 8   correct  ->  8  == correct!
8149th result -> 6   correct  ->  6  == correct!
8150th result -> 5   correct  ->  5  == correct!
8151th result -> 9   correct  ->  9  == correct!
8152th result -> 7   correct  ->  7  == correct!
8153th result -> 0   correct  ->  0  == correct!
8154th result -> 2   correct  ->  2  == correct!
8155th result -> 3   correct  ->  3  == correct!
8156th result -> 4   correct  ->  4  == correct!
8157th result -> 3   correct  ->  3  == correct!
8158th result -> 8   correct  ->  8  == correct!
8159th result -> 5   correct  ->  5  == correct!
8160th result -> 1   correct  ->  1  == correct!
8161th result -> 5   correct  ->  5  == correct!
8162th result -> 2   correct  ->  2  == correct!
8163th result -> 3   correct  ->  3  == correct!
8164th result -> 0   correct  ->  0  == correct!
8165th result -> 1   correct  ->  1  == correct!
8166th result -> 2   correct  ->  2  == correct!
8167th result -> 1   correct  ->  1  == correct!
8168th result -> 3   correct  ->  3  == correct!
8169th result -> 2   correct  ->  2  == correct!
8170th result -> 6   correct  ->  6  == correct!
8171th result -> 5   correct  ->  5  == correct!
8172th result -> 3   correct  ->  3  == correct!
8173th result -> 0   correct  ->  0  == correct!
8174th result -> 7   correct  ->  7  == correct!
8175th result -> 2   correct  ->  2  == correct!
8176th result -> 7   correct  ->  7  == correct!
8177th result -> 4   correct  ->  4  == correct!
8178th result -> 6   correct  ->  6  == correct!
8179th result -> 4   correct  ->  4  == correct!
8180th result -> 0   correct  ->  0  == correct!
8181th result -> 5   correct  ->  5  == correct!
8182th result -> 9   correct  ->  9  == correct!
8183th result -> 9   correct  ->  9  == correct!
8184th result -> 5   correct  ->  8  == correct!
8185th result -> 9   correct  ->  9  == correct!
8186th result -> 5   correct  ->  5  == correct!
8187th result -> 3   correct  ->  3  == correct!
8188th result -> 1   correct  ->  1  == correct!
8189th result -> 7   correct  ->  7  == correct!
8190th result -> 4   correct  ->  4  == correct!
8191th result -> 7   correct  ->  7  == correct!
8192th result -> 6   correct  ->  6  == correct!
8193th result -> 5   correct  ->  5  == correct!
8194th result -> 4   correct  ->  4  == correct!
8195th result -> 0   correct  ->  0  == correct!
8196th result -> 0   correct  ->  0  == correct!
8197th result -> 6   correct  ->  6  == correct!
8198th result -> 6   correct  ->  6  == correct!
8199th result -> 2   correct  ->  2  == correct!
8200th result -> 0   correct  ->  0  == correct!
8201th result -> 6   correct  ->  6  == correct!
8202th result -> 3   correct  ->  3  == correct!
8203th result -> 7   correct  ->  7  == correct!
8204th result -> 7   correct  ->  7  == correct!
8205th result -> 4   correct  ->  4  == correct!
8206th result -> 4   correct  ->  4  == correct!
8207th result -> 3   correct  ->  3  == correct!
8208th result -> 9   correct  ->  9  == correct!
8209th result -> 2   correct  ->  2  == correct!
8210th result -> 8   correct  ->  8  == correct!
8211th result -> 9   correct  ->  9  == correct!
8212th result -> 6   correct  ->  6  == correct!
8213th result -> 0   correct  ->  0  == correct!
8214th result -> 9   correct  ->  9  == correct!
8215th result -> 5   correct  ->  5  == correct!
8216th result -> 3   correct  ->  3  == correct!
8217th result -> 8   correct  ->  8  == correct!
8218th result -> 8   correct  ->  8  == correct!
8219th result -> 7   correct  ->  7  == correct!
8220th result -> 1   correct  ->  1  == correct!
8221th result -> 4   correct  ->  4  == correct!
8222th result -> 0   correct  ->  0  == correct!
8223th result -> 4   correct  ->  4  == correct!
8224th result -> 8   correct  ->  8  == correct!
8225th result -> 5   correct  ->  5  == correct!
8226th result -> 2   correct  ->  2  == correct!
8227th result -> 3   correct  ->  3  == correct!
8228th result -> 9   correct  ->  9  == correct!
8229th result -> 0   correct  ->  0  == correct!
8230th result -> 1   correct  ->  1  == correct!
8231th result -> 9   correct  ->  9  == correct!
8232th result -> 1   correct  ->  1  == correct!
8233th result -> 5   correct  ->  5  == correct!
8234th result -> 1   correct  ->  1  == correct!
8235th result -> 7   correct  ->  7  == correct!
8236th result -> 4   correct  ->  4  == correct!
8237th result -> 8   correct  ->  8  == correct!
8238th result -> 6   correct  ->  6  == correct!
8239th result -> 2   correct  ->  2  == correct!
8240th result -> 1   correct  ->  1  == correct!
8241th result -> 6   correct  ->  6  == correct!
8242th result -> 8   correct  ->  8  == correct!
8243th result -> 8   correct  ->  8  == correct!
8244th result -> 0   correct  ->  0  == correct!
8245th result -> 1   correct  ->  1  == correct!
8246th result -> 2   correct  ->  2  == correct!
8247th result -> 5   correct  ->  3  == correct!
8248th result -> 4   correct  ->  4  == correct!
8249th result -> 7   correct  ->  7  == correct!
8250th result -> 8   correct  ->  8  == correct!
8251th result -> 9   correct  ->  9  == correct!
8252th result -> 0   correct  ->  0  == correct!
8253th result -> 1   correct  ->  1  == correct!
8254th result -> 2   correct  ->  2  == correct!
8255th result -> 3   correct  ->  3  == correct!
8256th result -> 4   correct  ->  4  == correct!
8257th result -> 6   correct  ->  6  == correct!
8258th result -> 7   correct  ->  7  == correct!
8259th result -> 8   correct  ->  8  == correct!
8260th result -> 9   correct  ->  9  == correct!
8261th result -> 0   correct  ->  0  == correct!
8262th result -> 1   correct  ->  1  == correct!
8263th result -> 2   correct  ->  2  == correct!
8264th result -> 3   correct  ->  3  == correct!
8265th result -> 4   correct  ->  4  == correct!
8266th result -> 7   correct  ->  7  == correct!
8267th result -> 8   correct  ->  8  == correct!
8268th result -> 9   correct  ->  9  == correct!
8269th result -> 1   correct  ->  1  == correct!
8270th result -> 4   correct  ->  4  == correct!
8271th result -> 5   correct  ->  5  == correct!
8272th result -> 3   correct  ->  3  == correct!
8273th result -> 3   correct  ->  3  == correct!
8274th result -> 7   correct  ->  0  == correct!
8275th result -> 9   correct  ->  9  == correct!
8276th result -> 5   correct  ->  5  == correct!
8277th result -> 4   correct  ->  4  == correct!
8278th result -> 5   correct  ->  3  == correct!
8279th result -> 0   correct  ->  0  == correct!
8280th result -> 8   correct  ->  8  == correct!
8281th result -> 4   correct  ->  4  == correct!
8282th result -> 6   correct  ->  6  == correct!
8283th result -> 7   correct  ->  7  == correct!
8284th result -> 0   correct  ->  0  == correct!
8285th result -> 7   correct  ->  7  == correct!
8286th result -> 7   correct  ->  7  == correct!
8287th result -> 1   correct  ->  1  == correct!
8288th result -> 6   correct  ->  6  == correct!
8289th result -> 9   correct  ->  9  == correct!
8290th result -> 1   correct  ->  1  == correct!
8291th result -> 3   correct  ->  3  == correct!
8292th result -> 6   correct  ->  6  == correct!
8293th result -> 2   correct  ->  2  == correct!
8294th result -> 3   correct  ->  3  == correct!
8295th result -> 8   correct  ->  8  == correct!
8296th result -> 2   correct  ->  2  == correct!
8297th result -> 3   correct  ->  3  == correct!
8298th result -> 8   correct  ->  8  == correct!
8299th result -> 9   correct  ->  9  == correct!
8300th result -> 5   correct  ->  5  == correct!
8301th result -> 8   correct  ->  8  == correct!
8302th result -> 8   correct  ->  8  == correct!
8303th result -> 7   correct  ->  7  == correct!
8304th result -> 1   correct  ->  1  == correct!
8305th result -> 7   correct  ->  7  == correct!
8306th result -> 1   correct  ->  1  == correct!
8307th result -> 1   correct  ->  1  == correct!
8308th result -> 0   correct  ->  0  == correct!
8309th result -> 3   correct  ->  3  == correct!
8310th result -> 4   correct  ->  4  == correct!
8311th result -> 2   correct  ->  2  == correct!
8312th result -> 6   correct  ->  6  == correct!
8313th result -> 4   correct  ->  4  == correct!
8314th result -> 7   correct  ->  7  == correct!
8315th result -> 4   correct  ->  4  == correct!
8316th result -> 2   correct  ->  2  == correct!
8317th result -> 7   correct  ->  7  == correct!
8318th result -> 4   correct  ->  4  == correct!
8319th result -> 2   correct  ->  2  == correct!
8320th result -> 9   correct  ->  9  == correct!
8321th result -> 2   correct  ->  2  == correct!
8322th result -> 7   correct  ->  7  == correct!
8323th result -> 9   correct  ->  9  == correct!
8324th result -> 2   correct  ->  2  == correct!
8325th result -> 1   correct  ->  1  == correct!
8326th result -> 6   correct  ->  0  == correct!
8327th result -> 6   correct  ->  6  == correct!
8328th result -> 5   correct  ->  5  == correct!
8329th result -> 3   correct  ->  3  == correct!
8330th result -> 4   correct  ->  4  == correct!
8331th result -> 8   correct  ->  8  == correct!
8332th result -> 5   correct  ->  5  == correct!
8333th result -> 7   correct  ->  9  == correct!
8334th result -> 6   correct  ->  6  == correct!
8335th result -> 9   correct  ->  9  == correct!
8336th result -> 0   correct  ->  0  == correct!
8337th result -> 6   correct  ->  6  == correct!
8338th result -> 3   correct  ->  3  == correct!
8339th result -> 0   correct  ->  0  == correct!
8340th result -> 6   correct  ->  8  == correct!
8341th result -> 1   correct  ->  1  == correct!
8342th result -> 6   correct  ->  6  == correct!
8343th result -> 0   correct  ->  0  == correct!
8344th result -> 0   correct  ->  0  == correct!
8345th result -> 1   correct  ->  1  == correct!
8346th result -> 2   correct  ->  2  == correct!
8347th result -> 3   correct  ->  3  == correct!
8348th result -> 4   correct  ->  4  == correct!
8349th result -> 5   correct  ->  5  == correct!
8350th result -> 6   correct  ->  6  == correct!
8351th result -> 7   correct  ->  7  == correct!
8352th result -> 0   correct  ->  0  == correct!
8353th result -> 1   correct  ->  1  == correct!
8354th result -> 2   correct  ->  2  == correct!
8355th result -> 3   correct  ->  3  == correct!
8356th result -> 4   correct  ->  4  == correct!
8357th result -> 7   correct  ->  7  == correct!
8358th result -> 8   correct  ->  8  == correct!
8359th result -> 9   correct  ->  9  == correct!
8360th result -> 0   correct  ->  0  == correct!
8361th result -> 1   correct  ->  1  == correct!
8362th result -> 2   correct  ->  2  == correct!
8363th result -> 3   correct  ->  3  == correct!
8364th result -> 4   correct  ->  4  == correct!
8365th result -> 7   correct  ->  7  == correct!
8366th result -> 2   correct  ->  2  == correct!
8367th result -> 5   correct  ->  5  == correct!
8368th result -> 1   correct  ->  1  == correct!
8369th result -> 6   correct  ->  6  == correct!
8370th result -> 4   correct  ->  4  == correct!
8371th result -> 3   correct  ->  3  == correct!
8372th result -> 9   correct  ->  9  == correct!
8373th result -> 9   correct  ->  9  == correct!
8374th result -> 0   correct  ->  0  == correct!
8375th result -> 9   correct  ->  9  == correct!
8376th result -> 7   correct  ->  7  == correct!
8377th result -> 1   correct  ->  1  == correct!
8378th result -> 6   correct  ->  6  == correct!
8379th result -> 4   correct  ->  4  == correct!
8380th result -> 3   correct  ->  3  == correct!
8381th result -> 6   correct  ->  6  == correct!
8382th result -> 2   correct  ->  2  == correct!
8383th result -> 0   correct  ->  0  == correct!
8384th result -> 9   correct  ->  9  == correct!
8385th result -> 8   correct  ->  8  == correct!
8386th result -> 6   correct  ->  6  == correct!
8387th result -> 5   correct  ->  5  == correct!
8388th result -> 7   correct  ->  7  == correct!
8389th result -> 0   correct  ->  0  == correct!
8390th result -> 0   correct  ->  0  == correct!
8391th result -> 1   correct  ->  1  == correct!
8392th result -> 7   correct  ->  7  == correct!
8393th result -> 4   correct  ->  4  == correct!
8394th result -> 3   correct  ->  3  == correct!
8395th result -> 2   correct  ->  2  == correct!
8396th result -> 4   correct  ->  4  == correct!
8397th result -> 1   correct  ->  1  == correct!
8398th result -> 3   correct  ->  3  == correct!
8399th result -> 7   correct  ->  7  == correct!
8400th result -> 6   correct  ->  6  == correct!
8401th result -> 4   correct  ->  4  == correct!
8402th result -> 7   correct  ->  7  == correct!
8403th result -> 7   correct  ->  7  == correct!
8404th result -> 7   correct  ->  7  == correct!
8405th result -> 9   correct  ->  9  == correct!
8406th result -> 8   correct  ->  8  == correct!
8407th result -> 4   correct  ->  4  == correct!
8408th result -> 3   correct  ->  3  == correct!
8409th result -> 6   correct  ->  8  == correct!
8410th result -> 2   correct  ->  2  == correct!
8411th result -> 6   correct  ->  8  == correct!
8412th result -> 3   correct  ->  3  == correct!
8413th result -> 5   correct  ->  5  == correct!
8414th result -> 8   correct  ->  8  == correct!
8415th result -> 0   correct  ->  0  == correct!
8416th result -> 5   correct  ->  5  == correct!
8417th result -> 4   correct  ->  4  == correct!
8418th result -> 7   correct  ->  7  == correct!
8419th result -> 1   correct  ->  1  == correct!
8420th result -> 3   correct  ->  3  == correct!
8421th result -> 1   correct  ->  1  == correct!
8422th result -> 7   correct  ->  7  == correct!
8423th result -> 9   correct  ->  9  == correct!
8424th result -> 6   correct  ->  6  == correct!
8425th result -> 2   correct  ->  2  == correct!
8426th result -> 0   correct  ->  0  == correct!
8427th result -> 9   correct  ->  9  == correct!
8428th result -> 1   correct  ->  1  == correct!
8429th result -> 7   correct  ->  7  == correct!
8430th result -> 3   correct  ->  3  == correct!
8431th result -> 3   correct  ->  3  == correct!
8432th result -> 9   correct  ->  9  == correct!
8433th result -> 1   correct  ->  1  == correct!
8434th result -> 6   correct  ->  6  == correct!
8435th result -> 4   correct  ->  4  == correct!
8436th result -> 3   correct  ->  3  == correct!
8437th result -> 9   correct  ->  9  == correct!
8438th result -> 8   correct  ->  8  == correct!
8439th result -> 2   correct  ->  2  == correct!
8440th result -> 1   correct  ->  1  == correct!
8441th result -> 8   correct  ->  8  == correct!
8442th result -> 6   correct  ->  6  == correct!
8443th result -> 4   correct  ->  4  == correct!
8444th result -> 1   correct  ->  1  == correct!
8445th result -> 5   correct  ->  5  == correct!
8446th result -> 5   correct  ->  5  == correct!
8447th result -> 6   correct  ->  6  == correct!
8448th result -> 5   correct  ->  5  == correct!
8449th result -> 0   correct  ->  0  == correct!
8450th result -> 1   correct  ->  1  == correct!
8451th result -> 2   correct  ->  2  == correct!
8452th result -> 3   correct  ->  3  == correct!
8453th result -> 4   correct  ->  4  == correct!
8454th result -> 5   correct  ->  5  == correct!
8455th result -> 6   correct  ->  6  == correct!
8456th result -> 7   correct  ->  7  == correct!
8457th result -> 8   correct  ->  8  == correct!
8458th result -> 9   correct  ->  9  == correct!
8459th result -> 0   correct  ->  0  == correct!
8460th result -> 1   correct  ->  1  == correct!
8461th result -> 2   correct  ->  2  == correct!
8462th result -> 3   correct  ->  3  == correct!
8463th result -> 4   correct  ->  4  == correct!
8464th result -> 5   correct  ->  5  == correct!
8465th result -> 6   correct  ->  6  == correct!
8466th result -> 7   correct  ->  7  == correct!
8467th result -> 8   correct  ->  8  == correct!
8468th result -> 9   correct  ->  9  == correct!
8469th result -> 0   correct  ->  0  == correct!
8470th result -> 1   correct  ->  1  == correct!
8471th result -> 2   correct  ->  2  == correct!
8472th result -> 3   correct  ->  3  == correct!
8473th result -> 4   correct  ->  4  == correct!
8474th result -> 5   correct  ->  5  == correct!
8475th result -> 6   correct  ->  6  == correct!
8476th result -> 7   correct  ->  7  == correct!
8477th result -> 8   correct  ->  8  == correct!
8478th result -> 9   correct  ->  9  == correct!
8479th result -> 6   correct  ->  6  == correct!
8480th result -> 9   correct  ->  9  == correct!
8481th result -> 7   correct  ->  7  == correct!
8482th result -> 0   correct  ->  0  == correct!
8483th result -> 2   correct  ->  2  == correct!
8484th result -> 3   correct  ->  3  == correct!
8485th result -> 4   correct  ->  4  == correct!
8486th result -> 3   correct  ->  3  == correct!
8487th result -> 8   correct  ->  8  == correct!
8488th result -> 5   correct  ->  5  == correct!
8489th result -> 1   correct  ->  1  == correct!
8490th result -> 3   correct  ->  3  == correct!
8491th result -> 0   correct  ->  0  == correct!
8492th result -> 1   correct  ->  1  == correct!
8493th result -> 2   correct  ->  2  == correct!
8494th result -> 1   correct  ->  1  == correct!
8495th result -> 3   correct  ->  3  == correct!
8496th result -> 2   correct  ->  2  == correct!
8497th result -> 0   correct  ->  0  == correct!
8498th result -> 7   correct  ->  7  == correct!
8499th result -> 2   correct  ->  2  == correct!
8500th result -> 6   correct  ->  6  == correct!
8501th result -> 4   correct  ->  4  == correct!
8502th result -> 0   correct  ->  0  == correct!
8503th result -> 5   correct  ->  5  == correct!
8504th result -> 9   correct  ->  9  == correct!
8505th result -> 9   correct  ->  9  == correct!
8506th result -> 8   correct  ->  8  == correct!
8507th result -> 9   correct  ->  9  == correct!
8508th result -> 5   correct  ->  5  == correct!
8509th result -> 3   correct  ->  3  == correct!
8510th result -> 1   correct  ->  1  == correct!
8511th result -> 7   correct  ->  7  == correct!
8512th result -> 4   correct  ->  4  == correct!
8513th result -> 7   correct  ->  7  == correct!
8514th result -> 0   correct  ->  0  == correct!
8515th result -> 0   correct  ->  0  == correct!
8516th result -> 6   correct  ->  6  == correct!
8517th result -> 6   correct  ->  6  == correct!
8518th result -> 6   correct  ->  6  == correct!
8519th result -> 3   correct  ->  3  == correct!
8520th result -> 7   correct  ->  7  == correct!
8521th result -> 9   correct  ->  4  == correct!
8522th result -> 2   correct  ->  2  == correct!
8523th result -> 8   correct  ->  8  == correct!
8524th result -> 9   correct  ->  9  == correct!
8525th result -> 8   correct  ->  8  == correct!
8526th result -> 7   correct  ->  7  == correct!
8527th result -> 1   correct  ->  1  == correct!
8528th result -> 4   correct  ->  4  == correct!
8529th result -> 0   correct  ->  0  == correct!
8530th result -> 4   correct  ->  4  == correct!
8531th result -> 8   correct  ->  8  == correct!
8532th result -> 5   correct  ->  5  == correct!
8533th result -> 2   correct  ->  2  == correct!
8534th result -> 3   correct  ->  3  == correct!
8535th result -> 9   correct  ->  9  == correct!
8536th result -> 0   correct  ->  0  == correct!
8537th result -> 1   correct  ->  1  == correct!
8538th result -> 9   correct  ->  9  == correct!
8539th result -> 1   correct  ->  1  == correct!
8540th result -> 5   correct  ->  5  == correct!
8541th result -> 1   correct  ->  1  == correct!
8542th result -> 7   correct  ->  7  == correct!
8543th result -> 6   correct  ->  6  == correct!
8544th result -> 1   correct  ->  1  == correct!
8545th result -> 2   correct  ->  2  == correct!
8546th result -> 1   correct  ->  1  == correct!
8547th result -> 6   correct  ->  6  == correct!
8548th result -> 8   correct  ->  8  == correct!
8549th result -> 0   correct  ->  0  == correct!
8550th result -> 1   correct  ->  1  == correct!
8551th result -> 2   correct  ->  2  == correct!
8552th result -> 3   correct  ->  3  == correct!
8553th result -> 4   correct  ->  4  == correct!
8554th result -> 5   correct  ->  5  == correct!
8555th result -> 6   correct  ->  6  == correct!
8556th result -> 7   correct  ->  7  == correct!
8557th result -> 8   correct  ->  8  == correct!
8558th result -> 9   correct  ->  9  == correct!
8559th result -> 0   correct  ->  0  == correct!
8560th result -> 1   correct  ->  1  == correct!
8561th result -> 2   correct  ->  2  == correct!
8562th result -> 3   correct  ->  3  == correct!
8563th result -> 4   correct  ->  4  == correct!
8564th result -> 5   correct  ->  5  == correct!
8565th result -> 6   correct  ->  6  == correct!
8566th result -> 7   correct  ->  7  == correct!
8567th result -> 8   correct  ->  8  == correct!
8568th result -> 0   correct  ->  0  == correct!
8569th result -> 1   correct  ->  1  == correct!
8570th result -> 2   correct  ->  2  == correct!
8571th result -> 3   correct  ->  3  == correct!
8572th result -> 5   correct  ->  5  == correct!
8573th result -> 6   correct  ->  6  == correct!
8574th result -> 7   correct  ->  7  == correct!
8575th result -> 8   correct  ->  8  == correct!
8576th result -> 1   correct  ->  1  == correct!
8577th result -> 0   correct  ->  0  == correct!
8578th result -> 4   correct  ->  4  == correct!
8579th result -> 5   correct  ->  5  == correct!
8580th result -> 6   correct  ->  6  == correct!
8581th result -> 6   correct  ->  6  == correct!
8582th result -> 3   correct  ->  3  == correct!
8583th result -> 4   correct  ->  4  == correct!
8584th result -> 4   correct  ->  4  == correct!
8585th result -> 2   correct  ->  2  == correct!
8586th result -> 8   correct  ->  8  == correct!
8587th result -> 1   correct  ->  1  == correct!
8588th result -> 0   correct  ->  0  == correct!
8589th result -> 6   correct  ->  6  == correct!
8590th result -> 4   correct  ->  4  == correct!
8591th result -> 9   correct  ->  9  == correct!
8592th result -> 7   correct  ->  7  == correct!
8593th result -> 2   correct  ->  2  == correct!
8594th result -> 9   correct  ->  9  == correct!
8595th result -> 2   correct  ->  2  == correct!
8596th result -> 0   correct  ->  0  == correct!
8597th result -> 9   correct  ->  9  == correct!
8598th result -> 3   correct  ->  3  == correct!
8599th result -> 3   correct  ->  3  == correct!
8600th result -> 9   correct  ->  9  == correct!
8601th result -> 1   correct  ->  1  == correct!
8602th result -> 5   correct  ->  5  == correct!
8603th result -> 2   correct  ->  2  == correct!
8604th result -> 3   correct  ->  3  == correct!
8605th result -> 1   correct  ->  1  == correct!
8606th result -> 6   correct  ->  6  == correct!
8607th result -> 7   correct  ->  7  == correct!
8608th result -> 3   correct  ->  3  == correct!
8609th result -> 7   correct  ->  7  == correct!
8610th result -> 8   correct  ->  8  == correct!
8611th result -> 4   correct  ->  4  == correct!
8612th result -> 0   correct  ->  0  == correct!
8613th result -> 2   correct  ->  2  == correct!
8614th result -> 4   correct  ->  4  == correct!
8615th result -> 0   correct  ->  0  == correct!
8616th result -> 2   correct  ->  2  == correct!
8617th result -> 4   correct  ->  4  == correct!
8618th result -> 7   correct  ->  7  == correct!
8619th result -> 8   correct  ->  8  == correct!
8620th result -> 0   correct  ->  0  == correct!
8621th result -> 7   correct  ->  7  == correct!
8622th result -> 0   correct  ->  0  == correct!
8623th result -> 6   correct  ->  6  == correct!
8624th result -> 9   correct  ->  9  == correct!
8625th result -> 3   correct  ->  3  == correct!
8626th result -> 2   correct  ->  2  == correct!
8627th result -> 4   correct  ->  4  == correct!
8628th result -> 8   correct  ->  8  == correct!
8629th result -> 6   correct  ->  6  == correct!
8630th result -> 0   correct  ->  0  == correct!
8631th result -> 5   correct  ->  5  == correct!
8632th result -> 7   correct  ->  7  == correct!
8633th result -> 5   correct  ->  5  == correct!
8634th result -> 1   correct  ->  1  == correct!
8635th result -> 0   correct  ->  0  == correct!
8636th result -> 8   correct  ->  8  == correct!
8637th result -> 1   correct  ->  1  == correct!
8638th result -> 6   correct  ->  6  == correct!
8639th result -> 7   correct  ->  7  == correct!
8640th result -> 2   correct  ->  2  == correct!
8641th result -> 9   correct  ->  9  == correct!
8642th result -> 7   correct  ->  7  == correct!
8643th result -> 9   correct  ->  9  == correct!
8644th result -> 5   correct  ->  5  == correct!
8645th result -> 6   correct  ->  6  == correct!
8646th result -> 5   correct  ->  5  == correct!
8647th result -> 2   correct  ->  2  == correct!
8648th result -> 6   correct  ->  6  == correct!
8649th result -> 2   correct  ->  2  == correct!
8650th result -> 8   correct  ->  8  == correct!
8651th result -> 1   correct  ->  1  == correct!
8652th result -> 7   correct  ->  7  == correct!
8653th result -> 5   correct  ->  5  == correct!
8654th result -> 5   correct  ->  5  == correct!
8655th result -> 7   correct  ->  7  == correct!
8656th result -> 3   correct  ->  3  == correct!
8657th result -> 5   correct  ->  5  == correct!
8658th result -> 0   correct  ->  0  == correct!
8659th result -> 1   correct  ->  1  == correct!
8660th result -> 1   correct  ->  1  == correct!
8661th result -> 3   correct  ->  3  == correct!
8662th result -> 8   correct  ->  8  == correct!
8663th result -> 4   correct  ->  4  == correct!
8664th result -> 9   correct  ->  9  == correct!
8665th result -> 4   correct  ->  4  == correct!
8666th result -> 5   correct  ->  5  == correct!
8667th result -> 1   correct  ->  1  == correct!
8668th result -> 8   correct  ->  8  == correct!
8669th result -> 6   correct  ->  6  == correct!
8670th result -> 8   correct  ->  8  == correct!
8671th result -> 9   correct  ->  9  == correct!
8672th result -> 0   correct  ->  0  == correct!
8673th result -> 1   correct  ->  1  == correct!
8674th result -> 2   correct  ->  2  == correct!
8675th result -> 3   correct  ->  3  == correct!
8676th result -> 4   correct  ->  4  == correct!
8677th result -> 5   correct  ->  5  == correct!
8678th result -> 6   correct  ->  6  == correct!
8679th result -> 7   correct  ->  7  == correct!
8680th result -> 8   correct  ->  8  == correct!
8681th result -> 9   correct  ->  9  == correct!
8682th result -> 0   correct  ->  0  == correct!
8683th result -> 1   correct  ->  1  == correct!
8684th result -> 2   correct  ->  2  == correct!
8685th result -> 3   correct  ->  3  == correct!
8686th result -> 4   correct  ->  4  == correct!
8687th result -> 5   correct  ->  5  == correct!
8688th result -> 6   correct  ->  6  == correct!
8689th result -> 7   correct  ->  7  == correct!
8690th result -> 8   correct  ->  8  == correct!
8691th result -> 9   correct  ->  9  == correct!
8692th result -> 0   correct  ->  0  == correct!
8693th result -> 1   correct  ->  1  == correct!
8694th result -> 2   correct  ->  2  == correct!
8695th result -> 3   correct  ->  3  == correct!
8696th result -> 4   correct  ->  4  == correct!
8697th result -> 5   correct  ->  5  == correct!
8698th result -> 6   correct  ->  6  == correct!
8699th result -> 7   correct  ->  7  == correct!
8700th result -> 8   correct  ->  8  == correct!
8701th result -> 9   correct  ->  9  == correct!
8702th result -> 3   correct  ->  3  == correct!
8703th result -> 5   correct  ->  5  == correct!
8704th result -> 3   correct  ->  3  == correct!
8705th result -> 2   correct  ->  2  == correct!
8706th result -> 9   correct  ->  9  == correct!
8707th result -> 3   correct  ->  3  == correct!
8708th result -> 2   correct  ->  2  == correct!
8709th result -> 1   correct  ->  1  == correct!
8710th result -> 4   correct  ->  4  == correct!
8711th result -> 5   correct  ->  5  == correct!
8712th result -> 5   correct  ->  5  == correct!
8713th result -> 2   correct  ->  2  == correct!
8714th result -> 3   correct  ->  3  == correct!
8715th result -> 2   correct  ->  2  == correct!
8716th result -> 1   correct  ->  1  == correct!
8717th result -> 3   correct  ->  3  == correct!
8718th result -> 9   correct  ->  9  == correct!
8719th result -> 7   correct  ->  7  == correct!
8720th result -> 2   correct  ->  2  == correct!
8721th result -> 1   correct  ->  1  == correct!
8722th result -> 2   correct  ->  2  == correct!
8723th result -> 8   correct  ->  8  == correct!
8724th result -> 9   correct  ->  9  == correct!
8725th result -> 1   correct  ->  1  == correct!
8726th result -> 8   correct  ->  8  == correct!
8727th result -> 8   correct  ->  8  == correct!
8728th result -> 7   correct  ->  7  == correct!
8729th result -> 8   correct  ->  8  == correct!
8730th result -> 1   correct  ->  1  == correct!
8731th result -> 0   correct  ->  0  == correct!
8732th result -> 0   correct  ->  0  == correct!
8733th result -> 6   correct  ->  6  == correct!
8734th result -> 7   correct  ->  7  == correct!
8735th result -> 7   correct  ->  7  == correct!
8736th result -> 8   correct  ->  8  == correct!
8737th result -> 7   correct  ->  7  == correct!
8738th result -> 5   correct  ->  5  == correct!
8739th result -> 0   correct  ->  0  == correct!
8740th result -> 6   correct  ->  6  == correct!
8741th result -> 1   correct  ->  1  == correct!
8742th result -> 5   correct  ->  5  == correct!
8743th result -> 7   correct  ->  7  == correct!
8744th result -> 4   correct  ->  4  == correct!
8745th result -> 6   correct  ->  6  == correct!
8746th result -> 1   correct  ->  1  == correct!
8747th result -> 2   correct  ->  2  == correct!
8748th result -> 5   correct  ->  5  == correct!
8749th result -> 0   correct  ->  0  == correct!
8750th result -> 7   correct  ->  7  == correct!
8751th result -> 9   correct  ->  9  == correct!
8752th result -> 9   correct  ->  9  == correct!
8753th result -> 0   correct  ->  0  == correct!
8754th result -> 3   correct  ->  3  == correct!
8755th result -> 4   correct  ->  4  == correct!
8756th result -> 4   correct  ->  4  == correct!
8757th result -> 8   correct  ->  8  == correct!
8758th result -> 4   correct  ->  4  == correct!
8759th result -> 1   correct  ->  1  == correct!
8760th result -> 8   correct  ->  8  == correct!
8761th result -> 6   correct  ->  6  == correct!
8762th result -> 5   correct  ->  5  == correct!
8763th result -> 9   correct  ->  9  == correct!
8764th result -> 0   correct  ->  0  == correct!
8765th result -> 0   correct  ->  0  == correct!
8766th result -> 0   correct  ->  0  == correct!
8767th result -> 3   correct  ->  3  == correct!
8768th result -> 7   correct  ->  7  == correct!
8769th result -> 1   correct  ->  1  == correct!
8770th result -> 6   correct  ->  6  == correct!
8771th result -> 4   correct  ->  4  == correct!
8772th result -> 6   correct  ->  6  == correct!
8773th result -> 0   correct  ->  0  == correct!
8774th result -> 4   correct  ->  4  == correct!
8775th result -> 5   correct  ->  5  == correct!
8776th result -> 4   correct  ->  4  == correct!
8777th result -> 1   correct  ->  1  == correct!
8778th result -> 3   correct  ->  3  == correct!
8779th result -> 8   correct  ->  8  == correct!
8780th result -> 6   correct  ->  6  == correct!
8781th result -> 3   correct  ->  3  == correct!
8782th result -> 9   correct  ->  9  == correct!
8783th result -> 9   correct  ->  9  == correct!
8784th result -> 5   correct  ->  5  == correct!
8785th result -> 9   correct  ->  9  == correct!
8786th result -> 3   correct  ->  3  == correct!
8787th result -> 7   correct  ->  7  == correct!
8788th result -> 8   correct  ->  8  == correct!
8789th result -> 5   correct  ->  5  == correct!
8790th result -> 6   correct  ->  6  == correct!
8791th result -> 4   correct  ->  4  == correct!
8792th result -> 7   correct  ->  7  == correct!
8793th result -> 6   correct  ->  6  == correct!
8794th result -> 2   correct  ->  2  == correct!
8795th result -> 2   correct  ->  2  == correct!
8796th result -> 0   correct  ->  0  == correct!
8797th result -> 9   correct  ->  9  == correct!
8798th result -> 4   correct  ->  4  == correct!
8799th result -> 0   correct  ->  0  == correct!
8800th result -> 1   correct  ->  1  == correct!
8801th result -> 2   correct  ->  2  == correct!
8802th result -> 3   correct  ->  3  == correct!
8803th result -> 4   correct  ->  4  == correct!
8804th result -> 5   correct  ->  5  == correct!
8805th result -> 6   correct  ->  6  == correct!
8806th result -> 7   correct  ->  7  == correct!
8807th result -> 8   correct  ->  8  == correct!
8808th result -> 9   correct  ->  9  == correct!
8809th result -> 0   correct  ->  0  == correct!
8810th result -> 1   correct  ->  1  == correct!
8811th result -> 2   correct  ->  2  == correct!
8812th result -> 3   correct  ->  3  == correct!
8813th result -> 4   correct  ->  4  == correct!
8814th result -> 5   correct  ->  5  == correct!
8815th result -> 6   correct  ->  6  == correct!
8816th result -> 7   correct  ->  7  == correct!
8817th result -> 8   correct  ->  8  == correct!
8818th result -> 9   correct  ->  9  == correct!
8819th result -> 0   correct  ->  0  == correct!
8820th result -> 1   correct  ->  1  == correct!
8821th result -> 2   correct  ->  2  == correct!
8822th result -> 3   correct  ->  3  == correct!
8823th result -> 4   correct  ->  4  == correct!
8824th result -> 5   correct  ->  5  == correct!
8825th result -> 6   correct  ->  6  == correct!
8826th result -> 7   correct  ->  7  == correct!
8827th result -> 8   correct  ->  8  == correct!
8828th result -> 9   correct  ->  9  == correct!
8829th result -> 6   correct  ->  6  == correct!
8830th result -> 4   correct  ->  4  == correct!
8831th result -> 2   correct  ->  2  == correct!
8832th result -> 6   correct  ->  6  == correct!
8833th result -> 4   correct  ->  4  == correct!
8834th result -> 7   correct  ->  7  == correct!
8835th result -> 5   correct  ->  5  == correct!
8836th result -> 5   correct  ->  5  == correct!
8837th result -> 4   correct  ->  4  == correct!
8838th result -> 7   correct  ->  7  == correct!
8839th result -> 2   correct  ->  2  == correct!
8840th result -> 9   correct  ->  9  == correct!
8841th result -> 3   correct  ->  3  == correct!
8842th result -> 9   correct  ->  9  == correct!
8843th result -> 3   correct  ->  3  == correct!
8844th result -> 8   correct  ->  8  == correct!
8845th result -> 2   correct  ->  2  == correct!
8846th result -> 0   correct  ->  0  == correct!
8847th result -> 9   correct  ->  9  == correct!
8848th result -> 5   correct  ->  5  == correct!
8849th result -> 6   correct  ->  6  == correct!
8850th result -> 0   correct  ->  0  == correct!
8851th result -> 1   correct  ->  1  == correct!
8852th result -> 0   correct  ->  0  == correct!
8853th result -> 6   correct  ->  6  == correct!
8854th result -> 5   correct  ->  5  == correct!
8855th result -> 3   correct  ->  3  == correct!
8856th result -> 5   correct  ->  5  == correct!
8857th result -> 3   correct  ->  3  == correct!
8858th result -> 8   correct  ->  8  == correct!
8859th result -> 0   correct  ->  0  == correct!
8860th result -> 0   correct  ->  0  == correct!
8861th result -> 3   correct  ->  3  == correct!
8862th result -> 4   correct  ->  4  == correct!
8863th result -> 1   correct  ->  1  == correct!
8864th result -> 5   correct  ->  5  == correct!
8865th result -> 3   correct  ->  3  == correct!
8866th result -> 0   correct  ->  0  == correct!
8867th result -> 8   correct  ->  8  == correct!
8868th result -> 3   correct  ->  3  == correct!
8869th result -> 0   correct  ->  0  == correct!
8870th result -> 6   correct  ->  6  == correct!
8871th result -> 2   correct  ->  2  == correct!
8872th result -> 7   correct  ->  7  == correct!
8873th result -> 8   correct  ->  8  == correct!
8874th result -> 1   correct  ->  1  == correct!
8875th result -> 7   correct  ->  7  == correct!
8876th result -> 1   correct  ->  1  == correct!
8877th result -> 3   correct  ->  3  == correct!
8878th result -> 8   correct  ->  8  == correct!
8879th result -> 5   correct  ->  5  == correct!
8880th result -> 4   correct  ->  4  == correct!
8881th result -> 2   correct  ->  2  == correct!
8882th result -> 0   correct  ->  0  == correct!
8883th result -> 9   correct  ->  9  == correct!
8884th result -> 7   correct  ->  7  == correct!
8885th result -> 6   correct  ->  6  == correct!
8886th result -> 7   correct  ->  7  == correct!
8887th result -> 4   correct  ->  4  == correct!
8888th result -> 1   correct  ->  1  == correct!
8889th result -> 6   correct  ->  6  == correct!
8890th result -> 2   correct  ->  2  == correct!
8891th result -> 6   correct  ->  6  == correct!
8892th result -> 7   correct  ->  7  == correct!
8893th result -> 1   correct  ->  1  == correct!
8894th result -> 9   correct  ->  9  == correct!
8895th result -> 8   correct  ->  8  == correct!
8896th result -> 0   correct  ->  0  == correct!
8897th result -> 6   correct  ->  6  == correct!
8898th result -> 9   correct  ->  9  == correct!
8899th result -> 4   correct  ->  4  == correct!
8900th result -> 9   correct  ->  9  == correct!
8901th result -> 9   correct  ->  9  == correct!
8902th result -> 6   correct  ->  6  == correct!
8903th result -> 2   correct  ->  2  == correct!
8904th result -> 3   correct  ->  3  == correct!
8905th result -> 7   correct  ->  7  == correct!
8906th result -> 1   correct  ->  1  == correct!
8907th result -> 9   correct  ->  9  == correct!
8908th result -> 2   correct  ->  2  == correct!
8909th result -> 2   correct  ->  2  == correct!
8910th result -> 5   correct  ->  5  == correct!
8911th result -> 3   correct  ->  3  == correct!
8912th result -> 7   correct  ->  7  == correct!
8913th result -> 8   correct  ->  8  == correct!
8914th result -> 0   correct  ->  0  == correct!
8915th result -> 1   correct  ->  1  == correct!
8916th result -> 2   correct  ->  2  == correct!
8917th result -> 3   correct  ->  3  == correct!
8918th result -> 4   correct  ->  4  == correct!
8919th result -> 7   correct  ->  7  == correct!
8920th result -> 8   correct  ->  8  == correct!
8921th result -> 9   correct  ->  9  == correct!
8922th result -> 0   correct  ->  0  == correct!
8923th result -> 1   correct  ->  1  == correct!
8924th result -> 2   correct  ->  2  == correct!
8925th result -> 3   correct  ->  3  == correct!
8926th result -> 4   correct  ->  4  == correct!
8927th result -> 7   correct  ->  7  == correct!
8928th result -> 8   correct  ->  8  == correct!
8929th result -> 9   correct  ->  9  == correct!
8930th result -> 0   correct  ->  0  == correct!
8931th result -> 1   correct  ->  1  == correct!
8932th result -> 7   correct  ->  7  == correct!
8933th result -> 8   correct  ->  8  == correct!
8934th result -> 9   correct  ->  9  == correct!
8935th result -> 8   correct  ->  8  == correct!
8936th result -> 9   correct  ->  9  == correct!
8937th result -> 2   correct  ->  2  == correct!
8938th result -> 6   correct  ->  6  == correct!
8939th result -> 1   correct  ->  1  == correct!
8940th result -> 3   correct  ->  3  == correct!
8941th result -> 5   correct  ->  5  == correct!
8942th result -> 4   correct  ->  4  == correct!
8943th result -> 8   correct  ->  8  == correct!
8944th result -> 2   correct  ->  2  == correct!
8945th result -> 6   correct  ->  6  == correct!
8946th result -> 4   correct  ->  4  == correct!
8947th result -> 3   correct  ->  3  == correct!
8948th result -> 4   correct  ->  4  == correct!
8949th result -> 5   correct  ->  5  == correct!
8950th result -> 9   correct  ->  9  == correct!
8951th result -> 2   correct  ->  2  == correct!
8952th result -> 0   correct  ->  0  == correct!
8953th result -> 3   correct  ->  3  == correct!
8954th result -> 9   correct  ->  9  == correct!
8955th result -> 4   correct  ->  4  == correct!
8956th result -> 9   correct  ->  9  == correct!
8957th result -> 7   correct  ->  7  == correct!
8958th result -> 3   correct  ->  3  == correct!
8959th result -> 8   correct  ->  8  == correct!
8960th result -> 7   correct  ->  7  == correct!
8961th result -> 4   correct  ->  4  == correct!
8962th result -> 4   correct  ->  4  == correct!
8963th result -> 9   correct  ->  9  == correct!
8964th result -> 8   correct  ->  8  == correct!
8965th result -> 5   correct  ->  5  == correct!
8966th result -> 8   correct  ->  8  == correct!
8967th result -> 2   correct  ->  2  == correct!
8968th result -> 6   correct  ->  6  == correct!
8969th result -> 6   correct  ->  6  == correct!
8970th result -> 2   correct  ->  2  == correct!
8971th result -> 3   correct  ->  3  == correct!
8972th result -> 1   correct  ->  1  == correct!
8973th result -> 3   correct  ->  3  == correct!
8974th result -> 2   correct  ->  2  == correct!
8975th result -> 7   correct  ->  7  == correct!
8976th result -> 3   correct  ->  3  == correct!
8977th result -> 1   correct  ->  1  == correct!
8978th result -> 9   correct  ->  9  == correct!
8979th result -> 0   correct  ->  0  == correct!
8980th result -> 1   correct  ->  1  == correct!
8981th result -> 1   correct  ->  1  == correct!
8982th result -> 3   correct  ->  3  == correct!
8983th result -> 5   correct  ->  5  == correct!
8984th result -> 0   correct  ->  0  == correct!
8985th result -> 7   correct  ->  7  == correct!
8986th result -> 8   correct  ->  8  == correct!
8987th result -> 1   correct  ->  1  == correct!
8988th result -> 5   correct  ->  5  == correct!
8989th result -> 1   correct  ->  1  == correct!
8990th result -> 4   correct  ->  4  == correct!
8991th result -> 6   correct  ->  6  == correct!
8992th result -> 0   correct  ->  0  == correct!
8993th result -> 0   correct  ->  0  == correct!
8994th result -> 4   correct  ->  4  == correct!
8995th result -> 9   correct  ->  9  == correct!
8996th result -> 1   correct  ->  1  == correct!
8997th result -> 6   correct  ->  6  == correct!
8998th result -> 6   correct  ->  6  == correct!
8999th result -> 9   correct  ->  9  == correct!
9000th result -> 0   correct  ->  0  == correct!
9001th result -> 7   correct  ->  7  == correct!
9002th result -> 6   correct  ->  6  == correct!
9003th result -> 1   correct  ->  1  == correct!
9004th result -> 1   correct  ->  1  == correct!
9005th result -> 0   correct  ->  0  == correct!
9006th result -> 1   correct  ->  1  == correct!
9007th result -> 2   correct  ->  2  == correct!
9008th result -> 3   correct  ->  3  == correct!
9009th result -> 4   correct  ->  4  == correct!
9010th result -> 2   correct  ->  7  == correct!
9011th result -> 8   correct  ->  2  == correct!
9012th result -> 3   correct  ->  3  == correct!
9013th result -> 4   correct  ->  4  == correct!
9014th result -> 5   correct  ->  5  == correct!
9015th result -> 6   correct  ->  6  == correct!
9016th result -> 2   correct  ->  7  == correct!
9017th result -> 0   correct  ->  0  == correct!
9018th result -> 1   correct  ->  1  == correct!
9019th result -> 2   correct  ->  2  == correct!
9020th result -> 2   correct  ->  7  == correct!
9021th result -> 8   correct  ->  8  == correct!
9022th result -> 6   correct  ->  6  == correct!
9023th result -> 3   correct  ->  3  == correct!
9024th result -> 9   correct  ->  9  == correct!
9025th result -> 2   correct  ->  7  == correct!
9026th result -> 1   correct  ->  1  == correct!
9027th result -> 9   correct  ->  9  == correct!
9028th result -> 3   correct  ->  3  == correct!
9029th result -> 9   correct  ->  9  == correct!
9030th result -> 6   correct  ->  6  == correct!
9031th result -> 1   correct  ->  1  == correct!
9032th result -> 7   correct  ->  7  == correct!
9033th result -> 2   correct  ->  2  == correct!
9034th result -> 4   correct  ->  4  == correct!
9035th result -> 4   correct  ->  4  == correct!
9036th result -> 5   correct  ->  5  == correct!
9037th result -> 2   correct  ->  7  == correct!
9038th result -> 0   correct  ->  0  == correct!
9039th result -> 0   correct  ->  0  == correct!
9040th result -> 1   correct  ->  1  == correct!
9041th result -> 6   correct  ->  6  == correct!
9042th result -> 6   correct  ->  6  == correct!
9043th result -> 8   correct  ->  8  == correct!
9044th result -> 2   correct  ->  2  == correct!
9045th result -> 7   correct  ->  7  == correct!
9046th result -> 7   correct  ->  7  == correct!
9047th result -> 2   correct  ->  2  == correct!
9048th result -> 4   correct  ->  4  == correct!
9049th result -> 2   correct  ->  2  == correct!
9050th result -> 1   correct  ->  1  == correct!
9051th result -> 6   correct  ->  6  == correct!
9052th result -> 1   correct  ->  1  == correct!
9053th result -> 0   correct  ->  0  == correct!
9054th result -> 6   correct  ->  6  == correct!
9055th result -> 9   correct  ->  9  == correct!
9056th result -> 8   correct  ->  8  == correct!
9057th result -> 3   correct  ->  3  == correct!
9058th result -> 9   correct  ->  9  == correct!
9059th result -> 6   correct  ->  6  == correct!
9060th result -> 3   correct  ->  3  == correct!
9061th result -> 0   correct  ->  0  == correct!
9062th result -> 1   correct  ->  1  == correct!
9063th result -> 2   correct  ->  2  == correct!
9064th result -> 3   correct  ->  3  == correct!
9065th result -> 4   correct  ->  4  == correct!
9066th result -> 5   correct  ->  5  == correct!
9067th result -> 6   correct  ->  6  == correct!
9068th result -> 7   correct  ->  7  == correct!
9069th result -> 8   correct  ->  8  == correct!
9070th result -> 9   correct  ->  9  == correct!
9071th result -> 0   correct  ->  0  == correct!
9072th result -> 8   correct  ->  1  == correct!
9073th result -> 2   correct  ->  2  == correct!
9074th result -> 3   correct  ->  3  == correct!
9075th result -> 4   correct  ->  4  == correct!
9076th result -> 5   correct  ->  5  == correct!
9077th result -> 6   correct  ->  6  == correct!
9078th result -> 7   correct  ->  7  == correct!
9079th result -> 8   correct  ->  8  == correct!
9080th result -> 9   correct  ->  9  == correct!
9081th result -> 0   correct  ->  0  == correct!
9082th result -> 1   correct  ->  1  == correct!
9083th result -> 2   correct  ->  2  == correct!
9084th result -> 3   correct  ->  3  == correct!
9085th result -> 4   correct  ->  4  == correct!
9086th result -> 5   correct  ->  5  == correct!
9087th result -> 6   correct  ->  6  == correct!
9088th result -> 7   correct  ->  7  == correct!
9089th result -> 8   correct  ->  8  == correct!
9090th result -> 9   correct  ->  9  == correct!
9091th result -> 1   correct  ->  1  == correct!
9092th result -> 6   correct  ->  6  == correct!
9093th result -> 8   correct  ->  8  == correct!
9094th result -> 9   correct  ->  9  == correct!
9095th result -> 9   correct  ->  9  == correct!
9096th result -> 0   correct  ->  0  == correct!
9097th result -> 1   correct  ->  1  == correct!
9098th result -> 2   correct  ->  2  == correct!
9099th result -> 4   correct  ->  4  == correct!
9100th result -> 4   correct  ->  4  == correct!
9101th result -> 3   correct  ->  3  == correct!
9102th result -> 7   correct  ->  7  == correct!
9103th result -> 4   correct  ->  4  == correct!
9104th result -> 4   correct  ->  4  == correct!
9105th result -> 4   correct  ->  4  == correct!
9106th result -> 0   correct  ->  0  == correct!
9107th result -> 3   correct  ->  3  == correct!
9108th result -> 8   correct  ->  8  == correct!
9109th result -> 7   correct  ->  7  == correct!
9110th result -> 5   correct  ->  5  == correct!
9111th result -> 8   correct  ->  8  == correct!
9112th result -> 2   correct  ->  2  == correct!
9113th result -> 1   correct  ->  1  == correct!
9114th result -> 7   correct  ->  7  == correct!
9115th result -> 5   correct  ->  5  == correct!
9116th result -> 3   correct  ->  3  == correct!
9117th result -> 8   correct  ->  8  == correct!
9118th result -> 5   correct  ->  5  == correct!
9119th result -> 2   correct  ->  2  == correct!
9120th result -> 5   correct  ->  5  == correct!
9121th result -> 1   correct  ->  1  == correct!
9122th result -> 1   correct  ->  1  == correct!
9123th result -> 6   correct  ->  6  == correct!
9124th result -> 2   correct  ->  2  == correct!
9125th result -> 1   correct  ->  1  == correct!
9126th result -> 3   correct  ->  3  == correct!
9127th result -> 8   correct  ->  8  == correct!
9128th result -> 6   correct  ->  6  == correct!
9129th result -> 4   correct  ->  4  == correct!
9130th result -> 2   correct  ->  2  == correct!
9131th result -> 6   correct  ->  6  == correct!
9132th result -> 2   correct  ->  2  == correct!
9133th result -> 5   correct  ->  5  == correct!
9134th result -> 5   correct  ->  5  == correct!
9135th result -> 0   correct  ->  0  == correct!
9136th result -> 2   correct  ->  2  == correct!
9137th result -> 8   correct  ->  8  == correct!
9138th result -> 0   correct  ->  0  == correct!
9139th result -> 6   correct  ->  6  == correct!
9140th result -> 8   correct  ->  8  == correct!
9141th result -> 1   correct  ->  1  == correct!
9142th result -> 7   correct  ->  7  == correct!
9143th result -> 9   correct  ->  9  == correct!
9144th result -> 1   correct  ->  1  == correct!
9145th result -> 9   correct  ->  9  == correct!
9146th result -> 2   correct  ->  2  == correct!
9147th result -> 6   correct  ->  6  == correct!
9148th result -> 7   correct  ->  7  == correct!
9149th result -> 6   correct  ->  6  == correct!
9150th result -> 6   correct  ->  6  == correct!
9151th result -> 8   correct  ->  8  == correct!
9152th result -> 7   correct  ->  7  == correct!
9153th result -> 4   correct  ->  4  == correct!
9154th result -> 9   correct  ->  9  == correct!
9155th result -> 2   correct  ->  2  == correct!
9156th result -> 1   correct  ->  1  == correct!
9157th result -> 3   correct  ->  3  == correct!
9158th result -> 3   correct  ->  3  == correct!
9159th result -> 0   correct  ->  0  == correct!
9160th result -> 5   correct  ->  5  == correct!
9161th result -> 5   correct  ->  5  == correct!
9162th result -> 8   correct  ->  8  == correct!
9163th result -> 0   correct  ->  0  == correct!
9164th result -> 3   correct  ->  3  == correct!
9165th result -> 7   correct  ->  7  == correct!
9166th result -> 9   correct  ->  9  == correct!
9167th result -> 7   correct  ->  7  == correct!
9168th result -> 0   correct  ->  0  == correct!
9169th result -> 2   correct  ->  2  == correct!
9170th result -> 7   correct  ->  7  == correct!
9171th result -> 9   correct  ->  9  == correct!
9172th result -> 1   correct  ->  1  == correct!
9173th result -> 7   correct  ->  7  == correct!
9174th result -> 8   correct  ->  8  == correct!
9175th result -> 0   correct  ->  0  == correct!
9176th result -> 3   correct  ->  3  == correct!
9177th result -> 5   correct  ->  5  == correct!
9178th result -> 3   correct  ->  3  == correct!
9179th result -> 6   correct  ->  6  == correct!
9180th result -> 0   correct  ->  0  == correct!
9181th result -> 1   correct  ->  1  == correct!
9182th result -> 2   correct  ->  2  == correct!
9183th result -> 3   correct  ->  3  == correct!
9184th result -> 4   correct  ->  4  == correct!
9185th result -> 5   correct  ->  5  == correct!
9186th result -> 6   correct  ->  6  == correct!
9187th result -> 7   correct  ->  7  == correct!
9188th result -> 8   correct  ->  8  == correct!
9189th result -> 9   correct  ->  9  == correct!
9190th result -> 0   correct  ->  0  == correct!
9191th result -> 1   correct  ->  1  == correct!
9192th result -> 2   correct  ->  2  == correct!
9193th result -> 3   correct  ->  3  == correct!
9194th result -> 4   correct  ->  4  == correct!
9195th result -> 5   correct  ->  5  == correct!
9196th result -> 6   correct  ->  6  == correct!
9197th result -> 7   correct  ->  7  == correct!
9198th result -> 8   correct  ->  8  == correct!
9199th result -> 9   correct  ->  9  == correct!
9200th result -> 0   correct  ->  0  == correct!
9201th result -> 1   correct  ->  1  == correct!
9202th result -> 2   correct  ->  2  == correct!
9203th result -> 3   correct  ->  3  == correct!
9204th result -> 4   correct  ->  4  == correct!
9205th result -> 7   correct  ->  7  == correct!
9206th result -> 8   correct  ->  8  == correct!
9207th result -> 9   correct  ->  9  == correct!
9208th result -> 6   correct  ->  6  == correct!
9209th result -> 4   correct  ->  4  == correct!
9210th result -> 2   correct  ->  2  == correct!
9211th result -> 6   correct  ->  6  == correct!
9212th result -> 4   correct  ->  4  == correct!
9213th result -> 7   correct  ->  7  == correct!
9214th result -> 8   correct  ->  8  == correct!
9215th result -> 9   correct  ->  9  == correct!
9216th result -> 2   correct  ->  2  == correct!
9217th result -> 9   correct  ->  9  == correct!
9218th result -> 3   correct  ->  3  == correct!
9219th result -> 9   correct  ->  9  == correct!
9220th result -> 3   correct  ->  3  == correct!
9221th result -> 0   correct  ->  0  == correct!
9222th result -> 0   correct  ->  0  == correct!
9223th result -> 1   correct  ->  1  == correct!
9224th result -> 0   correct  ->  0  == correct!
9225th result -> 4   correct  ->  4  == correct!
9226th result -> 2   correct  ->  2  == correct!
9227th result -> 6   correct  ->  6  == correct!
9228th result -> 3   correct  ->  3  == correct!
9229th result -> 5   correct  ->  5  == correct!
9230th result -> 3   correct  ->  3  == correct!
9231th result -> 0   correct  ->  0  == correct!
9232th result -> 3   correct  ->  3  == correct!
9233th result -> 4   correct  ->  4  == correct!
9234th result -> 1   correct  ->  1  == correct!
9235th result -> 5   correct  ->  5  == correct!
9236th result -> 3   correct  ->  3  == correct!
9237th result -> 0   correct  ->  0  == correct!
9238th result -> 8   correct  ->  8  == correct!
9239th result -> 3   correct  ->  3  == correct!
9240th result -> 0   correct  ->  0  == correct!
9241th result -> 6   correct  ->  6  == correct!
9242th result -> 1   correct  ->  1  == correct!
9243th result -> 7   correct  ->  7  == correct!
9244th result -> 8   correct  ->  8  == correct!
9245th result -> 0   correct  ->  0  == correct!
9246th result -> 9   correct  ->  9  == correct!
9247th result -> 2   correct  ->  2  == correct!
9248th result -> 6   correct  ->  6  == correct!
9249th result -> 7   correct  ->  7  == correct!
9250th result -> 1   correct  ->  1  == correct!
9251th result -> 9   correct  ->  9  == correct!
9252th result -> 6   correct  ->  6  == correct!
9253th result -> 9   correct  ->  9  == correct!
9254th result -> 4   correct  ->  4  == correct!
9255th result -> 9   correct  ->  9  == correct!
9256th result -> 9   correct  ->  9  == correct!
9257th result -> 6   correct  ->  6  == correct!
9258th result -> 7   correct  ->  7  == correct!
9259th result -> 1   correct  ->  1  == correct!
9260th result -> 2   correct  ->  2  == correct!
9261th result -> 5   correct  ->  5  == correct!
9262th result -> 3   correct  ->  3  == correct!
9263th result -> 7   correct  ->  7  == correct!
9264th result -> 8   correct  ->  8  == correct!
9265th result -> 0   correct  ->  0  == correct!
9266th result -> 1   correct  ->  1  == correct!
9267th result -> 2   correct  ->  2  == correct!
9268th result -> 4   correct  ->  4  == correct!
9269th result -> 5   correct  ->  5  == correct!
9270th result -> 6   correct  ->  6  == correct!
9271th result -> 7   correct  ->  7  == correct!
9272th result -> 8   correct  ->  8  == correct!
9273th result -> 9   correct  ->  9  == correct!
9274th result -> 0   correct  ->  0  == correct!
9275th result -> 1   correct  ->  1  == correct!
9276th result -> 3   correct  ->  3  == correct!
9277th result -> 4   correct  ->  4  == correct!
9278th result -> 5   correct  ->  5  == correct!
9279th result -> 6   correct  ->  6  == correct!
9280th result -> 7   correct  ->  7  == correct!
9281th result -> 5   correct  ->  8  == correct!
9282th result -> 0   correct  ->  0  == correct!
9283th result -> 1   correct  ->  1  == correct!
9284th result -> 3   correct  ->  3  == correct!
9285th result -> 4   correct  ->  4  == correct!
9286th result -> 7   correct  ->  7  == correct!
9287th result -> 8   correct  ->  8  == correct!
9288th result -> 9   correct  ->  9  == correct!
9289th result -> 7   correct  ->  7  == correct!
9290th result -> 5   correct  ->  5  == correct!
9291th result -> 5   correct  ->  5  == correct!
9292th result -> 1   correct  ->  1  == correct!
9293th result -> 9   correct  ->  9  == correct!
9294th result -> 9   correct  ->  9  == correct!
9295th result -> 7   correct  ->  7  == correct!
9296th result -> 1   correct  ->  1  == correct!
9297th result -> 0   correct  ->  0  == correct!
9298th result -> 0   correct  ->  0  == correct!
9299th result -> 5   correct  ->  5  == correct!
9300th result -> 9   correct  ->  9  == correct!
9301th result -> 7   correct  ->  7  == correct!
9302th result -> 1   correct  ->  1  == correct!
9303th result -> 7   correct  ->  7  == correct!
9304th result -> 2   correct  ->  2  == correct!
9305th result -> 2   correct  ->  2  == correct!
9306th result -> 3   correct  ->  3  == correct!
9307th result -> 6   correct  ->  6  == correct!
9308th result -> 8   correct  ->  8  == correct!
9309th result -> 3   correct  ->  3  == correct!
9310th result -> 2   correct  ->  2  == correct!
9311th result -> 0   correct  ->  0  == correct!
9312th result -> 0   correct  ->  0  == correct!
9313th result -> 6   correct  ->  6  == correct!
9314th result -> 1   correct  ->  1  == correct!
9315th result -> 7   correct  ->  7  == correct!
9316th result -> 5   correct  ->  5  == correct!
9317th result -> 8   correct  ->  8  == correct!
9318th result -> 6   correct  ->  6  == correct!
9319th result -> 2   correct  ->  2  == correct!
9320th result -> 9   correct  ->  9  == correct!
9321th result -> 4   correct  ->  4  == correct!
9322th result -> 8   correct  ->  8  == correct!
9323th result -> 8   correct  ->  8  == correct!
9324th result -> 7   correct  ->  7  == correct!
9325th result -> 1   correct  ->  1  == correct!
9326th result -> 0   correct  ->  0  == correct!
9327th result -> 8   correct  ->  8  == correct!
9328th result -> 7   correct  ->  7  == correct!
9329th result -> 7   correct  ->  7  == correct!
9330th result -> 5   correct  ->  5  == correct!
9331th result -> 8   correct  ->  8  == correct!
9332th result -> 5   correct  ->  5  == correct!
9333th result -> 3   correct  ->  3  == correct!
9334th result -> 4   correct  ->  4  == correct!
9335th result -> 6   correct  ->  6  == correct!
9336th result -> 1   correct  ->  1  == correct!
9337th result -> 1   correct  ->  1  == correct!
9338th result -> 5   correct  ->  5  == correct!
9339th result -> 5   correct  ->  5  == correct!
9340th result -> 0   correct  ->  0  == correct!
9341th result -> 7   correct  ->  7  == correct!
9342th result -> 2   correct  ->  2  == correct!
9343th result -> 3   correct  ->  3  == correct!
9344th result -> 6   correct  ->  6  == correct!
9345th result -> 4   correct  ->  4  == correct!
9346th result -> 1   correct  ->  1  == correct!
9347th result -> 2   correct  ->  2  == correct!
9348th result -> 4   correct  ->  4  == correct!
9349th result -> 1   correct  ->  1  == correct!
9350th result -> 5   correct  ->  5  == correct!
9351th result -> 4   correct  ->  4  == correct!
9352th result -> 2   correct  ->  2  == correct!
9353th result -> 0   correct  ->  0  == correct!
9354th result -> 4   correct  ->  4  == correct!
9355th result -> 8   correct  ->  8  == correct!
9356th result -> 6   correct  ->  6  == correct!
9357th result -> 1   correct  ->  1  == correct!
9358th result -> 9   correct  ->  9  == correct!
9359th result -> 0   correct  ->  0  == correct!
9360th result -> 2   correct  ->  2  == correct!
9361th result -> 5   correct  ->  5  == correct!
9362th result -> 6   correct  ->  6  == correct!
9363th result -> 9   correct  ->  9  == correct!
9364th result -> 3   correct  ->  3  == correct!
9365th result -> 6   correct  ->  6  == correct!
9366th result -> 3   correct  ->  3  == correct!
9367th result -> 6   correct  ->  6  == correct!
9368th result -> 0   correct  ->  0  == correct!
9369th result -> 1   correct  ->  1  == correct!
9370th result -> 2   correct  ->  2  == correct!
9371th result -> 3   correct  ->  3  == correct!
9372th result -> 4   correct  ->  4  == correct!
9373th result -> 5   correct  ->  5  == correct!
9374th result -> 6   correct  ->  6  == correct!
9375th result -> 7   correct  ->  7  == correct!
9376th result -> 8   correct  ->  8  == correct!
9377th result -> 9   correct  ->  9  == correct!
9378th result -> 0   correct  ->  0  == correct!
9379th result -> 1   correct  ->  1  == correct!
9380th result -> 2   correct  ->  2  == correct!
9381th result -> 3   correct  ->  3  == correct!
9382th result -> 4   correct  ->  4  == correct!
9383th result -> 5   correct  ->  5  == correct!
9384th result -> 6   correct  ->  6  == correct!
9385th result -> 7   correct  ->  7  == correct!
9386th result -> 8   correct  ->  8  == correct!
9387th result -> 9   correct  ->  9  == correct!
9388th result -> 0   correct  ->  0  == correct!
9389th result -> 1   correct  ->  1  == correct!
9390th result -> 2   correct  ->  2  == correct!
9391th result -> 3   correct  ->  3  == correct!
9392th result -> 5   correct  ->  5  == correct!
9393th result -> 6   correct  ->  6  == correct!
9394th result -> 7   correct  ->  7  == correct!
9395th result -> 8   correct  ->  8  == correct!
9396th result -> 1   correct  ->  1  == correct!
9397th result -> 0   correct  ->  0  == correct!
9398th result -> 9   correct  ->  9  == correct!
9399th result -> 5   correct  ->  5  == correct!
9400th result -> 7   correct  ->  7  == correct!
9401th result -> 5   correct  ->  5  == correct!
9402th result -> 1   correct  ->  1  == correct!
9403th result -> 8   correct  ->  8  == correct!
9404th result -> 6   correct  ->  6  == correct!
9405th result -> 9   correct  ->  9  == correct!
9406th result -> 0   correct  ->  0  == correct!
9407th result -> 4   correct  ->  4  == correct!
9408th result -> 1   correct  ->  1  == correct!
9409th result -> 9   correct  ->  9  == correct!
9410th result -> 3   correct  ->  3  == correct!
9411th result -> 8   correct  ->  8  == correct!
9412th result -> 4   correct  ->  4  == correct!
9413th result -> 4   correct  ->  4  == correct!
9414th result -> 7   correct  ->  7  == correct!
9415th result -> 0   correct  ->  0  == correct!
9416th result -> 1   correct  ->  1  == correct!
9417th result -> 9   correct  ->  9  == correct!
9418th result -> 2   correct  ->  2  == correct!
9419th result -> 8   correct  ->  8  == correct!
9420th result -> 7   correct  ->  7  == correct!
9421th result -> 8   correct  ->  8  == correct!
9422th result -> 2   correct  ->  2  == correct!
9423th result -> 5   correct  ->  5  == correct!
9424th result -> 9   correct  ->  9  == correct!
9425th result -> 6   correct  ->  6  == correct!
9426th result -> 0   correct  ->  0  == correct!
9427th result -> 6   correct  ->  6  == correct!
9428th result -> 5   correct  ->  5  == correct!
9429th result -> 5   correct  ->  5  == correct!
9430th result -> 3   correct  ->  3  == correct!
9431th result -> 3   correct  ->  3  == correct!
9432th result -> 3   correct  ->  3  == correct!
9433th result -> 9   correct  ->  9  == correct!
9434th result -> 8   correct  ->  8  == correct!
9435th result -> 1   correct  ->  1  == correct!
9436th result -> 1   correct  ->  1  == correct!
9437th result -> 0   correct  ->  0  == correct!
9438th result -> 6   correct  ->  6  == correct!
9439th result -> 1   correct  ->  1  == correct!
9440th result -> 0   correct  ->  0  == correct!
9441th result -> 0   correct  ->  0  == correct!
9442th result -> 6   correct  ->  6  == correct!
9443th result -> 2   correct  ->  2  == correct!
9444th result -> 1   correct  ->  1  == correct!
9445th result -> 1   correct  ->  1  == correct!
9446th result -> 3   correct  ->  3  == correct!
9447th result -> 2   correct  ->  2  == correct!
9448th result -> 7   correct  ->  7  == correct!
9449th result -> 7   correct  ->  7  == correct!
9450th result -> 8   correct  ->  8  == correct!
9451th result -> 8   correct  ->  8  == correct!
9452th result -> 7   correct  ->  7  == correct!
9453th result -> 8   correct  ->  8  == correct!
9454th result -> 4   correct  ->  4  == correct!
9455th result -> 6   correct  ->  6  == correct!
9456th result -> 0   correct  ->  0  == correct!
9457th result -> 2   correct  ->  2  == correct!
9458th result -> 0   correct  ->  0  == correct!
9459th result -> 7   correct  ->  7  == correct!
9460th result -> 0   correct  ->  0  == correct!
9461th result -> 3   correct  ->  3  == correct!
9462th result -> 6   correct  ->  6  == correct!
9463th result -> 8   correct  ->  8  == correct!
9464th result -> 7   correct  ->  7  == correct!
9465th result -> 1   correct  ->  1  == correct!
9466th result -> 3   correct  ->  5  == correct!
9467th result -> 9   correct  ->  9  == correct!
9468th result -> 9   correct  ->  9  == correct!
9469th result -> 3   correct  ->  3  == correct!
9470th result -> 7   correct  ->  7  == correct!
9471th result -> 2   correct  ->  2  == correct!
9472th result -> 4   correct  ->  4  == correct!
9473th result -> 9   correct  ->  9  == correct!
9474th result -> 4   correct  ->  4  == correct!
9475th result -> 3   correct  ->  3  == correct!
9476th result -> 6   correct  ->  6  == correct!
9477th result -> 2   correct  ->  2  == correct!
9478th result -> 2   correct  ->  2  == correct!
9479th result -> 5   correct  ->  5  == correct!
9480th result -> 3   correct  ->  3  == correct!
9481th result -> 2   correct  ->  2  == correct!
9482th result -> 5   correct  ->  5  == correct!
9483th result -> 3   correct  ->  5  == correct!
9484th result -> 9   correct  ->  9  == correct!
9485th result -> 4   correct  ->  4  == correct!
9486th result -> 1   correct  ->  1  == correct!
9487th result -> 7   correct  ->  7  == correct!
9488th result -> 2   correct  ->  2  == correct!
9489th result -> 0   correct  ->  0  == correct!
9490th result -> 1   correct  ->  1  == correct!
9491th result -> 2   correct  ->  2  == correct!
9492th result -> 3   correct  ->  3  == correct!
9493th result -> 4   correct  ->  4  == correct!
9494th result -> 5   correct  ->  5  == correct!
9495th result -> 6   correct  ->  6  == correct!
9496th result -> 7   correct  ->  7  == correct!
9497th result -> 8   correct  ->  8  == correct!
9498th result -> 9   correct  ->  9  == correct!
9499th result -> 0   correct  ->  0  == correct!
9500th result -> 1   correct  ->  1  == correct!
9501th result -> 2   correct  ->  2  == correct!
9502th result -> 3   correct  ->  3  == correct!
9503th result -> 4   correct  ->  4  == correct!
9504th result -> 5   correct  ->  5  == correct!
9505th result -> 6   correct  ->  6  == correct!
9506th result -> 7   correct  ->  7  == correct!
9507th result -> 8   correct  ->  8  == correct!
9508th result -> 9   correct  ->  9  == correct!
9509th result -> 0   correct  ->  0  == correct!
9510th result -> 1   correct  ->  1  == correct!
9511th result -> 2   correct  ->  2  == correct!
9512th result -> 3   correct  ->  3  == correct!
9513th result -> 4   correct  ->  4  == correct!
9514th result -> 5   correct  ->  5  == correct!
9515th result -> 6   correct  ->  6  == correct!
9516th result -> 7   correct  ->  7  == correct!
9517th result -> 8   correct  ->  8  == correct!
9518th result -> 9   correct  ->  9  == correct!
9519th result -> 1   correct  ->  1  == correct!
9520th result -> 0   correct  ->  0  == correct!
9521th result -> 1   correct  ->  1  == correct!
9522th result -> 2   correct  ->  2  == correct!
9523th result -> 7   correct  ->  7  == correct!
9524th result -> 5   correct  ->  5  == correct!
9525th result -> 3   correct  ->  3  == correct!
9526th result -> 4   correct  ->  4  == correct!
9527th result -> 4   correct  ->  4  == correct!
9528th result -> 0   correct  ->  0  == correct!
9529th result -> 0   correct  ->  0  == correct!
9530th result -> 6   correct  ->  6  == correct!
9531th result -> 9   correct  ->  9  == correct!
9532th result -> 6   correct  ->  6  == correct!
9533th result -> 6   correct  ->  6  == correct!
9534th result -> 5   correct  ->  5  == correct!
9535th result -> 7   correct  ->  7  == correct!
9536th result -> 2   correct  ->  2  == correct!
9537th result -> 3   correct  ->  3  == correct!
9538th result -> 4   correct  ->  4  == correct!
9539th result -> 4   correct  ->  4  == correct!
9540th result -> 9   correct  ->  9  == correct!
9541th result -> 1   correct  ->  1  == correct!
9542th result -> 4   correct  ->  4  == correct!
9543th result -> 0   correct  ->  0  == correct!
9544th result -> 7   correct  ->  7  == correct!
9545th result -> 9   correct  ->  9  == correct!
9546th result -> 5   correct  ->  5  == correct!
9547th result -> 7   correct  ->  7  == correct!
9548th result -> 2   correct  ->  2  == correct!
9549th result -> 3   correct  ->  3  == correct!
9550th result -> 1   correct  ->  1  == correct!
9551th result -> 4   correct  ->  4  == correct!
9552th result -> 4   correct  ->  4  == correct!
9553th result -> 0   correct  ->  0  == correct!
9554th result -> 9   correct  ->  9  == correct!
9555th result -> 9   correct  ->  9  == correct!
9556th result -> 6   correct  ->  6  == correct!
9557th result -> 1   correct  ->  1  == correct!
9558th result -> 8   correct  ->  8  == correct!
9559th result -> 3   correct  ->  3  == correct!
9560th result -> 3   correct  ->  3  == correct!
9561th result -> 7   correct  ->  7  == correct!
9562th result -> 3   correct  ->  3  == correct!
9563th result -> 9   correct  ->  9  == correct!
9564th result -> 8   correct  ->  8  == correct!
9565th result -> 8   correct  ->  8  == correct!
9566th result -> 4   correct  ->  4  == correct!
9567th result -> 7   correct  ->  7  == correct!
9568th result -> 7   correct  ->  7  == correct!
9569th result -> 6   correct  ->  6  == correct!
9570th result -> 2   correct  ->  2  == correct!
9571th result -> 1   correct  ->  1  == correct!
9572th result -> 9   correct  ->  9  == correct!
9573th result -> 8   correct  ->  8  == correct!
9574th result -> 7   correct  ->  7  == correct!
9575th result -> 8   correct  ->  8  == correct!
9576th result -> 8   correct  ->  8  == correct!
9577th result -> 7   correct  ->  7  == correct!
9578th result -> 2   correct  ->  2  == correct!
9579th result -> 2   correct  ->  2  == correct!
9580th result -> 3   correct  ->  3  == correct!
9581th result -> 9   correct  ->  9  == correct!
9582th result -> 3   correct  ->  3  == correct!
9583th result -> 3   correct  ->  3  == correct!
9584th result -> 5   correct  ->  5  == correct!
9585th result -> 5   correct  ->  5  == correct!
9586th result -> 0   correct  ->  0  == correct!
9587th result -> 7   correct  ->  7  == correct!
9588th result -> 4   correct  ->  9  == correct!
9589th result -> 5   correct  ->  5  == correct!
9590th result -> 6   correct  ->  6  == correct!
9591th result -> 5   correct  ->  5  == correct!
9592th result -> 1   correct  ->  1  == correct!
9593th result -> 4   correct  ->  4  == correct!
9594th result -> 1   correct  ->  1  == correct!
9595th result -> 1   correct  ->  1  == correct!
9596th result -> 2   correct  ->  2  == correct!
9597th result -> 8   correct  ->  8  == correct!
9598th result -> 2   correct  ->  2  == correct!
9599th result -> 6   correct  ->  6  == correct!
9600th result -> 1   correct  ->  1  == correct!
9601th result -> 5   correct  ->  5  == correct!
9602th result -> 0   correct  ->  0  == correct!
9603th result -> 1   correct  ->  1  == correct!
9604th result -> 2   correct  ->  2  == correct!
9605th result -> 3   correct  ->  3  == correct!
9606th result -> 4   correct  ->  4  == correct!
9607th result -> 5   correct  ->  5  == correct!
9608th result -> 6   correct  ->  6  == correct!
9609th result -> 7   correct  ->  7  == correct!
9610th result -> 8   correct  ->  8  == correct!
9611th result -> 9   correct  ->  9  == correct!
9612th result -> 0   correct  ->  0  == correct!
9613th result -> 1   correct  ->  1  == correct!
9614th result -> 2   correct  ->  2  == correct!
9615th result -> 3   correct  ->  3  == correct!
9616th result -> 4   correct  ->  4  == correct!
9617th result -> 5   correct  ->  5  == correct!
9618th result -> 6   correct  ->  6  == correct!
9619th result -> 7   correct  ->  7  == correct!
9620th result -> 8   correct  ->  8  == correct!
9621th result -> 9   correct  ->  9  == correct!
9622th result -> 0   correct  ->  0  == correct!
9623th result -> 1   correct  ->  1  == correct!
9624th result -> 2   correct  ->  2  == correct!
9625th result -> 8   correct  ->  3  == correct!
9626th result -> 4   correct  ->  4  == correct!
9627th result -> 5   correct  ->  5  == correct!
9628th result -> 6   correct  ->  6  == correct!
9629th result -> 7   correct  ->  7  == correct!
9630th result -> 8   correct  ->  8  == correct!
9631th result -> 8   correct  ->  8  == correct!
9632th result -> 0   correct  ->  0  == correct!
9633th result -> 6   correct  ->  6  == correct!
9634th result -> 0   correct  ->  0  == correct!
9635th result -> 3   correct  ->  0  == correct!
9636th result -> 2   correct  ->  2  == correct!
9637th result -> 3   correct  ->  3  == correct!
9638th result -> 7   correct  ->  7  == correct!
9639th result -> 9   correct  ->  9  == correct!
9640th result -> 4   correct  ->  4  == correct!
9641th result -> 7   correct  ->  7  == correct!
9642th result -> 1   correct  ->  1  == correct!
9643th result -> 7   correct  ->  9  == correct!
9644th result -> 1   correct  ->  1  == correct!
9645th result -> 7   correct  ->  7  == correct!
9646th result -> 1   correct  ->  1  == correct!
9647th result -> 4   correct  ->  4  == correct!
9648th result -> 0   correct  ->  0  == correct!
9649th result -> 0   correct  ->  0  == correct!
9650th result -> 1   correct  ->  1  == correct!
9651th result -> 7   correct  ->  7  == correct!
9652th result -> 5   correct  ->  5  == correct!
9653th result -> 7   correct  ->  7  == correct!
9654th result -> 1   correct  ->  1  == correct!
9655th result -> 3   correct  ->  3  == correct!
9656th result -> 3   correct  ->  3  == correct!
9657th result -> 3   correct  ->  3  == correct!
9658th result -> 1   correct  ->  1  == correct!
9659th result -> 6   correct  ->  6  == correct!
9660th result -> 9   correct  ->  9  == correct!
9661th result -> 7   correct  ->  7  == correct!
9662th result -> 1   correct  ->  1  == correct!
9663th result -> 3   correct  ->  3  == correct!
9664th result -> 0   correct  ->  0  == correct!
9665th result -> 7   correct  ->  2  == correct!
9666th result -> 6   correct  ->  6  == correct!
9667th result -> 0   correct  ->  0  == correct!
9668th result -> 8   correct  ->  8  == correct!
9669th result -> 9   correct  ->  9  == correct!
9670th result -> 4   correct  ->  4  == correct!
9671th result -> 3   correct  ->  3  == correct!
9672th result -> 5   correct  ->  5  == correct!
9673th result -> 4   correct  ->  4  == correct!
9674th result -> 8   correct  ->  8  == correct!
9675th result -> 1   correct  ->  1  == correct!
9676th result -> 5   correct  ->  5  == correct!
9677th result -> 9   correct  ->  9  == correct!
9678th result -> 0   correct  ->  0  == correct!
9679th result -> 6   correct  ->  6  == correct!
9680th result -> 3   correct  ->  6  == correct!
9681th result -> 3   correct  ->  3  == correct!
9682th result -> 8   correct  ->  8  == correct!
9683th result -> 1   correct  ->  1  == correct!
9684th result -> 4   correct  ->  4  == correct!
9685th result -> 7   correct  ->  7  == correct!
9686th result -> 5   correct  ->  5  == correct!
9687th result -> 2   correct  ->  2  == correct!
9688th result -> 0   correct  ->  0  == correct!
9689th result -> 0   correct  ->  0  == correct!
9690th result -> 1   correct  ->  1  == correct!
9691th result -> 7   correct  ->  7  == correct!
9692th result -> 8   correct  ->  8  == correct!
9693th result -> 7   correct  ->  9  == correct!
9694th result -> 6   correct  ->  6  == correct!
9695th result -> 8   correct  ->  8  == correct!
9696th result -> 8   correct  ->  8  == correct!
9697th result -> 2   correct  ->  2  == correct!
9698th result -> 3   correct  ->  3  == correct!
9699th result -> 5   correct  ->  6  == correct!
9700th result -> 1   correct  ->  1  == correct!
9701th result -> 8   correct  ->  2  == correct!
9702th result -> 9   correct  ->  9  == correct!
9703th result -> 5   correct  ->  5  == correct!
9704th result -> 2   correct  ->  2  == correct!
9705th result -> 0   correct  ->  0  == correct!
9706th result -> 1   correct  ->  1  == correct!
9707th result -> 2   correct  ->  2  == correct!
9708th result -> 3   correct  ->  3  == correct!
9709th result -> 4   correct  ->  4  == correct!
9710th result -> 5   correct  ->  5  == correct!
9711th result -> 6   correct  ->  6  == correct!
9712th result -> 7   correct  ->  7  == correct!
9713th result -> 8   correct  ->  8  == correct!
9714th result -> 9   correct  ->  9  == correct!
9715th result -> 0   correct  ->  0  == correct!
9716th result -> 1   correct  ->  1  == correct!
9717th result -> 0   correct  ->  2  == correct!
9718th result -> 3   correct  ->  3  == correct!
9719th result -> 4   correct  ->  4  == correct!
9720th result -> 5   correct  ->  5  == correct!
9721th result -> 6   correct  ->  6  == correct!
9722th result -> 7   correct  ->  7  == correct!
9723th result -> 8   correct  ->  8  == correct!
9724th result -> 9   correct  ->  9  == correct!
9725th result -> 0   correct  ->  0  == correct!
9726th result -> 1   correct  ->  1  == correct!
9727th result -> 2   correct  ->  2  == correct!
9728th result -> 3   correct  ->  3  == correct!
9729th result -> 4   correct  ->  4  == correct!
9730th result -> 6   correct  ->  5  == correct!
9731th result -> 6   correct  ->  6  == correct!
9732th result -> 7   correct  ->  7  == correct!
9733th result -> 8   correct  ->  8  == correct!
9734th result -> 9   correct  ->  9  == correct!
9735th result -> 7   correct  ->  7  == correct!
9736th result -> 4   correct  ->  4  == correct!
9737th result -> 6   correct  ->  6  == correct!
9738th result -> 1   correct  ->  1  == correct!
9739th result -> 4   correct  ->  4  == correct!
9740th result -> 0   correct  ->  0  == correct!
9741th result -> 9   correct  ->  9  == correct!
9742th result -> 7   correct  ->  9  == correct!
9743th result -> 3   correct  ->  3  == correct!
9744th result -> 7   correct  ->  7  == correct!
9745th result -> 1   correct  ->  8  == correct!
9746th result -> 2   correct  ->  4  == correct!
9747th result -> 7   correct  ->  7  == correct!
9748th result -> 5   correct  ->  5  == correct!
9749th result -> 8   correct  ->  8  == correct!
9750th result -> 5   correct  ->  5  == correct!
9751th result -> 3   correct  ->  3  == correct!
9752th result -> 2   correct  ->  2  == correct!
9753th result -> 2   correct  ->  2  == correct!
9754th result -> 0   correct  ->  0  == correct!
9755th result -> 5   correct  ->  5  == correct!
9756th result -> 8   correct  ->  8  == correct!
9757th result -> 6   correct  ->  6  == correct!
9758th result -> 0   correct  ->  0  == correct!
9759th result -> 3   correct  ->  3  == correct!
9760th result -> 8   correct  ->  8  == correct!
9761th result -> 1   correct  ->  1  == correct!
9762th result -> 0   correct  ->  0  == correct!
9763th result -> 3   correct  ->  3  == correct!
9764th result -> 0   correct  ->  0  == correct!
9765th result -> 4   correct  ->  4  == correct!
9766th result -> 7   correct  ->  7  == correct!
9767th result -> 4   correct  ->  4  == correct!
9768th result -> 9   correct  ->  9  == correct!
9769th result -> 0   correct  ->  2  == correct!
9770th result -> 9   correct  ->  9  == correct!
9771th result -> 0   correct  ->  5  == correct!
9772th result -> 7   correct  ->  7  == correct!
9773th result -> 1   correct  ->  1  == correct!
9774th result -> 7   correct  ->  7  == correct!
9775th result -> 1   correct  ->  1  == correct!
9776th result -> 6   correct  ->  6  == correct!
9777th result -> 6   correct  ->  6  == correct!
9778th result -> 5   correct  ->  5  == correct!
9779th result -> 6   correct  ->  6  == correct!
9780th result -> 0   correct  ->  2  == correct!
9781th result -> 8   correct  ->  8  == correct!
9782th result -> 7   correct  ->  7  == correct!
9783th result -> 6   correct  ->  6  == correct!
9784th result -> 4   correct  ->  4  == correct!
9785th result -> 9   correct  ->  9  == correct!
9786th result -> 9   correct  ->  9  == correct!
9787th result -> 5   correct  ->  5  == correct!
9788th result -> 3   correct  ->  3  == correct!
9789th result -> 7   correct  ->  7  == correct!
9790th result -> 4   correct  ->  4  == correct!
9791th result -> 3   correct  ->  3  == correct!
9792th result -> 0   correct  ->  0  == correct!
9793th result -> 4   correct  ->  4  == correct!
9794th result -> 6   correct  ->  6  == correct!
9795th result -> 6   correct  ->  6  == correct!
9796th result -> 1   correct  ->  1  == correct!
9797th result -> 1   correct  ->  1  == correct!
9798th result -> 3   correct  ->  3  == correct!
9799th result -> 2   correct  ->  2  == correct!
9800th result -> 1   correct  ->  1  == correct!
9801th result -> 0   correct  ->  0  == correct!
9802th result -> 0   correct  ->  0  == correct!
9803th result -> 1   correct  ->  1  == correct!
9804th result -> 2   correct  ->  2  == correct!
9805th result -> 3   correct  ->  3  == correct!
9806th result -> 4   correct  ->  4  == correct!
9807th result -> 7   correct  ->  7  == correct!
9808th result -> 8   correct  ->  8  == correct!
9809th result -> 9   correct  ->  9  == correct!
9810th result -> 0   correct  ->  0  == correct!
9811th result -> 1   correct  ->  1  == correct!
9812th result -> 8   correct  ->  2  == correct!
9813th result -> 3   correct  ->  3  == correct!
9814th result -> 4   correct  ->  4  == correct!
9815th result -> 5   correct  ->  5  == correct!
9816th result -> 6   correct  ->  6  == correct!
9817th result -> 7   correct  ->  7  == correct!
9818th result -> 8   correct  ->  8  == correct!
9819th result -> 0   correct  ->  0  == correct!
9820th result -> 1   correct  ->  1  == correct!
9821th result -> 2   correct  ->  2  == correct!
9822th result -> 3   correct  ->  3  == correct!
9823th result -> 4   correct  ->  4  == correct!
9824th result -> 7   correct  ->  7  == correct!
9825th result -> 8   correct  ->  8  == correct!
9826th result -> 9   correct  ->  9  == correct!
9827th result -> 0   correct  ->  0  == correct!
9828th result -> 8   correct  ->  8  == correct!
9829th result -> 3   correct  ->  3  == correct!
9830th result -> 9   correct  ->  9  == correct!
9831th result -> 5   correct  ->  5  == correct!
9832th result -> 5   correct  ->  5  == correct!
9833th result -> 8   correct  ->  2  == correct!
9834th result -> 6   correct  ->  6  == correct!
9835th result -> 8   correct  ->  8  == correct!
9836th result -> 4   correct  ->  4  == correct!
9837th result -> 1   correct  ->  1  == correct!
9838th result -> 7   correct  ->  7  == correct!
9839th result -> 1   correct  ->  1  == correct!
9840th result -> 7   correct  ->  2  == correct!
9841th result -> 3   correct  ->  3  == correct!
9842th result -> 5   correct  ->  5  == correct!
9843th result -> 6   correct  ->  6  == correct!
9844th result -> 9   correct  ->  9  == correct!
9845th result -> 1   correct  ->  1  == correct!
9846th result -> 1   correct  ->  1  == correct!
9847th result -> 1   correct  ->  1  == correct!
9848th result -> 2   correct  ->  2  == correct!
9849th result -> 1   correct  ->  1  == correct!
9850th result -> 2   correct  ->  2  == correct!
9851th result -> 0   correct  ->  0  == correct!
9852th result -> 7   correct  ->  7  == correct!
9853th result -> 7   correct  ->  7  == correct!
9854th result -> 5   correct  ->  5  == correct!
9855th result -> 8   correct  ->  8  == correct!
9856th result -> 2   correct  ->  2  == correct!
9857th result -> 5   correct  ->  9  == correct!
9858th result -> 8   correct  ->  8  == correct!
9859th result -> 6   correct  ->  6  == correct!
9860th result -> 7   correct  ->  7  == correct!
9861th result -> 3   correct  ->  3  == correct!
9862th result -> 4   correct  ->  4  == correct!
9863th result -> 6   correct  ->  6  == correct!
9864th result -> 8   correct  ->  8  == correct!
9865th result -> 7   correct  ->  7  == correct!
9866th result -> 0   correct  ->  0  == correct!
9867th result -> 4   correct  ->  4  == correct!
9868th result -> 8   correct  ->  2  == correct!
9869th result -> 7   correct  ->  7  == correct!
9870th result -> 7   correct  ->  7  == correct!
9871th result -> 5   correct  ->  5  == correct!
9872th result -> 4   correct  ->  4  == correct!
9873th result -> 3   correct  ->  3  == correct!
9874th result -> 4   correct  ->  4  == correct!
9875th result -> 2   correct  ->  2  == correct!
9876th result -> 8   correct  ->  8  == correct!
9877th result -> 1   correct  ->  1  == correct!
9878th result -> 5   correct  ->  5  == correct!
9879th result -> 1   correct  ->  1  == correct!
9880th result -> 2   correct  ->  0  == correct!
9881th result -> 2   correct  ->  2  == correct!
9882th result -> 3   correct  ->  3  == correct!
9883th result -> 3   correct  ->  3  == correct!
9884th result -> 6   correct  ->  5  == correct!
9885th result -> 7   correct  ->  7  == correct!
9886th result -> 0   correct  ->  0  == correct!
9887th result -> 6   correct  ->  6  == correct!
9888th result -> 8   correct  ->  8  == correct!
9889th result -> 0   correct  ->  6  == correct!
9890th result -> 3   correct  ->  3  == correct!
9891th result -> 9   correct  ->  9  == correct!
9892th result -> 9   correct  ->  9  == correct!
9893th result -> 6   correct  ->  8  == correct!
9894th result -> 8   correct  ->  2  == correct!
9895th result -> 7   correct  ->  7  == correct!
9896th result -> 7   correct  ->  7  == correct!
9897th result -> 1   correct  ->  1  == correct!
9898th result -> 0   correct  ->  0  == correct!
9899th result -> 1   correct  ->  1  == correct!
9900th result -> 7   correct  ->  7  == correct!
9901th result -> 8   correct  ->  8  == correct!
9902th result -> 9   correct  ->  9  == correct!
9903th result -> 0   correct  ->  0  == correct!
9904th result -> 1   correct  ->  1  == correct!
9905th result -> 2   correct  ->  2  == correct!
9906th result -> 9   correct  ->  3  == correct!
9907th result -> 4   correct  ->  4  == correct!
9908th result -> 5   correct  ->  5  == correct!
9909th result -> 6   correct  ->  6  == correct!
9910th result -> 7   correct  ->  7  == correct!
9911th result -> 8   correct  ->  8  == correct!
9912th result -> 0   correct  ->  0  == correct!
9913th result -> 1   correct  ->  1  == correct!
9914th result -> 2   correct  ->  2  == correct!
9915th result -> 3   correct  ->  3  == correct!
9916th result -> 4   correct  ->  4  == correct!
9917th result -> 7   correct  ->  7  == correct!
9918th result -> 8   correct  ->  8  == correct!
9919th result -> 9   correct  ->  9  == correct!
9920th result -> 7   correct  ->  7  == correct!
9921th result -> 8   correct  ->  8  == correct!
9922th result -> 6   correct  ->  6  == correct!
9923th result -> 4   correct  ->  4  == correct!
9924th result -> 1   correct  ->  1  == correct!
9925th result -> 9   correct  ->  9  == correct!
9926th result -> 3   correct  ->  3  == correct!
9927th result -> 8   correct  ->  8  == correct!
9928th result -> 4   correct  ->  4  == correct!
9929th result -> 4   correct  ->  4  == correct!
9930th result -> 7   correct  ->  7  == correct!
9931th result -> 0   correct  ->  0  == correct!
9932th result -> 1   correct  ->  1  == correct!
9933th result -> 9   correct  ->  9  == correct!
9934th result -> 2   correct  ->  2  == correct!
9935th result -> 8   correct  ->  8  == correct!
9936th result -> 7   correct  ->  7  == correct!
9937th result -> 8   correct  ->  8  == correct!
9938th result -> 2   correct  ->  2  == correct!
9939th result -> 6   correct  ->  6  == correct!
9940th result -> 0   correct  ->  0  == correct!
9941th result -> 6   correct  ->  6  == correct!
9942th result -> 6   correct  ->  5  == correct!
9943th result -> 3   correct  ->  3  == correct!
9944th result -> 8   correct  ->  3  == correct!
9945th result -> 8   correct  ->  3  == correct!
9946th result -> 9   correct  ->  9  == correct!
9947th result -> 1   correct  ->  1  == correct!
9948th result -> 4   correct  ->  4  == correct!
9949th result -> 0   correct  ->  0  == correct!
9950th result -> 6   correct  ->  6  == correct!
9951th result -> 1   correct  ->  1  == correct!
9952th result -> 0   correct  ->  0  == correct!
9953th result -> 0   correct  ->  0  == correct!
9954th result -> 6   correct  ->  6  == correct!
9955th result -> 2   correct  ->  2  == correct!
9956th result -> 1   correct  ->  1  == correct!
9957th result -> 1   correct  ->  1  == correct!
9958th result -> 7   correct  ->  7  == correct!
9959th result -> 7   correct  ->  7  == correct!
9960th result -> 8   correct  ->  8  == correct!
9961th result -> 4   correct  ->  4  == correct!
9962th result -> 6   correct  ->  6  == correct!
9963th result -> 0   correct  ->  0  == correct!
9964th result -> 7   correct  ->  7  == correct!
9965th result -> 0   correct  ->  0  == correct!
9966th result -> 3   correct  ->  3  == correct!
9967th result -> 6   correct  ->  6  == correct!
9968th result -> 8   correct  ->  8  == correct!
9969th result -> 7   correct  ->  7  == correct!
9970th result -> 1   correct  ->  1  == correct!
9971th result -> 3   correct  ->  5  == correct!
9972th result -> 2   correct  ->  2  == correct!
9973th result -> 4   correct  ->  4  == correct!
9974th result -> 9   correct  ->  9  == correct!
9975th result -> 4   correct  ->  4  == correct!
9976th result -> 2   correct  ->  3  == correct!
9977th result -> 6   correct  ->  6  == correct!
9978th result -> 4   correct  ->  4  == correct!
9979th result -> 1   correct  ->  1  == correct!
9980th result -> 7   correct  ->  7  == correct!
9981th result -> 2   correct  ->  2  == correct!
9982th result -> 6   correct  ->  6  == correct!
9983th result -> 6   correct  ->  5  == correct!
9984th result -> 0   correct  ->  0  == correct!
9985th result -> 1   correct  ->  1  == correct!
9986th result -> 2   correct  ->  2  == correct!
9987th result -> 3   correct  ->  3  == correct!
9988th result -> 4   correct  ->  4  == correct!
9989th result -> 5   correct  ->  5  == correct!
9990th result -> 6   correct  ->  6  == correct!
9991th result -> 7   correct  ->  7  == correct!
9992th result -> 8   correct  ->  8  == correct!
9993th result -> 9   correct  ->  9  == correct!
9994th result -> 0   correct  ->  0  == correct!
9995th result -> 1   correct  ->  1  == correct!
9996th result -> 2   correct  ->  2  == correct!
9997th result -> 3   correct  ->  3  == correct!
9998th result -> 4   correct  ->  4  == correct!
9999th result -> 5   correct  ->  5  == correct!
10000th result -> 6   correct  ->  6  == correct!
error rate -> 3.80 
